<?xml version="1.0"?>
<link_info>
   <banner>MSP430 Linker PC v4.1.5</banner>
   <copyright>Copyright (c) 2003-2013 Texas Instruments Incorporated</copyright>
   <link_time>0x525187f7</link_time>
   <output_file>TE-CC430EV-868-Star.out</output_file>
   <entry_point>
      <name>_c_int00</name>
      <address>0xa69e</address>
   </entry_point>
   <input_file_list>
      <input_file id="fl-2">
         <path>.\Components\bsp\</path>
         <kind>object</kind>
         <file>bsp.obj</file>
         <name>bsp.obj</name>
      </input_file>
      <input_file id="fl-3">
         <path>.\Components\mrfi\</path>
         <kind>object</kind>
         <file>mrfi.obj</file>
         <name>mrfi.obj</name>
      </input_file>
      <input_file id="fl-4">
         <path>.\Components\simpliciti\nwk\</path>
         <kind>object</kind>
         <file>nwk_globals.obj</file>
         <name>nwk_globals.obj</name>
      </input_file>
      <input_file id="fl-5">
         <path>.\Components\simpliciti\nwk\</path>
         <kind>object</kind>
         <file>nwk_frame.obj</file>
         <name>nwk_frame.obj</name>
      </input_file>
      <input_file id="fl-6">
         <path>.\Components\simpliciti\nwk\</path>
         <kind>object</kind>
         <file>nwk_api.obj</file>
         <name>nwk_api.obj</name>
      </input_file>
      <input_file id="fl-7">
         <path>.\Components\simpliciti\nwk\</path>
         <kind>object</kind>
         <file>nwk_QMgmt.obj</file>
         <name>nwk_QMgmt.obj</name>
      </input_file>
      <input_file id="fl-8">
         <path>.\Components\simpliciti\nwk\</path>
         <kind>object</kind>
         <file>nwk.obj</file>
         <name>nwk.obj</name>
      </input_file>
      <input_file id="fl-9">
         <path>.\Components\simpliciti\nwk_applications\</path>
         <kind>object</kind>
         <file>nwk_security.obj</file>
         <name>nwk_security.obj</name>
      </input_file>
      <input_file id="fl-a">
         <path>.\Components\simpliciti\nwk_applications\</path>
         <kind>object</kind>
         <file>nwk_ping.obj</file>
         <name>nwk_ping.obj</name>
      </input_file>
      <input_file id="fl-b">
         <path>.\Components\simpliciti\nwk_applications\</path>
         <kind>object</kind>
         <file>nwk_mgmt.obj</file>
         <name>nwk_mgmt.obj</name>
      </input_file>
      <input_file id="fl-c">
         <path>.\Components\simpliciti\nwk_applications\</path>
         <kind>object</kind>
         <file>nwk_link.obj</file>
         <name>nwk_link.obj</name>
      </input_file>
      <input_file id="fl-d">
         <path>.\Components\simpliciti\nwk_applications\</path>
         <kind>object</kind>
         <file>nwk_join.obj</file>
         <name>nwk_join.obj</name>
      </input_file>
      <input_file id="fl-e">
         <path>.\Components\simpliciti\nwk_applications\</path>
         <kind>object</kind>
         <file>nwk_ioctl.obj</file>
         <name>nwk_ioctl.obj</name>
      </input_file>
      <input_file id="fl-f">
         <path>.\Components\simpliciti\nwk_applications\</path>
         <kind>object</kind>
         <file>nwk_freq.obj</file>
         <name>nwk_freq.obj</name>
      </input_file>
      <input_file id="fl-10">
         <path>.\</path>
         <kind>object</kind>
         <file>uart_intfc.obj</file>
         <name>uart_intfc.obj</name>
      </input_file>
      <input_file id="fl-11">
         <path>.\</path>
         <kind>object</kind>
         <file>uart.obj</file>
         <name>uart.obj</name>
      </input_file>
      <input_file id="fl-12">
         <path>.\</path>
         <kind>object</kind>
         <file>radio.obj</file>
         <name>radio.obj</name>
      </input_file>
      <input_file id="fl-13">
         <path>.\</path>
         <kind>object</kind>
         <file>main_AP_Async_Listen_autoack.obj</file>
         <name>main_AP_Async_Listen_autoack.obj</name>
      </input_file>
      <input_file id="fl-2d">
         <path>C:\TI\ccsv5\tools\compiler\msp430_4.1.5\lib\</path>
         <kind>archive</kind>
         <file>rts430x_lc_sd_eabi.lib</file>
         <name>asr32.obj</name>
      </input_file>
      <input_file id="fl-2e">
         <path>C:\TI\ccsv5\tools\compiler\msp430_4.1.5\lib\</path>
         <kind>archive</kind>
         <file>rts430x_lc_sd_eabi.lib</file>
         <name>boot.obj</name>
      </input_file>
      <input_file id="fl-2f">
         <path>C:\TI\ccsv5\tools\compiler\msp430_4.1.5\lib\</path>
         <kind>archive</kind>
         <file>rts430x_lc_sd_eabi.lib</file>
         <name>copy_decompress_none.obj</name>
      </input_file>
      <input_file id="fl-30">
         <path>C:\TI\ccsv5\tools\compiler\msp430_4.1.5\lib\</path>
         <kind>archive</kind>
         <file>rts430x_lc_sd_eabi.lib</file>
         <name>copy_decompress_rle.obj</name>
      </input_file>
      <input_file id="fl-31">
         <path>C:\TI\ccsv5\tools\compiler\msp430_4.1.5\lib\</path>
         <kind>archive</kind>
         <file>rts430x_lc_sd_eabi.lib</file>
         <name>copy_zero_init.obj</name>
      </input_file>
      <input_file id="fl-32">
         <path>C:\TI\ccsv5\tools\compiler\msp430_4.1.5\lib\</path>
         <kind>archive</kind>
         <file>rts430x_lc_sd_eabi.lib</file>
         <name>cpy_util.obj</name>
      </input_file>
      <input_file id="fl-33">
         <path>C:\TI\ccsv5\tools\compiler\msp430_4.1.5\lib\</path>
         <kind>archive</kind>
         <file>rts430x_lc_sd_eabi.lib</file>
         <name>div16s.obj</name>
      </input_file>
      <input_file id="fl-34">
         <path>C:\TI\ccsv5\tools\compiler\msp430_4.1.5\lib\</path>
         <kind>archive</kind>
         <file>rts430x_lc_sd_eabi.lib</file>
         <name>div16u.obj</name>
      </input_file>
      <input_file id="fl-35">
         <path>C:\TI\ccsv5\tools\compiler\msp430_4.1.5\lib\</path>
         <kind>archive</kind>
         <file>rts430x_lc_sd_eabi.lib</file>
         <name>div32u.obj</name>
      </input_file>
      <input_file id="fl-36">
         <path>C:\TI\ccsv5\tools\compiler\msp430_4.1.5\lib\</path>
         <kind>archive</kind>
         <file>rts430x_lc_sd_eabi.lib</file>
         <name>exit.obj</name>
      </input_file>
      <input_file id="fl-37">
         <path>C:\TI\ccsv5\tools\compiler\msp430_4.1.5\lib\</path>
         <kind>archive</kind>
         <file>rts430x_lc_sd_eabi.lib</file>
         <name>memcmp.obj</name>
      </input_file>
      <input_file id="fl-38">
         <path>C:\TI\ccsv5\tools\compiler\msp430_4.1.5\lib\</path>
         <kind>archive</kind>
         <file>rts430x_lc_sd_eabi.lib</file>
         <name>memcpy.obj</name>
      </input_file>
      <input_file id="fl-39">
         <path>C:\TI\ccsv5\tools\compiler\msp430_4.1.5\lib\</path>
         <kind>archive</kind>
         <file>rts430x_lc_sd_eabi.lib</file>
         <name>memmov.obj</name>
      </input_file>
      <input_file id="fl-3a">
         <path>C:\TI\ccsv5\tools\compiler\msp430_4.1.5\lib\</path>
         <kind>archive</kind>
         <file>rts430x_lc_sd_eabi.lib</file>
         <name>memset.obj</name>
      </input_file>
      <input_file id="fl-3b">
         <path>C:\TI\ccsv5\tools\compiler\msp430_4.1.5\lib\</path>
         <kind>archive</kind>
         <file>rts430x_lc_sd_eabi.lib</file>
         <name>mult16_f5hw.obj</name>
      </input_file>
      <input_file id="fl-3c">
         <path>C:\TI\ccsv5\tools\compiler\msp430_4.1.5\lib\</path>
         <kind>archive</kind>
         <file>rts430x_lc_sd_eabi.lib</file>
         <name>mult32_f5hw.obj</name>
      </input_file>
      <input_file id="fl-3d">
         <path>C:\TI\ccsv5\tools\compiler\msp430_4.1.5\lib\</path>
         <kind>archive</kind>
         <file>rts430x_lc_sd_eabi.lib</file>
         <name>_lock.obj</name>
      </input_file>
      <input_file id="fl-3e">
         <path>C:\TI\ccsv5\tools\compiler\msp430_4.1.5\lib\</path>
         <kind>archive</kind>
         <file>rts430x_lc_sd_eabi.lib</file>
         <name>args_main.obj</name>
      </input_file>
      <input_file id="fl-3f">
         <path>C:\TI\ccsv5\tools\compiler\msp430_4.1.5\lib\</path>
         <kind>archive</kind>
         <file>rts430x_lc_sd_eabi.lib</file>
         <name>autoinit.obj</name>
      </input_file>
   </input_file_list>
   <object_component_list>
      <object_component id="oc-80">
         <name>.stack</name>
         <uninitialized>true</uninitialized>
         <run_address>0x2bac</run_address>
         <size>0x2</size>
         <input_file_ref idref="fl-2e"/>
      </object_component>
      <object_component id="oc-5f0">
         <name>.stack</name>
         <uninitialized>true</uninitialized>
         <run_address>0x2bac</run_address>
         <size>0x0</size>
      </object_component>
      <object_component id="oc-1f1">
         <name>.text:MRFI_Init</name>
         <load_address>0x8000</load_address>
         <run_address>0x8000</run_address>
         <size>0x1e2</size>
         <input_file_ref idref="fl-3"/>
      </object_component>
      <object_component id="oc-513">
         <name>.text:smpl_send_link_reply</name>
         <load_address>0x81e2</load_address>
         <run_address>0x81e2</run_address>
         <size>0x1a2</size>
         <input_file_ref idref="fl-c"/>
      </object_component>
      <object_component id="oc-8b">
         <name>.text:main</name>
         <load_address>0x8384</load_address>
         <run_address>0x8384</run_address>
         <size>0x190</size>
         <input_file_ref idref="fl-13"/>
      </object_component>
      <object_component id="oc-3ac">
         <name>.text:nwk_QfindOldest</name>
         <load_address>0x8514</load_address>
         <run_address>0x8514</run_address>
         <size>0x164</size>
         <input_file_ref idref="fl-7"/>
      </object_component>
      <object_component id="oc-28e">
         <name>.text:dispatchFrame</name>
         <load_address>0x8678</load_address>
         <run_address>0x8678</run_address>
         <size>0x150</size>
         <input_file_ref idref="fl-5"/>
      </object_component>
      <object_component id="oc-519">
         <name>.text:smpl_send_join_reply</name>
         <load_address>0x87c8</load_address>
         <run_address>0x87c8</run_address>
         <size>0x108</size>
         <input_file_ref idref="fl-d"/>
      </object_component>
      <object_component id="oc-b0">
         <name>.text:Mrfi_SyncPinRxIsr</name>
         <load_address>0x88d0</load_address>
         <run_address>0x88d0</run_address>
         <size>0xf8</size>
         <input_file_ref idref="fl-3"/>
      </object_component>
      <object_component id="oc-53c">
         <name>.text:nwk_allocateLocalRxPort</name>
         <load_address>0x89c8</load_address>
         <run_address>0x89c8</run_address>
         <size>0xdc</size>
         <input_file_ref idref="fl-8"/>
      </object_component>
      <object_component id="oc-a5">
         <name>.text:__TI_decompress_rle_core</name>
         <load_address>0x8aa4</load_address>
         <run_address>0x8aa4</run_address>
         <size>0xd6</size>
         <input_file_ref idref="fl-30"/>
      </object_component>
      <object_component id="oc-ec">
         <name>.text:SMPL_Ioctl</name>
         <load_address>0x8b7a</load_address>
         <run_address>0x8b7a</run_address>
         <size>0xc8</size>
         <input_file_ref idref="fl-6"/>
      </object_component>
      <object_component id="oc-423">
         <name>.text:MRFI_Transmit</name>
         <load_address>0x8c42</load_address>
         <run_address>0x8c42</run_address>
         <size>0xc6</size>
         <input_file_ref idref="fl-3"/>
      </object_component>
      <object_component id="oc-24b">
         <name>.text:nwk_retrieveFrame</name>
         <load_address>0x8d08</load_address>
         <run_address>0x8d08</run_address>
         <size>0xa6</size>
         <input_file_ref idref="fl-5"/>
      </object_component>
      <object_component id="oc-566">
         <name>.text:nwk_SendEmptyPollRspFrame</name>
         <load_address>0x8dae</load_address>
         <run_address>0x8dae</run_address>
         <size>0xa0</size>
         <input_file_ref idref="fl-5"/>
      </object_component>
      <object_component id="oc-3e2">
         <name>.text:isDupSandFFrame</name>
         <load_address>0x8e4e</load_address>
         <run_address>0x8e4e</run_address>
         <size>0x9a</size>
         <input_file_ref idref="fl-5"/>
      </object_component>
      <object_component id="oc-4ad">
         <name>.text:nwk_sendAckReply</name>
         <load_address>0x8ee8</load_address>
         <run_address>0x8ee8</run_address>
         <size>0x9a</size>
         <input_file_ref idref="fl-5"/>
      </object_component>
      <object_component id="oc-306">
         <name>.text:nwk_buildFrame</name>
         <load_address>0x8f82</load_address>
         <run_address>0x8f82</run_address>
         <size>0x96</size>
         <input_file_ref idref="fl-5"/>
      </object_component>
      <object_component id="oc-155">
         <name>.text:mrfiRadioInterfaceCmdStrobe</name>
         <load_address>0x9018</load_address>
         <run_address>0x9018</run_address>
         <size>0x92</size>
         <input_file_ref idref="fl-3"/>
      </object_component>
      <object_component id="oc-3e7">
         <name>.text:nwk_isConnectionValid</name>
         <load_address>0x90aa</load_address>
         <run_address>0x90aa</run_address>
         <size>0x92</size>
         <input_file_ref idref="fl-8"/>
      </object_component>
      <object_component id="oc-189">
         <name>.text:uart_init</name>
         <load_address>0x913c</load_address>
         <run_address>0x913c</run_address>
         <size>0x90</size>
         <input_file_ref idref="fl-11"/>
      </object_component>
      <object_component id="oc-1f6">
         <name>.text:nwk_nwkInit</name>
         <load_address>0x91cc</load_address>
         <run_address>0x91cc</run_address>
         <size>0x86</size>
         <input_file_ref idref="fl-8"/>
      </object_component>
      <object_component id="oc-521">
         <name>.text:send_poll_reply</name>
         <load_address>0x9252</load_address>
         <run_address>0x9252</run_address>
         <size>0x84</size>
         <input_file_ref idref="fl-b"/>
      </object_component>
      <object_component id="oc-284">
         <name>.text:nwk_QfindSlot</name>
         <load_address>0x92d6</load_address>
         <run_address>0x92d6</run_address>
         <size>0x80</size>
         <input_file_ref idref="fl-7"/>
      </object_component>
      <object_component id="oc-1d5">
         <name>.text:nwk_radioControl</name>
         <load_address>0x9356</load_address>
         <run_address>0x9356</run_address>
         <size>0x7a</size>
         <input_file_ref idref="fl-e"/>
      </object_component>
      <object_component id="oc-561">
         <name>.text:nwk_getSandFFrame</name>
         <load_address>0x93d0</load_address>
         <run_address>0x93d0</run_address>
         <size>0x74</size>
         <input_file_ref idref="fl-5"/>
      </object_component>
      <object_component id="oc-10f">
         <name>.text:SMPL_LinkListen</name>
         <load_address>0x9444</load_address>
         <run_address>0x9444</run_address>
         <size>0x70</size>
         <input_file_ref idref="fl-6"/>
      </object_component>
      <object_component id="oc-87">
         <name>.text:_auto_init</name>
         <load_address>0x94b4</load_address>
         <run_address>0x94b4</run_address>
         <size>0x6e</size>
         <input_file_ref idref="fl-3f"/>
      </object_component>
      <object_component id="oc-74">
         <name>.text:_isr:MRFI_RadioIsr</name>
         <load_address>0x9522</load_address>
         <run_address>0x9522</run_address>
         <size>0x68</size>
         <input_file_ref idref="fl-3"/>
      </object_component>
      <object_component id="oc-551">
         <name>.text:nwk_saveJoinedDevice</name>
         <load_address>0x958a</load_address>
         <run_address>0x958a</run_address>
         <size>0x68</size>
         <input_file_ref idref="fl-8"/>
      </object_component>
      <object_component id="oc-13f">
         <name>.text:mrfiRadioInterfaceReadRxFifo</name>
         <load_address>0x95f2</load_address>
         <run_address>0x95f2</run_address>
         <size>0x62</size>
         <input_file_ref idref="fl-3"/>
      </object_component>
      <object_component id="oc-bb">
         <name>.text:uart_tx_irq</name>
         <load_address>0x9654</load_address>
         <run_address>0x9654</run_address>
         <size>0x60</size>
         <input_file_ref idref="fl-11"/>
      </object_component>
      <object_component id="oc-33c">
         <name>.text</name>
         <load_address>0x96b4</load_address>
         <run_address>0x96b4</run_address>
         <size>0x58</size>
         <input_file_ref idref="fl-35"/>
      </object_component>
      <object_component id="oc-192">
         <name>.text:rx_handler</name>
         <load_address>0x970c</load_address>
         <run_address>0x970c</run_address>
         <size>0x58</size>
         <input_file_ref idref="fl-10"/>
      </object_component>
      <object_component id="oc-fb">
         <name>.text:radio_processing</name>
         <load_address>0x9764</load_address>
         <run_address>0x9764</run_address>
         <size>0x54</size>
         <input_file_ref idref="fl-12"/>
      </object_component>
      <object_component id="oc-d2">
         <name>.text:Bsp_SetClocks</name>
         <load_address>0x97b8</load_address>
         <run_address>0x97b8</run_address>
         <size>0x52</size>
         <input_file_ref idref="fl-2"/>
      </object_component>
      <object_component id="oc-2a1">
         <name>.text:SetVCoreUp</name>
         <load_address>0x980a</load_address>
         <run_address>0x980a</run_address>
         <size>0x52</size>
         <input_file_ref idref="fl-2"/>
      </object_component>
      <object_component id="oc-1da">
         <name>.text:nwk_rawSend</name>
         <load_address>0x985c</load_address>
         <run_address>0x985c</run_address>
         <size>0x52</size>
         <input_file_ref idref="fl-e"/>
      </object_component>
      <object_component id="oc-2bf">
         <name>.text:push_buffer</name>
         <load_address>0x98ae</load_address>
         <run_address>0x98ae</run_address>
         <size>0x52</size>
         <input_file_ref idref="fl-10"/>
      </object_component>
      <object_component id="oc-537">
         <name>.text:nwk_getNextConnection</name>
         <load_address>0x9900</load_address>
         <run_address>0x9900</run_address>
         <size>0x50</size>
         <input_file_ref idref="fl-8"/>
      </object_component>
      <object_component id="oc-2d0">
         <name>.text:pop_buffer</name>
         <load_address>0x9950</load_address>
         <run_address>0x9950</run_address>
         <size>0x50</size>
         <input_file_ref idref="fl-10"/>
      </object_component>
      <object_component id="oc-e7">
         <name>.text:uart_intfc_init</name>
         <load_address>0x99a0</load_address>
         <run_address>0x99a0</run_address>
         <size>0x4c</size>
         <input_file_ref idref="fl-10"/>
      </object_component>
      <object_component id="oc-114">
         <name>.text:SMPL_Receive</name>
         <load_address>0x99ec</load_address>
         <run_address>0x99ec</run_address>
         <size>0x48</size>
         <input_file_ref idref="fl-6"/>
      </object_component>
      <object_component id="oc-13a">
         <name>.text:mrfiRadioInterfaceReadReg</name>
         <load_address>0x9a34</load_address>
         <run_address>0x9a34</run_address>
         <size>0x48</size>
         <input_file_ref idref="fl-3"/>
      </object_component>
      <object_component id="oc-49e">
         <name>.text:nwk_processMgmt</name>
         <load_address>0x9a7c</load_address>
         <run_address>0x9a7c</run_address>
         <size>0x48</size>
         <input_file_ref idref="fl-b"/>
      </object_component>
      <object_component id="oc-146">
         <name>.text:Mrfi_RxAddrIsFiltered</name>
         <load_address>0x9ac4</load_address>
         <run_address>0x9ac4</run_address>
         <size>0x46</size>
         <input_file_ref idref="fl-3"/>
      </object_component>
      <object_component id="oc-532">
         <name>.text:nwk_findAlreadyJoined</name>
         <load_address>0x9b0a</load_address>
         <run_address>0x9b0a</run_address>
         <size>0x44</size>
         <input_file_ref idref="fl-8"/>
      </object_component>
      <object_component id="oc-50d">
         <name>.text:smpl_send_ping_reply</name>
         <load_address>0x9b4e</load_address>
         <run_address>0x9b4e</run_address>
         <size>0x44</size>
         <input_file_ref idref="fl-a"/>
      </object_component>
      <object_component id="oc-52d">
         <name>.text:nwk_isLinkDuplicate</name>
         <load_address>0x9b92</load_address>
         <run_address>0x9b92</run_address>
         <size>0x42</size>
         <input_file_ref idref="fl-8"/>
      </object_component>
      <object_component id="oc-95">
         <name>.text:__memcpy_far</name>
         <load_address>0x9bd4</load_address>
         <run_address>0x9bd4</run_address>
         <size>0x40</size>
         <input_file_ref idref="fl-32"/>
      </object_component>
      <object_component id="oc-572">
         <name>.text:initializeConnection</name>
         <load_address>0x9c14</load_address>
         <run_address>0x9c14</run_address>
         <size>0x3e</size>
         <input_file_ref idref="fl-8"/>
      </object_component>
      <object_component id="oc-231">
         <name>.text:nwk_getLocalLinkID</name>
         <load_address>0x9c52</load_address>
         <run_address>0x9c52</run_address>
         <size>0x3e</size>
         <input_file_ref idref="fl-c"/>
      </object_component>
      <object_component id="oc-68">
         <name>.text:decompress:none:__TI_decompress_none</name>
         <load_address>0x9c90</load_address>
         <run_address>0x9c90</run_address>
         <size>0x3c</size>
         <input_file_ref idref="fl-2f"/>
      </object_component>
      <object_component id="oc-48f">
         <name>.text:nwk_processJoin</name>
         <load_address>0x9ccc</load_address>
         <run_address>0x9ccc</run_address>
         <size>0x3c</size>
         <input_file_ref idref="fl-d"/>
      </object_component>
      <object_component id="oc-54c">
         <name>.text:nwk_putNumObjectIntoMsg</name>
         <load_address>0x9d08</load_address>
         <run_address>0x9d08</run_address>
         <size>0x3c</size>
         <input_file_ref idref="fl-8"/>
      </object_component>
      <object_component id="oc-216">
         <name>.text:tx_send</name>
         <load_address>0x9d44</load_address>
         <run_address>0x9d44</run_address>
         <size>0x3c</size>
         <input_file_ref idref="fl-10"/>
      </object_component>
      <object_component id="oc-101">
         <name>.text:tx_send_wait</name>
         <load_address>0x9d80</load_address>
         <run_address>0x9d80</run_address>
         <size>0x3c</size>
         <input_file_ref idref="fl-10"/>
      </object_component>
      <object_component id="oc-3dd">
         <name>.text:nwk_isSandFClient</name>
         <load_address>0x9dbc</load_address>
         <run_address>0x9dbc</run_address>
         <size>0x3a</size>
         <input_file_ref idref="fl-d"/>
      </object_component>
      <object_component id="oc-4e7">
         <name>.text:nwk_isValidReply</name>
         <load_address>0x9df6</load_address>
         <run_address>0x9df6</run_address>
         <size>0x3a</size>
         <input_file_ref idref="fl-8"/>
      </object_component>
      <object_component id="oc-360">
         <name>.text:nwk_joinInit</name>
         <load_address>0x9e30</load_address>
         <run_address>0x9e30</run_address>
         <size>0x3a</size>
         <input_file_ref idref="fl-d"/>
      </object_component>
      <object_component id="oc-3d8">
         <name>.text:nwk_replayFrame</name>
         <load_address>0x9e6a</load_address>
         <run_address>0x9e6a</run_address>
         <size>0x3a</size>
         <input_file_ref idref="fl-5"/>
      </object_component>
      <object_component id="oc-6c">
         <name>.text:decompress:ZI:__TI_zero_init</name>
         <load_address>0x9ea4</load_address>
         <run_address>0x9ea4</run_address>
         <size>0x38</size>
         <input_file_ref idref="fl-31"/>
      </object_component>
      <object_component id="oc-3ba">
         <name>.text:BSP_Delay</name>
         <load_address>0x9edc</load_address>
         <run_address>0x9edc</run_address>
         <size>0x36</size>
         <input_file_ref idref="fl-2"/>
      </object_component>
      <object_component id="oc-295">
         <name>.text:mrfiRadioInterfaceWriteReg</name>
         <load_address>0x9f12</load_address>
         <run_address>0x9f12</run_address>
         <size>0x36</size>
         <input_file_ref idref="fl-3"/>
      </object_component>
      <object_component id="oc-4c6">
         <name>.text:mrfiRadioInterfaceWriteTxFifo</name>
         <load_address>0x9f48</load_address>
         <run_address>0x9f48</run_address>
         <size>0x36</size>
         <input_file_ref idref="fl-3"/>
      </object_component>
      <object_component id="oc-3b1">
         <name>.text:nwk_QadjustOrder</name>
         <load_address>0x9f7e</load_address>
         <run_address>0x9f7e</run_address>
         <size>0x36</size>
         <input_file_ref idref="fl-7"/>
      </object_component>
      <object_component id="oc-1a6">
         <name>.text:rf_handler</name>
         <load_address>0x9fb4</load_address>
         <run_address>0x9fb4</run_address>
         <size>0x34</size>
         <input_file_ref idref="fl-10"/>
      </object_component>
      <object_component id="oc-19c">
         <name>.text:tx_handler</name>
         <load_address>0x9fe8</load_address>
         <run_address>0x9fe8</run_address>
         <size>0x34</size>
         <input_file_ref idref="fl-10"/>
      </object_component>
      <object_component id="oc-325">
         <name>.text:MRFI_SetLogicalChannel</name>
         <load_address>0xa01c</load_address>
         <run_address>0xa01c</run_address>
         <size>0x32</size>
         <input_file_ref idref="fl-3"/>
      </object_component>
      <object_component id="oc-1cb">
         <name>.text:nwk_deviceAddress</name>
         <load_address>0xa04e</load_address>
         <run_address>0xa04e</run_address>
         <size>0x32</size>
         <input_file_ref idref="fl-e"/>
      </object_component>
      <object_component id="oc-241">
         <name>.text:nwk_getConnInfo</name>
         <load_address>0xa080</load_address>
         <run_address>0xa080</run_address>
         <size>0x32</size>
         <input_file_ref idref="fl-8"/>
      </object_component>
      <object_component id="oc-36a">
         <name>.text:nwk_linkInit</name>
         <load_address>0xa0b2</load_address>
         <run_address>0xa0b2</run_address>
         <size>0x32</size>
         <input_file_ref idref="fl-c"/>
      </object_component>
      <object_component id="oc-3a5">
         <name>.text:map_lid2idx</name>
         <load_address>0xa0e4</load_address>
         <run_address>0xa0e4</run_address>
         <size>0x30</size>
         <input_file_ref idref="fl-8"/>
      </object_component>
      <object_component id="oc-485">
         <name>.text:nwk_processPing</name>
         <load_address>0xa114</load_address>
         <run_address>0xa114</run_address>
         <size>0x30</size>
         <input_file_ref idref="fl-a"/>
      </object_component>
      <object_component id="oc-1df">
         <name>.text:nwk_rawReceive</name>
         <load_address>0xa144</load_address>
         <run_address>0xa144</run_address>
         <size>0x30</size>
         <input_file_ref idref="fl-e"/>
      </object_component>
      <object_component id="oc-30b">
         <name>.text:nwk_sendFrame</name>
         <load_address>0xa174</load_address>
         <run_address>0xa174</run_address>
         <size>0x30</size>
         <input_file_ref idref="fl-5"/>
      </object_component>
      <object_component id="oc-14b">
         <name>.text:Mrfi_CalculateRssi</name>
         <load_address>0xa1a4</load_address>
         <run_address>0xa1a4</run_address>
         <size>0x2e</size>
         <input_file_ref idref="fl-3"/>
      </object_component>
      <object_component id="oc-48a">
         <name>.text:nwk_processLink</name>
         <load_address>0xa1d2</load_address>
         <run_address>0xa1d2</run_address>
         <size>0x2e</size>
         <input_file_ref idref="fl-c"/>
      </object_component>
      <object_component id="oc-32f">
         <name>.text:Mrfi_RxModeOff</name>
         <load_address>0xa200</load_address>
         <run_address>0xa200</run_address>
         <size>0x2c</size>
         <input_file_ref idref="fl-3"/>
      </object_component>
      <object_component id="oc-f6">
         <name>.text:SMPL_Init</name>
         <load_address>0xa22c</load_address>
         <run_address>0xa22c</run_address>
         <size>0x2c</size>
         <input_file_ref idref="fl-6"/>
      </object_component>
      <object_component id="oc-16b">
         <name>.text:SetVCore</name>
         <load_address>0xa258</load_address>
         <run_address>0xa258</run_address>
         <size>0x2c</size>
         <input_file_ref idref="fl-2"/>
      </object_component>
      <object_component id="oc-4f2">
         <name>.text:handleLinkRequest</name>
         <load_address>0xa284</load_address>
         <run_address>0xa284</run_address>
         <size>0x2c</size>
         <input_file_ref idref="fl-c"/>
      </object_component>
      <object_component id="oc-55c">
         <name>.text:nwk_checkAppMsgTID</name>
         <load_address>0xa2b0</load_address>
         <run_address>0xa2b0</run_address>
         <size>0x2c</size>
         <input_file_ref idref="fl-8"/>
      </object_component>
      <object_component id="oc-27f">
         <name>.text</name>
         <load_address>0xa2dc</load_address>
         <run_address>0xa2dc</run_address>
         <size>0x2c</size>
         <input_file_ref idref="fl-33"/>
      </object_component>
      <object_component id="oc-246">
         <name>.text:nwk_checkConnInfo</name>
         <load_address>0xa308</load_address>
         <run_address>0xa308</run_address>
         <size>0x2a</size>
         <input_file_ref idref="fl-8"/>
      </object_component>
      <object_component id="oc-23b">
         <name>.text:MRFI_Sleep</name>
         <load_address>0xa332</load_address>
         <run_address>0xa332</run_address>
         <size>0x26</size>
         <input_file_ref idref="fl-3"/>
      </object_component>
      <object_component id="oc-25c">
         <name>.text:Mrfi_DelayUsec</name>
         <load_address>0xa358</load_address>
         <run_address>0xa358</run_address>
         <size>0x26</size>
         <input_file_ref idref="fl-3"/>
      </object_component>
      <object_component id="oc-2a6">
         <name>.text:SetVCoreDown</name>
         <load_address>0xa37e</load_address>
         <run_address>0xa37e</run_address>
         <size>0x26</size>
         <input_file_ref idref="fl-2"/>
      </object_component>
      <object_component id="oc-1c6">
         <name>.text:nwk_connectionControl</name>
         <load_address>0xa3a4</load_address>
         <run_address>0xa3a4</run_address>
         <size>0x26</size>
         <input_file_ref idref="fl-e"/>
      </object_component>
      <object_component id="oc-34c">
         <name>.text:nwk_frameInit</name>
         <load_address>0xa3ca</load_address>
         <run_address>0xa3ca</run_address>
         <size>0x26</size>
         <input_file_ref idref="fl-5"/>
      </object_component>
      <object_component id="oc-347">
         <name>.text:nwk_globalsInit</name>
         <load_address>0xa3f0</load_address>
         <run_address>0xa3f0</run_address>
         <size>0x26</size>
         <input_file_ref idref="fl-4"/>
      </object_component>
      <object_component id="oc-1a1">
         <name>.text:uart_tx_message</name>
         <load_address>0xa416</load_address>
         <run_address>0xa416</run_address>
         <size>0x26</size>
         <input_file_ref idref="fl-11"/>
      </object_component>
      <object_component id="oc-300">
         <name>.text:MRFI_Rssi</name>
         <load_address>0xa43c</load_address>
         <run_address>0xa43c</run_address>
         <size>0x24</size>
         <input_file_ref idref="fl-3"/>
      </object_component>
      <object_component id="oc-4cb">
         <name>.text:Mrfi_RandomBackoffDelay</name>
         <load_address>0xa460</load_address>
         <run_address>0xa460</run_address>
         <size>0x24</size>
         <input_file_ref idref="fl-3"/>
      </object_component>
      <object_component id="oc-200">
         <name>.text:MRFI_RxOn</name>
         <load_address>0xa484</load_address>
         <run_address>0xa484</run_address>
         <size>0x22</size>
         <input_file_ref idref="fl-3"/>
      </object_component>
      <object_component id="oc-1fb">
         <name>.text:MRFI_WakeUp</name>
         <load_address>0xa4a6</load_address>
         <run_address>0xa4a6</run_address>
         <size>0x22</size>
         <input_file_ref idref="fl-3"/>
      </object_component>
      <object_component id="oc-3d2">
         <name>.text:memcmp</name>
         <load_address>0xa4c8</load_address>
         <run_address>0xa4c8</run_address>
         <size>0x22</size>
         <input_file_ref idref="fl-37"/>
      </object_component>
      <object_component id="oc-338">
         <name>.text</name>
         <load_address>0xa4ea</load_address>
         <run_address>0xa4ea</run_address>
         <size>0x22</size>
         <input_file_ref idref="fl-3c"/>
      </object_component>
      <object_component id="oc-197">
         <name>.text:uart_rx_message</name>
         <load_address>0xa50c</load_address>
         <run_address>0xa50c</run_address>
         <size>0x22</size>
         <input_file_ref idref="fl-11"/>
      </object_component>
      <object_component id="oc-38a">
         <name>.text:uart_tx_message_resume</name>
         <load_address>0xa52e</load_address>
         <run_address>0xa52e</run_address>
         <size>0x22</size>
         <input_file_ref idref="fl-11"/>
      </object_component>
      <object_component id="oc-e2">
         <name>.text:BSP_Init</name>
         <load_address>0xa550</load_address>
         <run_address>0xa550</run_address>
         <size>0x20</size>
         <input_file_ref idref="fl-2"/>
      </object_component>
      <object_component id="oc-150">
         <name>.text:MRFI_RxCompleteISR</name>
         <load_address>0xa570</load_address>
         <run_address>0xa570</run_address>
         <size>0x20</size>
         <input_file_ref idref="fl-5"/>
      </object_component>
      <object_component id="oc-236">
         <name>.text:MRFI_RxIdle</name>
         <load_address>0xa590</load_address>
         <run_address>0xa590</run_address>
         <size>0x20</size>
         <input_file_ref idref="fl-3"/>
      </object_component>
      <object_component id="oc-56c">
         <name>.text:memmove</name>
         <load_address>0xa5b0</load_address>
         <run_address>0xa5b0</run_address>
         <size>0x20</size>
         <input_file_ref idref="fl-39"/>
      </object_component>
      <object_component id="oc-32a">
         <name>.text:MRFI_SetRFPwr</name>
         <load_address>0xa5d0</load_address>
         <run_address>0xa5d0</run_address>
         <size>0x1e</size>
         <input_file_ref idref="fl-3"/>
      </object_component>
      <object_component id="oc-351">
         <name>.text:nwk_QInit</name>
         <load_address>0xa5ee</load_address>
         <run_address>0xa5ee</run_address>
         <size>0x1e</size>
         <input_file_ref idref="fl-7"/>
      </object_component>
      <object_component id="oc-20b">
         <name>.text:rf_tx_message_suspend</name>
         <load_address>0xa60c</load_address>
         <run_address>0xa60c</run_address>
         <size>0x1e</size>
         <input_file_ref idref="fl-12"/>
      </object_component>
      <object_component id="oc-c0">
         <name>.text:uart_rx_irq</name>
         <load_address>0xa62a</load_address>
         <run_address>0xa62a</run_address>
         <size>0x1e</size>
         <input_file_ref idref="fl-11"/>
      </object_component>
      <object_component id="oc-15d">
         <name>.text:uart_tx_message_suspend</name>
         <load_address>0xa648</load_address>
         <run_address>0xa648</run_address>
         <size>0x1e</size>
         <input_file_ref idref="fl-11"/>
      </object_component>
      <object_component id="oc-2ef">
         <name>.text:nwk_setMyAddress</name>
         <load_address>0xa666</load_address>
         <run_address>0xa666</run_address>
         <size>0x1c</size>
         <input_file_ref idref="fl-4"/>
      </object_component>
      <object_component id="oc-1ab">
         <name>.text:rf_tx_message</name>
         <load_address>0xa682</load_address>
         <run_address>0xa682</run_address>
         <size>0x1c</size>
         <input_file_ref idref="fl-12"/>
      </object_component>
      <object_component id="oc-63">
         <name>.text:_isr:_c_int00_noexit</name>
         <load_address>0xa69e</load_address>
         <run_address>0xa69e</run_address>
         <size>0x1a</size>
         <input_file_ref idref="fl-2e"/>
      </object_component>
      <object_component id="oc-122">
         <name>.text:MRFI_DelayMs</name>
         <load_address>0xa6b8</load_address>
         <run_address>0xa6b8</run_address>
         <size>0x18</size>
         <input_file_ref idref="fl-3"/>
      </object_component>
      <object_component id="oc-4f8">
         <name>.text:handleJoinRequest</name>
         <load_address>0xa6d0</load_address>
         <run_address>0xa6d0</run_address>
         <size>0x18</size>
         <input_file_ref idref="fl-d"/>
      </object_component>
      <object_component id="oc-365">
         <name>.text:nwk_mgmtInit</name>
         <load_address>0xa6e8</load_address>
         <run_address>0xa6e8</run_address>
         <size>0x18</size>
         <input_file_ref idref="fl-b"/>
      </object_component>
      <object_component id="oc-211">
         <name>.text:tx_peek</name>
         <load_address>0xa700</load_address>
         <run_address>0xa700</run_address>
         <size>0x18</size>
         <input_file_ref idref="fl-10"/>
      </object_component>
      <object_component id="oc-2af">
         <name>.text:BSP_InitLeds</name>
         <load_address>0xa718</load_address>
         <run_address>0xa718</run_address>
         <size>0x16</size>
         <input_file_ref idref="fl-2"/>
      </object_component>
      <object_component id="oc-43e">
         <name>.text:MRFI_RandomByte</name>
         <load_address>0xa72e</load_address>
         <run_address>0xa72e</run_address>
         <size>0x16</size>
         <input_file_ref idref="fl-3"/>
      </object_component>
      <object_component id="oc-37c">
         <name>.text:Mrfi_RxModeOn</name>
         <load_address>0xa744</load_address>
         <run_address>0xa744</run_address>
         <size>0x16</size>
         <input_file_ref idref="fl-3"/>
      </object_component>
      <object_component id="oc-7a">
         <name>.text:_isr:USCI_A0_ISR</name>
         <load_address>0xa75a</load_address>
         <run_address>0xa75a</run_address>
         <size>0x16</size>
         <input_file_ref idref="fl-11"/>
      </object_component>
      <object_component id="oc-3c6">
         <name>.text</name>
         <load_address>0xa770</load_address>
         <run_address>0xa770</run_address>
         <size>0x16</size>
         <input_file_ref idref="fl-34"/>
      </object_component>
      <object_component id="oc-340">
         <name>.text</name>
         <load_address>0xa786</load_address>
         <run_address>0xa786</run_address>
         <size>0x16</size>
         <input_file_ref idref="fl-3b"/>
      </object_component>
      <object_component id="oc-f1">
         <name>.text:sCB</name>
         <load_address>0xa79c</load_address>
         <run_address>0xa79c</run_address>
         <size>0x16</size>
         <input_file_ref idref="fl-13"/>
      </object_component>
      <object_component id="oc-106">
         <name>.text:toggleLED</name>
         <load_address>0xa7b2</load_address>
         <run_address>0xa7b2</run_address>
         <size>0x16</size>
         <input_file_ref idref="fl-13"/>
      </object_component>
      <object_component id="oc-1b3">
         <name>.text:ioctlPreInitAccessIsOK</name>
         <load_address>0xa7c8</load_address>
         <run_address>0xa7c8</run_address>
         <size>0x14</size>
         <input_file_ref idref="fl-6"/>
      </object_component>
      <object_component id="oc-de">
         <name>.text:memset</name>
         <load_address>0xa7dc</load_address>
         <run_address>0xa7dc</run_address>
         <size>0x14</size>
         <input_file_ref idref="fl-3a"/>
      </object_component>
      <object_component id="oc-1d0">
         <name>.text:nwk_joinContext</name>
         <load_address>0xa7f0</load_address>
         <run_address>0xa7f0</run_address>
         <size>0x14</size>
         <input_file_ref idref="fl-e"/>
      </object_component>
      <object_component id="oc-82">
         <name>.text:_system_pre_init</name>
         <load_address>0xa804</load_address>
         <run_address>0xa804</run_address>
         <size>0x12</size>
         <input_file_ref idref="fl-2"/>
      </object_component>
      <object_component id="oc-1c2">
         <name>.text:memcpy</name>
         <load_address>0xa816</load_address>
         <run_address>0xa816</run_address>
         <size>0x12</size>
         <input_file_ref idref="fl-38"/>
      </object_component>
      <object_component id="oc-547">
         <name>.text:nwk_getLinkToken</name>
         <load_address>0xa828</load_address>
         <run_address>0xa828</run_address>
         <size>0x12</size>
         <input_file_ref idref="fl-c"/>
      </object_component>
      <object_component id="oc-2f4">
         <name>.text:nwk_getMyAddress</name>
         <load_address>0xa83a</load_address>
         <run_address>0xa83a</run_address>
         <size>0x12</size>
         <input_file_ref idref="fl-4"/>
      </object_component>
      <object_component id="oc-44e">
         <name>.text:nwk_setLinkToken</name>
         <load_address>0xa84c</load_address>
         <run_address>0xa84c</run_address>
         <size>0x12</size>
         <input_file_ref idref="fl-c"/>
      </object_component>
      <object_component id="oc-17e">
         <name>.text:BSP_InitBoard</name>
         <load_address>0xa85e</load_address>
         <run_address>0xa85e</run_address>
         <size>0x10</size>
         <input_file_ref idref="fl-2"/>
      </object_component>
      <object_component id="oc-334">
         <name>.text:l_asr</name>
         <load_address>0xa86e</load_address>
         <run_address>0xa86e</run_address>
         <size>0x10</size>
         <input_file_ref idref="fl-2d"/>
      </object_component>
      <object_component id="oc-4a7">
         <name>.text:nwk_getQ</name>
         <load_address>0xa87e</load_address>
         <run_address>0xa87e</run_address>
         <size>0x10</size>
         <input_file_ref idref="fl-7"/>
      </object_component>
      <object_component id="oc-289">
         <name>.text:MRFI_Receive</name>
         <load_address>0xa88e</load_address>
         <run_address>0xa88e</run_address>
         <size>0xe</size>
         <input_file_ref idref="fl-3"/>
      </object_component>
      <object_component id="oc-2c4">
         <name>.text:buffer_free_space</name>
         <load_address>0xa89c</load_address>
         <run_address>0xa89c</run_address>
         <size>0xe</size>
         <input_file_ref idref="fl-10"/>
      </object_component>
      <object_component id="oc-70">
         <name>.text:decompress:rle24:__TI_decompress_rle24</name>
         <load_address>0xa8aa</load_address>
         <run_address>0xa8aa</run_address>
         <size>0xe</size>
         <input_file_ref idref="fl-30"/>
      </object_component>
      <object_component id="oc-528">
         <name>.text:nwk_getNumObjectFromMsg</name>
         <load_address>0xa8b8</load_address>
         <run_address>0xa8b8</run_address>
         <size>0xe</size>
         <input_file_ref idref="fl-8"/>
      </object_component>
      <object_component id="oc-2fa">
         <name>.text:nwk_setJoinContext</name>
         <load_address>0xa8c6</load_address>
         <run_address>0xa8c6</run_address>
         <size>0xe</size>
         <input_file_ref idref="fl-d"/>
      </object_component>
      <object_component id="oc-22c">
         <name>.text:nwk_setListenContext</name>
         <load_address>0xa8d4</load_address>
         <run_address>0xa8d4</run_address>
         <size>0xe</size>
         <input_file_ref idref="fl-c"/>
      </object_component>
      <object_component id="oc-4b2">
         <name>.text:MRFI_PostKillSem</name>
         <load_address>0xa8e2</load_address>
         <run_address>0xa8e2</run_address>
         <size>0xc</size>
         <input_file_ref idref="fl-3"/>
      </object_component>
      <object_component id="oc-3f7">
         <name>.text:buffer_used_space</name>
         <load_address>0xa8ee</load_address>
         <run_address>0xa8ee</run_address>
         <size>0xc</size>
         <input_file_ref idref="fl-10"/>
      </object_component>
      <object_component id="oc-4ec">
         <name>.text:handlePingRequest</name>
         <load_address>0xa8fa</load_address>
         <run_address>0xa8fa</run_address>
         <size>0xc</size>
         <input_file_ref idref="fl-a"/>
      </object_component>
      <object_component id="oc-11d">
         <name>.text:processMessage</name>
         <load_address>0xa906</load_address>
         <run_address>0xa906</run_address>
         <size>0xc</size>
         <input_file_ref idref="fl-13"/>
      </object_component>
      <object_component id="oc-501">
         <name>.text:smpl_send_mgmt_reply</name>
         <load_address>0xa912</load_address>
         <run_address>0xa912</run_address>
         <size>0xc</size>
         <input_file_ref idref="fl-b"/>
      </object_component>
      <object_component id="oc-2b4">
         <name>.text:BSP_InitButtons</name>
         <load_address>0xa91e</load_address>
         <run_address>0xa91e</run_address>
         <size>0xa</size>
         <input_file_ref idref="fl-2"/>
      </object_component>
      <object_component id="oc-183">
         <name>.text:BSP_InitDrivers</name>
         <load_address>0xa928</load_address>
         <run_address>0xa928</run_address>
         <size>0xa</size>
         <input_file_ref idref="fl-2"/>
      </object_component>
      <object_component id="oc-cd">
         <name>.text:Bsp_SetVCore</name>
         <load_address>0xa932</load_address>
         <run_address>0xa932</run_address>
         <size>0xa</size>
         <input_file_ref idref="fl-2"/>
      </object_component>
      <object_component id="oc-449">
         <name>.text:generateLinkToken</name>
         <load_address>0xa93c</load_address>
         <run_address>0xa93c</run_address>
         <size>0xa</size>
         <input_file_ref idref="fl-d"/>
      </object_component>
      <object_component id="oc-35b">
         <name>.text:nwk_pingInit</name>
         <load_address>0xa946</load_address>
         <run_address>0xa946</run_address>
         <size>0xa</size>
         <input_file_ref idref="fl-a"/>
      </object_component>
      <object_component id="oc-556">
         <name>.text:nwk_resetSFMarker</name>
         <load_address>0xa950</load_address>
         <run_address>0xa950</run_address>
         <size>0x8</size>
         <input_file_ref idref="fl-b"/>
      </object_component>
      <object_component id="oc-227">
         <name>.text:MRFI_GetRadioState</name>
         <load_address>0xa958</load_address>
         <run_address>0xa958</run_address>
         <size>0x6</size>
         <input_file_ref idref="fl-3"/>
      </object_component>
      <object_component id="oc-2e3">
         <name>.text:nwk_freeConnection</name>
         <load_address>0xa95e</load_address>
         <run_address>0xa95e</run_address>
         <size>0x6</size>
         <input_file_ref idref="fl-8"/>
      </object_component>
      <object_component id="oc-374">
         <name>.text:nwk_getBCastAddress</name>
         <load_address>0xa964</load_address>
         <run_address>0xa964</run_address>
         <size>0x6</size>
         <input_file_ref idref="fl-4"/>
      </object_component>
      <object_component id="oc-1bd">
         <name>.text:nwk_getFWVersion</name>
         <load_address>0xa96a</load_address>
         <run_address>0xa96a</run_address>
         <size>0x6</size>
         <input_file_ref idref="fl-4"/>
      </object_component>
      <object_component id="oc-541">
         <name>.text:nwk_getMyRxType</name>
         <load_address>0xa970</load_address>
         <run_address>0xa970</run_address>
         <size>0x6</size>
         <input_file_ref idref="fl-5"/>
      </object_component>
      <object_component id="oc-1b8">
         <name>.text:nwk_getProtocolVersion</name>
         <load_address>0xa976</load_address>
         <run_address>0xa976</run_address>
         <size>0x6</size>
         <input_file_ref idref="fl-4"/>
      </object_component>
      <object_component id="oc-453">
         <name>.text:nwk_getSFInfoPtr</name>
         <load_address>0xa97c</load_address>
         <run_address>0xa97c</run_address>
         <size>0x6</size>
         <input_file_ref idref="fl-8"/>
      </object_component>
      <object_component id="oc-90">
         <name>.text:abort</name>
         <load_address>0xa982</load_address>
         <run_address>0xa982</run_address>
         <size>0x4</size>
         <input_file_ref idref="fl-36"/>
      </object_component>
      <object_component id="oc-205">
         <name>.text:nwk_join</name>
         <load_address>0xa986</load_address>
         <run_address>0xa986</run_address>
         <size>0x4</size>
         <input_file_ref idref="fl-d"/>
      </object_component>
      <object_component id="oc-499">
         <name>.text:nwk_processFreq</name>
         <load_address>0xa98a</load_address>
         <run_address>0xa98a</run_address>
         <size>0x4</size>
         <input_file_ref idref="fl-f"/>
      </object_component>
      <object_component id="oc-494">
         <name>.text:nwk_processSecurity</name>
         <load_address>0xa98e</load_address>
         <run_address>0xa98e</run_address>
         <size>0x4</size>
         <input_file_ref idref="fl-9"/>
      </object_component>
      <object_component id="oc-2c9">
         <name>.text:uart_rx_message_suspend</name>
         <load_address>0xa992</load_address>
         <run_address>0xa992</run_address>
         <size>0x4</size>
         <input_file_ref idref="fl-11"/>
      </object_component>
      <object_component id="oc-356">
         <name>.text:nwk_freqInit</name>
         <load_address>0xa996</load_address>
         <run_address>0xa996</run_address>
         <size>0x2</size>
         <input_file_ref idref="fl-f"/>
      </object_component>
      <object_component id="oc-36f">
         <name>.text:nwk_securityInit</name>
         <load_address>0xa998</load_address>
         <run_address>0xa998</run_address>
         <size>0x2</size>
         <input_file_ref idref="fl-9"/>
      </object_component>
      <object_component id="oc-5ef">
         <name>.cinit..data.load</name>
         <load_address>0xaa8c</load_address>
         <run_address>0xaa8c</run_address>
         <size>0x29</size>
      </object_component>
      <object_component id="oc-5ec">
         <name>__TI_handler_table</name>
         <load_address>0xaab6</load_address>
         <run_address>0xaab6</run_address>
         <size>0xc</size>
      </object_component>
      <object_component id="oc-5ee">
         <name>.cinit..bss.load</name>
         <load_address>0xaac2</load_address>
         <run_address>0xaac2</run_address>
         <size>0x6</size>
      </object_component>
      <object_component id="oc-5ed">
         <name>__TI_cinit_table</name>
         <load_address>0xaac8</load_address>
         <run_address>0xaac8</run_address>
         <size>0x10</size>
      </object_component>
      <object_component id="oc-100">
         <name>.const:.string</name>
         <load_address>0xa99a</load_address>
         <run_address>0xa99a</run_address>
         <size>0x84</size>
         <input_file_ref idref="fl-13"/>
      </object_component>
      <object_component id="oc-323">
         <name>.const:mrfiRadioCfg</name>
         <load_address>0xaa1e</load_address>
         <run_address>0xaa1e</run_address>
         <size>0x40</size>
         <input_file_ref idref="fl-3"/>
      </object_component>
      <object_component id="oc-3d6">
         <name>.const:func</name>
         <load_address>0xaa5e</load_address>
         <run_address>0xaa5e</run_address>
         <size>0x18</size>
         <input_file_ref idref="fl-5"/>
      </object_component>
      <object_component id="oc-2dc">
         <name>.const</name>
         <load_address>0xaa76</load_address>
         <run_address>0xaa76</run_address>
         <size>0x9</size>
         <input_file_ref idref="fl-4"/>
      </object_component>
      <object_component id="oc-27c">
         <name>.const:.string:mrfiBroadcastAddr</name>
         <load_address>0xaa80</load_address>
         <run_address>0xaa80</run_address>
         <size>0x4</size>
         <input_file_ref idref="fl-3"/>
      </object_component>
      <object_component id="oc-42b">
         <name>.const:.string:mrfiLogicalChanTable</name>
         <load_address>0xaa84</load_address>
         <run_address>0xaa84</run_address>
         <size>0x4</size>
         <input_file_ref idref="fl-3"/>
      </object_component>
      <object_component id="oc-42e">
         <name>.const:.string:mrfiRFPowerTable</name>
         <load_address>0xaa88</load_address>
         <run_address>0xaa88</run_address>
         <size>0x3</size>
         <input_file_ref idref="fl-3"/>
      </object_component>
      <object_component id="oc-75">
         <name>.int53</name>
         <load_address>0xffea</load_address>
         <run_address>0xffea</run_address>
         <size>0x2</size>
         <input_file_ref idref="fl-3"/>
      </object_component>
      <object_component id="oc-7b">
         <name>.int58</name>
         <load_address>0xfff4</load_address>
         <run_address>0xfff4</run_address>
         <size>0x2</size>
         <input_file_ref idref="fl-11"/>
      </object_component>
      <object_component id="oc-64">
         <name>.reset</name>
         <load_address>0xfffe</load_address>
         <run_address>0xfffe</run_address>
         <size>0x2</size>
         <input_file_ref idref="fl-2e"/>
      </object_component>
      <object_component id="oc-11b">
         <name>.bss</name>
         <uninitialized>true</uninitialized>
         <run_address>0x1d66</run_address>
         <size>0x36</size>
         <input_file_ref idref="fl-12"/>
      </object_component>
      <object_component id="oc-144">
         <name>.bss</name>
         <uninitialized>true</uninitialized>
         <run_address>0x1dce</run_address>
         <size>0x18</size>
         <input_file_ref idref="fl-3"/>
      </object_component>
      <object_component id="oc-168">
         <name>.bss</name>
         <uninitialized>true</uninitialized>
         <run_address>0x1d9c</run_address>
         <size>0x32</size>
         <input_file_ref idref="fl-11"/>
      </object_component>
      <object_component id="oc-18e">
         <name>.bss</name>
         <uninitialized>true</uninitialized>
         <run_address>0x1cd0</run_address>
         <size>0x96</size>
         <input_file_ref idref="fl-10"/>
      </object_component>
      <object_component id="oc-39b">
         <name>.bss</name>
         <uninitialized>true</uninitialized>
         <run_address>0x1dee</run_address>
         <size>0x8</size>
         <input_file_ref idref="fl-c"/>
      </object_component>
      <object_component id="oc-3cb">
         <name>.bss</name>
         <uninitialized>true</uninitialized>
         <run_address>0x1c00</run_address>
         <size>0xd0</size>
         <input_file_ref idref="fl-7"/>
      </object_component>
      <object_component id="oc-41a">
         <name>.bss</name>
         <uninitialized>true</uninitialized>
         <run_address>0x1de6</run_address>
         <size>0x8</size>
         <input_file_ref idref="fl-4"/>
      </object_component>
      <object_component id="oc-10b">
         <name>.data</name>
         <load_address>0x1eea</load_address>
         <run_address>0x1eea</run_address>
         <size>0x4</size>
         <input_file_ref idref="fl-13"/>
      </object_component>
      <object_component id="oc-10d">
         <name>.data:sLID</name>
         <load_address>0x1eda</load_address>
         <run_address>0x1eda</run_address>
         <size>0x8</size>
         <input_file_ref idref="fl-13"/>
      </object_component>
      <object_component id="oc-119">
         <name>.data</name>
         <load_address>0x1e90</load_address>
         <run_address>0x1e90</run_address>
         <size>0x14</size>
         <input_file_ref idref="fl-12"/>
      </object_component>
      <object_component id="oc-138">
         <name>.data</name>
         <load_address>0x1e78</load_address>
         <run_address>0x1e78</run_address>
         <size>0x17</size>
         <input_file_ref idref="fl-3"/>
      </object_component>
      <object_component id="oc-15b">
         <name>.data</name>
         <load_address>0x1ec4</load_address>
         <run_address>0x1ec4</run_address>
         <size>0xc</size>
         <input_file_ref idref="fl-11"/>
      </object_component>
      <object_component id="oc-190">
         <name>.data</name>
         <load_address>0x1ea4</load_address>
         <run_address>0x1ea4</run_address>
         <size>0x12</size>
         <input_file_ref idref="fl-10"/>
      </object_component>
      <object_component id="oc-1b1">
         <name>.data</name>
         <load_address>0x1ef6</load_address>
         <run_address>0x1ef6</run_address>
         <size>0x1</size>
         <input_file_ref idref="fl-6"/>
      </object_component>
      <object_component id="oc-27a">
         <name>.data:mrfiRxFilterAddr</name>
         <load_address>0x1eee</load_address>
         <run_address>0x1eee</run_address>
         <size>0x4</size>
         <input_file_ref idref="fl-3"/>
      </object_component>
      <object_component id="oc-345">
         <name>.data</name>
         <load_address>0x1df6</load_address>
         <run_address>0x1df6</run_address>
         <size>0x81</size>
         <input_file_ref idref="fl-8"/>
      </object_component>
      <object_component id="oc-398">
         <name>.data</name>
         <load_address>0x1ee2</load_address>
         <run_address>0x1ee2</run_address>
         <size>0x7</size>
         <input_file_ref idref="fl-c"/>
      </object_component>
      <object_component id="oc-3d0">
         <name>.data</name>
         <load_address>0x1ed0</load_address>
         <run_address>0x1ed0</run_address>
         <size>0xa</size>
         <input_file_ref idref="fl-5"/>
      </object_component>
      <object_component id="oc-418">
         <name>.data</name>
         <load_address>0x1ef8</load_address>
         <run_address>0x1ef8</run_address>
         <size>0x1</size>
         <input_file_ref idref="fl-4"/>
      </object_component>
      <object_component id="oc-41e">
         <name>.data</name>
         <load_address>0x1eb6</load_address>
         <run_address>0x1eb6</run_address>
         <size>0xd</size>
         <input_file_ref idref="fl-d"/>
      </object_component>
      <object_component id="oc-446">
         <name>.data</name>
         <load_address>0x1efc</load_address>
         <run_address>0x1efc</run_address>
         <size>0x1</size>
         <input_file_ref idref="fl-a"/>
      </object_component>
      <object_component id="oc-45a">
         <name>.data</name>
         <load_address>0x1efa</load_address>
         <run_address>0x1efa</run_address>
         <size>0x1</size>
         <input_file_ref idref="fl-b"/>
      </object_component>
      <object_component id="oc-45c">
         <name>.data:sSFMarker</name>
         <load_address>0x1ef2</load_address>
         <run_address>0x1ef2</run_address>
         <size>0x3</size>
         <input_file_ref idref="fl-b"/>
      </object_component>
      <object_component id="oc-65">
         <name>.debug_info</name>
         <load_address>0x0</load_address>
         <run_address>0x0</run_address>
         <size>0x129</size>
         <input_file_ref idref="fl-2e"/>
      </object_component>
      <object_component id="oc-69">
         <name>.debug_info</name>
         <load_address>0x129</load_address>
         <run_address>0x129</run_address>
         <size>0x16e</size>
         <input_file_ref idref="fl-2f"/>
      </object_component>
      <object_component id="oc-6d">
         <name>.debug_info</name>
         <load_address>0x297</load_address>
         <run_address>0x297</run_address>
         <size>0x1a6</size>
         <input_file_ref idref="fl-31"/>
      </object_component>
      <object_component id="oc-71">
         <name>.debug_info</name>
         <load_address>0x43d</load_address>
         <run_address>0x43d</run_address>
         <size>0x179</size>
         <input_file_ref idref="fl-30"/>
      </object_component>
      <object_component id="oc-76">
         <name>.debug_info</name>
         <load_address>0x5b6</load_address>
         <run_address>0x5b6</run_address>
         <size>0x564</size>
         <input_file_ref idref="fl-3"/>
      </object_component>
      <object_component id="oc-7c">
         <name>.debug_info</name>
         <load_address>0xb1a</load_address>
         <run_address>0xb1a</run_address>
         <size>0x119</size>
         <input_file_ref idref="fl-11"/>
      </object_component>
      <object_component id="oc-81">
         <name>.debug_info</name>
         <load_address>0xc33</load_address>
         <run_address>0xc33</run_address>
         <size>0xaa</size>
         <input_file_ref idref="fl-2e"/>
      </object_component>
      <object_component id="oc-83">
         <name>.debug_info</name>
         <load_address>0xcdd</load_address>
         <run_address>0xcdd</run_address>
         <size>0x1d3</size>
         <input_file_ref idref="fl-2"/>
      </object_component>
      <object_component id="oc-88">
         <name>.debug_info</name>
         <load_address>0xeb0</load_address>
         <run_address>0xeb0</run_address>
         <size>0x1b0</size>
         <input_file_ref idref="fl-3f"/>
      </object_component>
      <object_component id="oc-8c">
         <name>.debug_info</name>
         <load_address>0x1060</load_address>
         <run_address>0x1060</run_address>
         <size>0x514</size>
         <input_file_ref idref="fl-13"/>
      </object_component>
      <object_component id="oc-91">
         <name>.debug_info</name>
         <load_address>0x1574</load_address>
         <run_address>0x1574</run_address>
         <size>0x121</size>
         <input_file_ref idref="fl-36"/>
      </object_component>
      <object_component id="oc-96">
         <name>.debug_info</name>
         <load_address>0x1695</load_address>
         <run_address>0x1695</run_address>
         <size>0xce</size>
         <input_file_ref idref="fl-32"/>
      </object_component>
      <object_component id="oc-9a">
         <name>.debug_info</name>
         <load_address>0x1763</load_address>
         <run_address>0x1763</run_address>
         <size>0x46</size>
         <input_file_ref idref="fl-2f"/>
      </object_component>
      <object_component id="oc-a0">
         <name>.debug_info</name>
         <load_address>0x17a9</load_address>
         <run_address>0x17a9</run_address>
         <size>0x46</size>
         <input_file_ref idref="fl-31"/>
      </object_component>
      <object_component id="oc-a6">
         <name>.debug_info</name>
         <load_address>0x17ef</load_address>
         <run_address>0x17ef</run_address>
         <size>0x372</size>
         <input_file_ref idref="fl-30"/>
      </object_component>
      <object_component id="oc-aa">
         <name>.debug_info</name>
         <load_address>0x1b61</load_address>
         <run_address>0x1b61</run_address>
         <size>0x184</size>
         <input_file_ref idref="fl-30"/>
      </object_component>
      <object_component id="oc-ab">
         <name>.debug_info</name>
         <load_address>0x1ce5</load_address>
         <run_address>0x1ce5</run_address>
         <size>0x39</size>
         <input_file_ref idref="fl-30"/>
      </object_component>
      <object_component id="oc-b1">
         <name>.debug_info</name>
         <load_address>0x1d1e</load_address>
         <run_address>0x1d1e</run_address>
         <size>0x57e</size>
         <input_file_ref idref="fl-3"/>
      </object_component>
      <object_component id="oc-b6">
         <name>.debug_info</name>
         <load_address>0x229c</load_address>
         <run_address>0x229c</run_address>
         <size>0x6d</size>
         <input_file_ref idref="fl-2"/>
      </object_component>
      <object_component id="oc-bc">
         <name>.debug_info</name>
         <load_address>0x2309</load_address>
         <run_address>0x2309</run_address>
         <size>0x15b</size>
         <input_file_ref idref="fl-11"/>
      </object_component>
      <object_component id="oc-c1">
         <name>.debug_info</name>
         <load_address>0x2464</load_address>
         <run_address>0x2464</run_address>
         <size>0xf3</size>
         <input_file_ref idref="fl-11"/>
      </object_component>
      <object_component id="oc-c8">
         <name>.debug_info</name>
         <load_address>0x2557</load_address>
         <run_address>0x2557</run_address>
         <size>0x89</size>
         <input_file_ref idref="fl-2e"/>
      </object_component>
      <object_component id="oc-ce">
         <name>.debug_info</name>
         <load_address>0x25e0</load_address>
         <run_address>0x25e0</run_address>
         <size>0x1ae</size>
         <input_file_ref idref="fl-2"/>
      </object_component>
      <object_component id="oc-d3">
         <name>.debug_info</name>
         <load_address>0x278e</load_address>
         <run_address>0x278e</run_address>
         <size>0x249</size>
         <input_file_ref idref="fl-2"/>
      </object_component>
      <object_component id="oc-d8">
         <name>.debug_info</name>
         <load_address>0x29d7</load_address>
         <run_address>0x29d7</run_address>
         <size>0x89</size>
         <input_file_ref idref="fl-2"/>
      </object_component>
      <object_component id="oc-df">
         <name>.debug_info</name>
         <load_address>0x2a60</load_address>
         <run_address>0x2a60</run_address>
         <size>0x1b5</size>
         <input_file_ref idref="fl-3a"/>
      </object_component>
      <object_component id="oc-e3">
         <name>.debug_info</name>
         <load_address>0x2c15</load_address>
         <run_address>0x2c15</run_address>
         <size>0x227</size>
         <input_file_ref idref="fl-2"/>
      </object_component>
      <object_component id="oc-e8">
         <name>.debug_info</name>
         <load_address>0x2e3c</load_address>
         <run_address>0x2e3c</run_address>
         <size>0x173</size>
         <input_file_ref idref="fl-10"/>
      </object_component>
      <object_component id="oc-ed">
         <name>.debug_info</name>
         <load_address>0x2faf</load_address>
         <run_address>0x2faf</run_address>
         <size>0x2fd</size>
         <input_file_ref idref="fl-6"/>
      </object_component>
      <object_component id="oc-f2">
         <name>.debug_info</name>
         <load_address>0x32ac</load_address>
         <run_address>0x32ac</run_address>
         <size>0x150</size>
         <input_file_ref idref="fl-13"/>
      </object_component>
      <object_component id="oc-f7">
         <name>.debug_info</name>
         <load_address>0x33fc</load_address>
         <run_address>0x33fc</run_address>
         <size>0x209</size>
         <input_file_ref idref="fl-6"/>
      </object_component>
      <object_component id="oc-fc">
         <name>.debug_info</name>
         <load_address>0x3605</load_address>
         <run_address>0x3605</run_address>
         <size>0x152</size>
         <input_file_ref idref="fl-12"/>
      </object_component>
      <object_component id="oc-102">
         <name>.debug_info</name>
         <load_address>0x3757</load_address>
         <run_address>0x3757</run_address>
         <size>0x20a</size>
         <input_file_ref idref="fl-10"/>
      </object_component>
      <object_component id="oc-107">
         <name>.debug_info</name>
         <load_address>0x3961</load_address>
         <run_address>0x3961</run_address>
         <size>0x167</size>
         <input_file_ref idref="fl-13"/>
      </object_component>
      <object_component id="oc-10c">
         <name>.debug_info</name>
         <load_address>0x3ac8</load_address>
         <run_address>0x3ac8</run_address>
         <size>0x153</size>
         <input_file_ref idref="fl-13"/>
      </object_component>
      <object_component id="oc-10e">
         <name>.debug_info</name>
         <load_address>0x3c1b</load_address>
         <run_address>0x3c1b</run_address>
         <size>0xd3</size>
         <input_file_ref idref="fl-13"/>
      </object_component>
      <object_component id="oc-110">
         <name>.debug_info</name>
         <load_address>0x3cee</load_address>
         <run_address>0x3cee</run_address>
         <size>0x36f</size>
         <input_file_ref idref="fl-6"/>
      </object_component>
      <object_component id="oc-115">
         <name>.debug_info</name>
         <load_address>0x405d</load_address>
         <run_address>0x405d</run_address>
         <size>0x26e</size>
         <input_file_ref idref="fl-6"/>
      </object_component>
      <object_component id="oc-11a">
         <name>.debug_info</name>
         <load_address>0x42cb</load_address>
         <run_address>0x42cb</run_address>
         <size>0x210</size>
         <input_file_ref idref="fl-12"/>
      </object_component>
      <object_component id="oc-11c">
         <name>.debug_info</name>
         <load_address>0x44db</load_address>
         <run_address>0x44db</run_address>
         <size>0x124</size>
         <input_file_ref idref="fl-12"/>
      </object_component>
      <object_component id="oc-11e">
         <name>.debug_info</name>
         <load_address>0x45ff</load_address>
         <run_address>0x45ff</run_address>
         <size>0x19f</size>
         <input_file_ref idref="fl-13"/>
      </object_component>
      <object_component id="oc-123">
         <name>.debug_info</name>
         <load_address>0x479e</load_address>
         <run_address>0x479e</run_address>
         <size>0x297</size>
         <input_file_ref idref="fl-3"/>
      </object_component>
      <object_component id="oc-128">
         <name>.debug_info</name>
         <load_address>0x4a35</load_address>
         <run_address>0x4a35</run_address>
         <size>0x2c</size>
         <input_file_ref idref="fl-3"/>
      </object_component>
      <object_component id="oc-12d">
         <name>.debug_info</name>
         <load_address>0x4a61</load_address>
         <run_address>0x4a61</run_address>
         <size>0x526</size>
         <input_file_ref idref="fl-13"/>
      </object_component>
      <object_component id="oc-130">
         <name>.debug_info</name>
         <load_address>0x4f87</load_address>
         <run_address>0x4f87</run_address>
         <size>0x84</size>
         <input_file_ref idref="fl-2f"/>
      </object_component>
      <object_component id="oc-139">
         <name>.debug_info</name>
         <load_address>0x500b</load_address>
         <run_address>0x500b</run_address>
         <size>0x287</size>
         <input_file_ref idref="fl-3"/>
      </object_component>
      <object_component id="oc-13b">
         <name>.debug_info</name>
         <load_address>0x5292</load_address>
         <run_address>0x5292</run_address>
         <size>0x36c</size>
         <input_file_ref idref="fl-3"/>
      </object_component>
      <object_component id="oc-140">
         <name>.debug_info</name>
         <load_address>0x55fe</load_address>
         <run_address>0x55fe</run_address>
         <size>0x5a0</size>
         <input_file_ref idref="fl-3"/>
      </object_component>
      <object_component id="oc-145">
         <name>.debug_info</name>
         <load_address>0x5b9e</load_address>
         <run_address>0x5b9e</run_address>
         <size>0x100</size>
         <input_file_ref idref="fl-3"/>
      </object_component>
      <object_component id="oc-147">
         <name>.debug_info</name>
         <load_address>0x5c9e</load_address>
         <run_address>0x5c9e</run_address>
         <size>0x31f</size>
         <input_file_ref idref="fl-3"/>
      </object_component>
      <object_component id="oc-14c">
         <name>.debug_info</name>
         <load_address>0x5fbd</load_address>
         <run_address>0x5fbd</run_address>
         <size>0x201</size>
         <input_file_ref idref="fl-3"/>
      </object_component>
      <object_component id="oc-151">
         <name>.debug_info</name>
         <load_address>0x61be</load_address>
         <run_address>0x61be</run_address>
         <size>0x1fe</size>
         <input_file_ref idref="fl-5"/>
      </object_component>
      <object_component id="oc-156">
         <name>.debug_info</name>
         <load_address>0x63bc</load_address>
         <run_address>0x63bc</run_address>
         <size>0x4b2</size>
         <input_file_ref idref="fl-3"/>
      </object_component>
      <object_component id="oc-15c">
         <name>.debug_info</name>
         <load_address>0x686e</load_address>
         <run_address>0x686e</run_address>
         <size>0x16b</size>
         <input_file_ref idref="fl-11"/>
      </object_component>
      <object_component id="oc-15e">
         <name>.debug_info</name>
         <load_address>0x69d9</load_address>
         <run_address>0x69d9</run_address>
         <size>0x16f</size>
         <input_file_ref idref="fl-11"/>
      </object_component>
      <object_component id="oc-163">
         <name>.debug_info</name>
         <load_address>0x6b48</load_address>
         <run_address>0x6b48</run_address>
         <size>0x3b</size>
         <input_file_ref idref="fl-11"/>
      </object_component>
      <object_component id="oc-169">
         <name>.debug_info</name>
         <load_address>0x6b83</load_address>
         <run_address>0x6b83</run_address>
         <size>0xce</size>
         <input_file_ref idref="fl-11"/>
      </object_component>
      <object_component id="oc-16c">
         <name>.debug_info</name>
         <load_address>0x6c51</load_address>
         <run_address>0x6c51</run_address>
         <size>0x2c5</size>
         <input_file_ref idref="fl-2"/>
      </object_component>
      <object_component id="oc-173">
         <name>.debug_info</name>
         <load_address>0x6f16</load_address>
         <run_address>0x6f16</run_address>
         <size>0x107</size>
         <input_file_ref idref="fl-3a"/>
      </object_component>
      <object_component id="oc-174">
         <name>.debug_info</name>
         <load_address>0x701d</load_address>
         <run_address>0x701d</run_address>
         <size>0x90</size>
         <input_file_ref idref="fl-38"/>
      </object_component>
      <object_component id="oc-179">
         <name>.debug_info</name>
         <load_address>0x70ad</load_address>
         <run_address>0x70ad</run_address>
         <size>0x2c</size>
         <input_file_ref idref="fl-30"/>
      </object_component>
      <object_component id="oc-17f">
         <name>.debug_info</name>
         <load_address>0x70d9</load_address>
         <run_address>0x70d9</run_address>
         <size>0x1a2</size>
         <input_file_ref idref="fl-2"/>
      </object_component>
      <object_component id="oc-184">
         <name>.debug_info</name>
         <load_address>0x727b</load_address>
         <run_address>0x727b</run_address>
         <size>0x1d3</size>
         <input_file_ref idref="fl-2"/>
      </object_component>
      <object_component id="oc-18a">
         <name>.debug_info</name>
         <load_address>0x744e</load_address>
         <run_address>0x744e</run_address>
         <size>0x106</size>
         <input_file_ref idref="fl-11"/>
      </object_component>
      <object_component id="oc-18f">
         <name>.debug_info</name>
         <load_address>0x7554</load_address>
         <run_address>0x7554</run_address>
         <size>0x103</size>
         <input_file_ref idref="fl-10"/>
      </object_component>
      <object_component id="oc-191">
         <name>.debug_info</name>
         <load_address>0x7657</load_address>
         <run_address>0x7657</run_address>
         <size>0x1ba</size>
         <input_file_ref idref="fl-10"/>
      </object_component>
      <object_component id="oc-193">
         <name>.debug_info</name>
         <load_address>0x7811</load_address>
         <run_address>0x7811</run_address>
         <size>0x1a2</size>
         <input_file_ref idref="fl-10"/>
      </object_component>
      <object_component id="oc-198">
         <name>.debug_info</name>
         <load_address>0x79b3</load_address>
[...]
         <name>nwk_SendEmptyPollRspFrame</name>
         <value>0x8dae</value>
         <object_component_ref idref="oc-566"/>
      </symbol>
      <symbol id="sm-665">
         <name>nwk_sendFrame</name>
         <value>0xa174</value>
         <object_component_ref idref="oc-30b"/>
      </symbol>
      <symbol id="sm-666">
         <name>nwk_getSandFFrame</name>
         <value>0x93d0</value>
         <object_component_ref idref="oc-561"/>
      </symbol>
      <symbol id="sm-667">
         <name>isDupSandFFrame</name>
         <value>0x8e4e</value>
         <object_component_ref idref="oc-3e2"/>
      </symbol>
      <symbol id="sm-668">
         <name>nwk_getMyRxType</name>
         <value>0xa970</value>
         <object_component_ref idref="oc-541"/>
      </symbol>
      <symbol id="sm-669">
         <name>nwk_frameInit</name>
         <value>0xa3ca</value>
         <object_component_ref idref="oc-34c"/>
      </symbol>
      <symbol id="sm-66a">
         <name>nwk_retrieveFrame</name>
         <value>0x8d08</value>
         <object_component_ref idref="oc-24b"/>
      </symbol>
      <symbol id="sm-66b">
         <name>nwk_sendAckReply</name>
         <value>0x8ee8</value>
         <object_component_ref idref="oc-4ad"/>
      </symbol>
      <symbol id="sm-66c">
         <name>MRFI_RxCompleteISR</name>
         <value>0xa570</value>
         <object_component_ref idref="oc-150"/>
      </symbol>
      <symbol id="sm-6b8">
         <name>SMPL_Receive</name>
         <value>0x99ec</value>
         <object_component_ref idref="oc-114"/>
      </symbol>
      <symbol id="sm-6b9">
         <name>SMPL_Init</name>
         <value>0xa22c</value>
         <object_component_ref idref="oc-f6"/>
      </symbol>
      <symbol id="sm-6ba">
         <name>SMPL_LinkListen</name>
         <value>0x9444</value>
         <object_component_ref idref="oc-10f"/>
      </symbol>
      <symbol id="sm-6bb">
         <name>SMPL_Ioctl</name>
         <value>0x8b7a</value>
         <object_component_ref idref="oc-ec"/>
      </symbol>
      <symbol id="sm-75e">
         <name>nwk_QadjustOrder</name>
         <value>0x9f7e</value>
         <object_component_ref idref="oc-3b1"/>
      </symbol>
      <symbol id="sm-75f">
         <name>nwk_QfindSlot</name>
         <value>0x92d6</value>
         <object_component_ref idref="oc-284"/>
      </symbol>
      <symbol id="sm-760">
         <name>nwk_QInit</name>
         <value>0xa5ee</value>
         <object_component_ref idref="oc-351"/>
      </symbol>
      <symbol id="sm-761">
         <name>nwk_getQ</name>
         <value>0xa87e</value>
         <object_component_ref idref="oc-4a7"/>
      </symbol>
      <symbol id="sm-762">
         <name>nwk_QfindOldest</name>
         <value>0x8514</value>
         <object_component_ref idref="oc-3ac"/>
      </symbol>
      <symbol id="sm-85d">
         <name>nwk_getNextConnection</name>
         <value>0x9900</value>
         <object_component_ref idref="oc-537"/>
      </symbol>
      <symbol id="sm-85e">
         <name>nwk_freeConnection</name>
         <value>0xa95e</value>
         <object_component_ref idref="oc-2e3"/>
      </symbol>
      <symbol id="sm-85f">
         <name>nwk_checkConnInfo</name>
         <value>0xa308</value>
         <object_component_ref idref="oc-246"/>
      </symbol>
      <symbol id="sm-860">
         <name>nwk_checkAppMsgTID</name>
         <value>0xa2b0</value>
         <object_component_ref idref="oc-55c"/>
      </symbol>
      <symbol id="sm-861">
         <name>nwk_saveJoinedDevice</name>
         <value>0x958a</value>
         <object_component_ref idref="oc-551"/>
      </symbol>
      <symbol id="sm-862">
         <name>nwk_isLinkDuplicate</name>
         <value>0x9b92</value>
         <object_component_ref idref="oc-52d"/>
      </symbol>
      <symbol id="sm-863">
         <name>nwk_getSFInfoPtr</name>
         <value>0xa97c</value>
         <object_component_ref idref="oc-453"/>
      </symbol>
      <symbol id="sm-864">
         <name>nwk_isConnectionValid</name>
         <value>0x90aa</value>
         <object_component_ref idref="oc-3e7"/>
      </symbol>
      <symbol id="sm-865">
         <name>nwk_isValidReply</name>
         <value>0x9df6</value>
         <object_component_ref idref="oc-4e7"/>
      </symbol>
      <symbol id="sm-866">
         <name>nwk_findAlreadyJoined</name>
         <value>0x9b0a</value>
         <object_component_ref idref="oc-532"/>
      </symbol>
      <symbol id="sm-867">
         <name>nwk_putNumObjectIntoMsg</name>
         <value>0x9d08</value>
         <object_component_ref idref="oc-54c"/>
      </symbol>
      <symbol id="sm-868">
         <name>nwk_allocateLocalRxPort</name>
         <value>0x89c8</value>
         <object_component_ref idref="oc-53c"/>
      </symbol>
      <symbol id="sm-869">
         <name>nwk_nwkInit</name>
         <value>0x91cc</value>
         <object_component_ref idref="oc-1f6"/>
      </symbol>
      <symbol id="sm-86a">
         <name>nwk_getConnInfo</name>
         <value>0xa080</value>
         <object_component_ref idref="oc-241"/>
      </symbol>
      <symbol id="sm-86b">
         <name>nwk_getNumObjectFromMsg</name>
         <value>0xa8b8</value>
         <object_component_ref idref="oc-528"/>
      </symbol>
      <symbol id="sm-88b">
         <name>nwk_securityInit</name>
         <value>0xa998</value>
         <object_component_ref idref="oc-36f"/>
      </symbol>
      <symbol id="sm-88c">
         <name>nwk_processSecurity</name>
         <value>0xa98e</value>
         <object_component_ref idref="oc-494"/>
      </symbol>
      <symbol id="sm-8ba">
         <name>nwk_processPing</name>
         <value>0xa114</value>
         <object_component_ref idref="oc-485"/>
      </symbol>
      <symbol id="sm-8bb">
         <name>nwk_pingInit</name>
         <value>0xa946</value>
         <object_component_ref idref="oc-35b"/>
      </symbol>
      <symbol id="sm-8f8">
         <name>nwk_mgmtInit</name>
         <value>0xa6e8</value>
         <object_component_ref idref="oc-365"/>
      </symbol>
      <symbol id="sm-8f9">
         <name>nwk_resetSFMarker</name>
         <value>0xa950</value>
         <object_component_ref idref="oc-556"/>
      </symbol>
      <symbol id="sm-8fa">
         <name>nwk_processMgmt</name>
         <value>0x9a7c</value>
         <object_component_ref idref="oc-49e"/>
      </symbol>
      <symbol id="sm-964">
         <name>nwk_linkInit</name>
         <value>0xa0b2</value>
         <object_component_ref idref="oc-36a"/>
      </symbol>
      <symbol id="sm-965">
         <name>nwk_setLinkToken</name>
         <value>0xa84c</value>
         <object_component_ref idref="oc-44e"/>
      </symbol>
      <symbol id="sm-966">
         <name>nwk_getLocalLinkID</name>
         <value>0x9c52</value>
         <object_component_ref idref="oc-231"/>
      </symbol>
      <symbol id="sm-967">
         <name>nwk_setListenContext</name>
         <value>0xa8d4</value>
         <object_component_ref idref="oc-22c"/>
      </symbol>
      <symbol id="sm-968">
         <name>nwk_getLinkToken</name>
         <value>0xa828</value>
         <object_component_ref idref="oc-547"/>
      </symbol>
      <symbol id="sm-969">
         <name>nwk_processLink</name>
         <value>0xa1d2</value>
         <object_component_ref idref="oc-48a"/>
      </symbol>
      <symbol id="sm-9c0">
         <name>nwk_processJoin</name>
         <value>0x9ccc</value>
         <object_component_ref idref="oc-48f"/>
      </symbol>
      <symbol id="sm-9c1">
         <name>nwk_isSandFClient</name>
         <value>0x9dbc</value>
         <object_component_ref idref="oc-3dd"/>
      </symbol>
      <symbol id="sm-9c2">
         <name>nwk_joinInit</name>
         <value>0x9e30</value>
         <object_component_ref idref="oc-360"/>
      </symbol>
      <symbol id="sm-9c3">
         <name>nwk_setJoinContext</name>
         <value>0xa8c6</value>
         <object_component_ref idref="oc-2fa"/>
      </symbol>
      <symbol id="sm-9c4">
         <name>nwk_join</name>
         <value>0xa986</value>
         <object_component_ref idref="oc-205"/>
      </symbol>
      <symbol id="sm-a00">
         <name>nwk_joinContext</name>
         <value>0xa7f0</value>
         <object_component_ref idref="oc-1d0"/>
      </symbol>
      <symbol id="sm-a01">
         <name>nwk_radioControl</name>
         <value>0x9356</value>
         <object_component_ref idref="oc-1d5"/>
      </symbol>
      <symbol id="sm-a02">
         <name>nwk_rawSend</name>
         <value>0x985c</value>
         <object_component_ref idref="oc-1da"/>
      </symbol>
      <symbol id="sm-a03">
         <name>nwk_rawReceive</name>
         <value>0xa144</value>
         <object_component_ref idref="oc-1df"/>
      </symbol>
      <symbol id="sm-a04">
         <name>nwk_connectionControl</name>
         <value>0xa3a4</value>
         <object_component_ref idref="oc-1c6"/>
      </symbol>
      <symbol id="sm-a05">
         <name>nwk_deviceAddress</name>
         <value>0xa04e</value>
         <object_component_ref idref="oc-1cb"/>
      </symbol>
      <symbol id="sm-a16">
         <name>nwk_freqInit</name>
         <value>0xa996</value>
         <object_component_ref idref="oc-356"/>
      </symbol>
      <symbol id="sm-a17">
         <name>nwk_processFreq</name>
         <value>0xa98a</value>
         <object_component_ref idref="oc-499"/>
      </symbol>
      <symbol id="sm-ab1">
         <name>tx_peek</name>
         <value>0xa700</value>
         <object_component_ref idref="oc-211"/>
      </symbol>
      <symbol id="sm-ab2">
         <name>tx_send_wait</name>
         <value>0x9d80</value>
         <object_component_ref idref="oc-101"/>
      </symbol>
      <symbol id="sm-ab3">
         <name>tx_send</name>
         <value>0x9d44</value>
         <object_component_ref idref="oc-216"/>
      </symbol>
      <symbol id="sm-ab4">
         <name>tx_handler</name>
         <value>0x9fe8</value>
         <object_component_ref idref="oc-19c"/>
      </symbol>
      <symbol id="sm-ab5">
         <name>rx_handler</name>
         <value>0x970c</value>
         <object_component_ref idref="oc-192"/>
      </symbol>
      <symbol id="sm-ab6">
         <name>uart_intfc_init</name>
         <value>0x99a0</value>
         <object_component_ref idref="oc-e7"/>
      </symbol>
      <symbol id="sm-ab7">
         <name>rf_handler</name>
         <value>0x9fb4</value>
         <object_component_ref idref="oc-1a6"/>
      </symbol>
      <symbol id="sm-b0d">
         <name>uart_rx_handler</name>
         <value>0x1ec8</value>
         <object_component_ref idref="oc-15b"/>
      </symbol>
      <symbol id="sm-b0e">
         <name>uart_tx_handler</name>
         <value>0x1ec4</value>
         <object_component_ref idref="oc-15b"/>
      </symbol>
      <symbol id="sm-b0f">
         <name>USCI_A0_ISR</name>
         <value>0xa75a</value>
         <object_component_ref idref="oc-7a"/>
      </symbol>
      <symbol id="sm-b10">
         <name>uart_rx_message_suspend</name>
         <value>0xa992</value>
         <object_component_ref idref="oc-2c9"/>
      </symbol>
      <symbol id="sm-b11">
         <name>uart_rx_bufer_pointer</name>
         <value>0x1ece</value>
         <object_component_ref idref="oc-15b"/>
      </symbol>
      <symbol id="sm-b12">
         <name>uart_tx_message</name>
         <value>0xa416</value>
         <object_component_ref idref="oc-1a1"/>
      </symbol>
      <symbol id="sm-b13">
         <name>uart_rx_message</name>
         <value>0xa50c</value>
         <object_component_ref idref="oc-197"/>
      </symbol>
      <symbol id="sm-b14">
         <name>uart_tx_message_resume</name>
         <value>0xa52e</value>
         <object_component_ref idref="oc-38a"/>
      </symbol>
      <symbol id="sm-b15">
         <name>uart_init</name>
         <value>0x913c</value>
         <object_component_ref idref="oc-189"/>
      </symbol>
      <symbol id="sm-b16">
         <name>uart_tx_message_suspend</name>
         <value>0xa648</value>
         <object_component_ref idref="oc-15d"/>
      </symbol>
      <symbol id="sm-b17">
         <name>uart_rx_bufer</name>
         <value>0x1d9c</value>
         <object_component_ref idref="oc-168"/>
      </symbol>
      <symbol id="sm-b18">
         <name>uart_tx_suspend</name>
         <value>0x1ecc</value>
         <object_component_ref idref="oc-15b"/>
      </symbol>
      <symbol id="sm-b3c">
         <name>rf_tx_message</name>
         <value>0xa682</value>
         <object_component_ref idref="oc-1ab"/>
      </symbol>
      <symbol id="sm-b3d">
         <name>rf_tx_message_suspend</name>
         <value>0xa60c</value>
         <object_component_ref idref="oc-20b"/>
      </symbol>
      <symbol id="sm-b3e">
         <name>radio_processing</name>
         <value>0x9764</value>
         <object_component_ref idref="oc-fb"/>
      </symbol>
      <symbol id="sm-b3f">
         <name>sLinkID1</name>
         <value>0x1d68</value>
         <object_component_ref idref="oc-11b"/>
      </symbol>
      <symbol id="sm-b40">
         <name>sLinkID2</name>
         <value>0x1d69</value>
         <object_component_ref idref="oc-11b"/>
      </symbol>
      <symbol id="sm-b41">
         <name>PAUSE_COUNTER</name>
         <value>0x1e9e</value>
         <object_component_ref idref="oc-119"/>
      </symbol>
      <symbol id="sm-b42">
         <name>RADIO_INT_ENABLE</name>
         <value>0x1e94</value>
         <object_component_ref idref="oc-119"/>
      </symbol>
      <symbol id="sm-b43">
         <name>RF_ACK_FLAG</name>
         <value>0x1e96</value>
         <object_component_ref idref="oc-119"/>
      </symbol>
      <symbol id="sm-b44">
         <name>msg</name>
         <value>0x1d66</value>
         <object_component_ref idref="oc-11b"/>
      </symbol>
      <symbol id="sm-b45">
         <name>RF_IRQ_ENABLED</name>
         <value>0x1e90</value>
         <object_component_ref idref="oc-119"/>
      </symbol>
      <symbol id="sm-b46">
         <name>rf_rx_bufer</name>
         <value>0x1d6a</value>
         <object_component_ref idref="oc-11b"/>
      </symbol>
      <symbol id="sm-b47">
         <name>rf_tx_handler</name>
         <value>0x1e98</value>
         <object_component_ref idref="oc-119"/>
      </symbol>
      <symbol id="sm-b48">
         <name>RF_MESSAGE_SENT</name>
         <value>0x1e92</value>
         <object_component_ref idref="oc-119"/>
      </symbol>
      <symbol id="sm-b49">
         <name>rf_rx_bufer_pointer</name>
         <value>0x1ea2</value>
         <object_component_ref idref="oc-119"/>
      </symbol>
      <symbol id="sm-b4a">
         <name>rf_tx_suspend</name>
         <value>0x1e9c</value>
         <object_component_ref idref="oc-119"/>
      </symbol>
      <symbol id="sm-bb8">
         <name>main</name>
         <value>0x8384</value>
         <object_component_ref idref="oc-8b"/>
      </symbol>
      <symbol id="sm-bb9">
         <name>toggleLED</name>
         <value>0xa7b2</value>
         <object_component_ref idref="oc-106"/>
      </symbol>
      <symbol id="sm-bc2">
         <name>__mspabi_sral</name>
         <value>0xa86e</value>
         <object_component_ref idref="oc-334"/>
      </symbol>
      <symbol id="sm-bd4">
         <name>_c_int00_noexit</name>
         <value>0xa69e</value>
         <object_component_ref idref="oc-63"/>
      </symbol>
      <symbol id="sm-bd5">
         <name>_c_int00</name>
         <value>0xa69e</value>
         <object_component_ref idref="oc-63"/>
      </symbol>
      <symbol id="sm-bd6">
         <name>_stack</name>
         <value>0x2bac</value>
         <object_component_ref idref="oc-80"/>
      </symbol>
      <symbol id="sm-bd7">
         <name>_reset_vector</name>
         <value>0xfffe</value>
         <object_component_ref idref="oc-64"/>
      </symbol>
      <symbol id="sm-be8">
         <name>__TI_decompress_none</name>
         <value>0x9c90</value>
         <object_component_ref idref="oc-68"/>
      </symbol>
      <symbol id="sm-c0c">
         <name>__TI_decompress_rle24</name>
         <value>0xa8aa</value>
         <object_component_ref idref="oc-70"/>
      </symbol>
      <symbol id="sm-c1a">
         <name>__TI_zero_init</name>
         <value>0x9ea4</value>
         <object_component_ref idref="oc-6c"/>
      </symbol>
      <symbol id="sm-c24">
         <name>__memcpy_far</name>
         <value>0x9bd4</value>
         <object_component_ref idref="oc-95"/>
      </symbol>
      <symbol id="sm-c2f">
         <name>__mspabi_remi</name>
         <value>0xa2dc</value>
         <object_component_ref idref="oc-27f"/>
      </symbol>
      <symbol id="sm-c30">
         <name>__mspabi_divi</name>
         <value>0xa2dc</value>
         <object_component_ref idref="oc-27f"/>
      </symbol>
      <symbol id="sm-c39">
         <name>__mspabi_remu</name>
         <value>0xa770</value>
         <object_component_ref idref="oc-3c6"/>
      </symbol>
      <symbol id="sm-c3a">
         <name>__mspabi_divu</name>
         <value>0xa770</value>
         <object_component_ref idref="oc-3c6"/>
      </symbol>
      <symbol id="sm-c47">
         <name>__mspabi_remul</name>
         <value>0x96b4</value>
         <object_component_ref idref="oc-33c"/>
      </symbol>
      <symbol id="sm-c48">
         <name>__mspabi_divul</name>
         <value>0x96b4</value>
         <object_component_ref idref="oc-33c"/>
      </symbol>
      <symbol id="sm-c50">
         <name>C$$EXIT</name>
         <value>0xa982</value>
         <object_component_ref idref="oc-90"/>
      </symbol>
      <symbol id="sm-c51">
         <name>abort</name>
         <value>0xa982</value>
         <object_component_ref idref="oc-90"/>
      </symbol>
      <symbol id="sm-c5e">
         <name>memcmp</name>
         <value>0xa4c8</value>
         <object_component_ref idref="oc-3d2"/>
      </symbol>
      <symbol id="sm-c6f">
         <name>memcpy</name>
         <value>0xa816</value>
         <object_component_ref idref="oc-1c2"/>
      </symbol>
      <symbol id="sm-c7c">
         <name>memmove</name>
         <value>0xa5b0</value>
         <object_component_ref idref="oc-56c"/>
      </symbol>
      <symbol id="sm-c88">
         <name>memset</name>
         <value>0xa7dc</value>
         <object_component_ref idref="oc-de"/>
      </symbol>
      <symbol id="sm-c8f">
         <name>__mspabi_mpyi_f5hw</name>
         <value>0xa786</value>
         <object_component_ref idref="oc-340"/>
      </symbol>
      <symbol id="sm-c96">
         <name>__mspabi_mpyl_f5hw</name>
         <value>0xa4ea</value>
         <object_component_ref idref="oc-338"/>
      </symbol>
      <symbol id="sm-ca4">
         <name>_auto_init</name>
         <value>0x94b4</value>
         <object_component_ref idref="oc-87"/>
      </symbol>
      <symbol id="sm-ca5">
         <name>__TI_exit</name>
         <value>0x1</value>
      </symbol>
      <symbol id="sm-ca6">
         <name>__TI_args_main</name>
         <value>0x1</value>
      </symbol>
      <symbol id="sm-ca7">
         <name>__TI_INITARRAY_Base</name>
         <value>0x0</value>
      </symbol>
      <symbol id="sm-ca8">
         <name>__TI_INITARRAY_Limit</name>
         <value>0x0</value>
      </symbol>
   </symbol_table>
</link_info>
