******************************************************************************
                  MSP430 Linker PC v4.1.5                      
******************************************************************************
>> Linked Sun Oct 06 13:38:53 2013

OUTPUT FILE NAME:   <TE-CC430EV-868-Point2Point.out>
ENTRY POINT SYMBOL: "_c_int00"  address: 0000a2b4


MEMORY CONFIGURATION

         name            origin    length      used     unused   attr    fill
----------------------  --------  ---------  --------  --------  ----  --------
  SFR                   00000000   00000010  00000000  00000010  RWIX
  PERIPHERALS_8BIT      00000010   000000f0  00000000  000000f0  RWIX
  PERIPHERALS_16BIT     00000100   00000100  00000000  00000100  RWIX
  INFOD                 00001800   00000080  00000000  00000080  RWIX
  INFOC                 00001880   00000080  00000000  00000080  RWIX
  INFOB                 00001900   00000080  00000000  00000080  RWIX
  INFOA                 00001980   00000080  00000000  00000080  RWIX
  RAM                   00001c00   00000ffe  00000289  00000d75  RWIX
  FLASH                 00008000   00007f80  000026df  000058a1  RWIX
  INT00                 0000ff80   00000002  00000000  00000002  RWIX
  INT01                 0000ff82   00000002  00000000  00000002  RWIX
  INT02                 0000ff84   00000002  00000000  00000002  RWIX
  INT03                 0000ff86   00000002  00000000  00000002  RWIX
  INT04                 0000ff88   00000002  00000000  00000002  RWIX
  INT05                 0000ff8a   00000002  00000000  00000002  RWIX
  INT06                 0000ff8c   00000002  00000000  00000002  RWIX
  INT07                 0000ff8e   00000002  00000000  00000002  RWIX
  INT08                 0000ff90   00000002  00000000  00000002  RWIX
  INT09                 0000ff92   00000002  00000000  00000002  RWIX
  INT10                 0000ff94   00000002  00000000  00000002  RWIX
  INT11                 0000ff96   00000002  00000000  00000002  RWIX
  INT12                 0000ff98   00000002  00000000  00000002  RWIX
  INT13                 0000ff9a   00000002  00000000  00000002  RWIX
  INT14                 0000ff9c   00000002  00000000  00000002  RWIX
  INT15                 0000ff9e   00000002  00000000  00000002  RWIX
  INT16                 0000ffa0   00000002  00000000  00000002  RWIX
  INT17                 0000ffa2   00000002  00000000  00000002  RWIX
  INT18                 0000ffa4   00000002  00000000  00000002  RWIX
  INT19                 0000ffa6   00000002  00000000  00000002  RWIX
  INT20                 0000ffa8   00000002  00000000  00000002  RWIX
  INT21                 0000ffaa   00000002  00000000  00000002  RWIX
  INT22                 0000ffac   00000002  00000000  00000002  RWIX
  INT23                 0000ffae   00000002  00000000  00000002  RWIX
  INT24                 0000ffb0   00000002  00000000  00000002  RWIX
  INT25                 0000ffb2   00000002  00000000  00000002  RWIX
  INT26                 0000ffb4   00000002  00000000  00000002  RWIX
  INT27                 0000ffb6   00000002  00000000  00000002  RWIX
  INT28                 0000ffb8   00000002  00000000  00000002  RWIX
  INT29                 0000ffba   00000002  00000000  00000002  RWIX
  INT30                 0000ffbc   00000002  00000000  00000002  RWIX
  INT31                 0000ffbe   00000002  00000000  00000002  RWIX
  INT32                 0000ffc0   00000002  00000000  00000002  RWIX
  INT33                 0000ffc2   00000002  00000000  00000002  RWIX
  INT34                 0000ffc4   00000002  00000000  00000002  RWIX
  INT35                 0000ffc6   00000002  00000000  00000002  RWIX
  INT36                 0000ffc8   00000002  00000000  00000002  RWIX
  INT37                 0000ffca   00000002  00000000  00000002  RWIX
  INT38                 0000ffcc   00000002  00000000  00000002  RWIX
  INT39                 0000ffce   00000002  00000000  00000002  RWIX
  INT40                 0000ffd0   00000002  00000000  00000002  RWIX
  INT41                 0000ffd2   00000002  00000000  00000002  RWIX
  INT42                 0000ffd4   00000002  00000000  00000002  RWIX
  INT43                 0000ffd6   00000002  00000000  00000002  RWIX
  INT44                 0000ffd8   00000002  00000000  00000002  RWIX
  INT45                 0000ffda   00000002  00000000  00000002  RWIX
  INT46                 0000ffdc   00000002  00000000  00000002  RWIX
  INT47                 0000ffde   00000002  00000000  00000002  RWIX
  INT48                 0000ffe0   00000002  00000000  00000002  RWIX
  INT49                 0000ffe2   00000002  00000000  00000002  RWIX
  INT50                 0000ffe4   00000002  00000000  00000002  RWIX
  INT51                 0000ffe6   00000002  00000000  00000002  RWIX
  INT52                 0000ffe8   00000002  00000000  00000002  RWIX
  INT53                 0000ffea   00000002  00000002  00000000  RWIX
  INT54                 0000ffec   00000002  00000000  00000002  RWIX
  INT55                 0000ffee   00000002  00000000  00000002  RWIX
  INT56                 0000fff0   00000002  00000000  00000002  RWIX
  INT57                 0000fff2   00000002  00000000  00000002  RWIX
  INT58                 0000fff4   00000002  00000002  00000000  RWIX
  INT59                 0000fff6   00000002  00000000  00000002  RWIX
  INT60                 0000fff8   00000002  00000000  00000002  RWIX
  INT61                 0000fffa   00000002  00000000  00000002  RWIX
  INT62                 0000fffc   00000002  00000000  00000002  RWIX
  RESET                 0000fffe   00000002  00000002  00000000  RWIX


SECTION ALLOCATION MAP

 output                                  attributes/
section   page    origin      length       input sections
--------  ----  ----------  ----------   ----------------
.init_array 
*          0    00008000    00000000     UNINITIALIZED

.bss       0    00001c00    0000018a     UNINITIALIZED
                  00001c00    00000096     uart_intfc.obj (.bss)
                  00001c96    00000068     nwk_QMgmt.obj (.bss)
                  00001cfe    00000036     radio.obj (.bss)
                  00001d34    00000032     uart.obj (.bss)
                  00001d66    00000018     mrfi.obj (.bss)
                  00001d7e    00000008     nwk_globals.obj (.bss)
                  00001d86    00000004     nwk_link.obj (.bss)

.TI.noinit 
*          0    00001c00    00000000     UNINITIALIZED

.data      0    00001d8a    000000af     
                  00001d8a    0000003c     nwk.obj (.data)
                  00001dc6    00000017     mrfi.obj (.data)
                  00001ddd    00000001     --HOLE--
                  00001dde    00000014     radio.obj (.data)
                  00001df2    00000012     uart_intfc.obj (.data)
                  00001e04    0000000c     uart.obj (.data)
                  00001e10    0000000a     nwk_frame.obj (.data)
                  00001e1a    00000009     nwk_join.obj (.data)
                  00001e23    00000001     --HOLE--
                  00001e24    00000007     nwk_link.obj (.data)
                  00001e2b    00000001     --HOLE--
                  00001e2c    00000004     mrfi.obj (.data:mrfiRxFilterAddr)
                  00001e30    00000003     nwk_mgmt.obj (.data)
                  00001e33    00000001     --HOLE--
                  00001e34    00000001     nwk_api.obj (.data)
                  00001e35    00000001     --HOLE--
                  00001e36    00000001     nwk_globals.obj (.data)
                  00001e37    00000001     --HOLE--
                  00001e38    00000001     nwk_ping.obj (.data)

.TI.persistent 
*          0    00001d8a    00000000     UNINITIALIZED

.stack     0    00002bac    00000050     UNINITIALIZED
                  00002bac    00000002     rts430x_lc_sd_eabi.lib : boot.obj (.stack)
                  00002bae    0000004e     --HOLE--

.text      0    00008000    00002512     
                  00008000    000001e2     mrfi.obj (.text:MRFI_Init)
                  000081e2    00000194     nwk_link.obj (.text:smpl_send_link_reply)
                  00008376    00000122     nwk_QMgmt.obj (.text:nwk_QfindOldest)
                  00008498    000000f8     mrfi.obj (.text:Mrfi_SyncPinRxIsr)
                  00008590    000000f8     nwk_join.obj (.text:nwk_join)
                  00008688    000000d8     nwk.obj (.text:nwk_allocateLocalRxPort)
                  00008760    000000d6     rts430x_lc_sd_eabi.lib : copy_decompress_rle.obj (.text:__TI_decompress_rle_core)
                  00008836    000000d2     main_LinkListenWithUART.obj (.text:linkFrom)
                  00008908    000000c6     mrfi.obj (.text:MRFI_Transmit)
                  000089ce    000000ae     nwk_frame.obj (.text:dispatchFrame)
                  00008a7c    000000ac     nwk_api.obj (.text:SMPL_Ioctl)
                  00008b28    000000a6     nwk_frame.obj (.text:nwk_retrieveFrame)
                  00008bce    00000096     nwk_frame.obj (.text:nwk_buildFrame)
                  00008c64    00000092     mrfi.obj (.text:mrfiRadioInterfaceCmdStrobe)
                  00008cf6    00000090     uart.obj (.text:uart_init)
                  00008d86    00000086     main_LinkListenWithUART.obj (.text:main)
                  00008e0c    00000086     nwk.obj (.text:nwk_nwkInit)
                  00008e92    0000007c     nwk_QMgmt.obj (.text:nwk_QfindSlot)
                  00008f0e    00000078     main_LinkListenWithUART.obj (.text:sRxCallback)
                  00008f86    00000076     nwk_ioctl.obj (.text:nwk_radioControl)
                  00008ffc    00000074     nwk_api.obj (.text:SMPL_SendOpt)
                  00009070    00000070     nwk_api.obj (.text:SMPL_LinkListen)
                  000090e0    0000006e     rts430x_lc_sd_eabi.lib : autoinit.obj (.text:_auto_init)
                  0000914e    00000068     mrfi.obj (.text:_isr:MRFI_RadioIsr)
                  000091b6    00000062     mrfi.obj (.text:mrfiRadioInterfaceReadRxFifo)
                  00009218    00000062     radio.obj (.text:radio_processing)
                  0000927a    00000060     nwk.obj (.text:nwk_isConnectionValid)
                  000092da    00000060     uart.obj (.text:uart_tx_irq)
                  0000933a    00000058     rts430x_lc_sd_eabi.lib : div32u.obj (.text)
                  00009392    00000058     uart_intfc.obj (.text:rx_handler)
                  000093ea    00000052     bsp.obj (.text:Bsp_SetClocks)
                  0000943c    00000052     bsp.obj (.text:SetVCoreUp)
                  0000948e    00000052     nwk_ioctl.obj (.text:nwk_rawSend)
                  000094e0    00000052     uart_intfc.obj (.text:push_buffer)
                  00009532    00000050     nwk.obj (.text:nwk_getNextConnection)
                  00009582    00000050     uart_intfc.obj (.text:pop_buffer)
                  000095d2    0000004c     uart_intfc.obj (.text:uart_intfc_init)
                  0000961e    00000048     nwk_api.obj (.text:SMPL_Receive)
                  00009666    00000048     mrfi.obj (.text:mrfiRadioInterfaceReadReg)
                  000096ae    00000046     mrfi.obj (.text:Mrfi_RxAddrIsFiltered)
                  000096f4    00000044     nwk_ping.obj (.text:smpl_send_ping_reply)
                  00009738    00000040     mrfi.obj (.text:MRFI_ReplyDelay)
                  00009778    00000040     rts430x_lc_sd_eabi.lib : cpy_util.obj (.text:__memcpy_far)
                  000097b8    00000040     nwk.obj (.text:nwk_isLinkDuplicate)
                  000097f8    0000003e     nwk.obj (.text:initializeConnection)
                  00009836    0000003e     nwk_link.obj (.text:nwk_getLocalLinkID)
                  00009874    0000003c     rts430x_lc_sd_eabi.lib : copy_decompress_none.obj (.text:decompress:none:__TI_decompress_none)
                  000098b0    0000003c     nwk.obj (.text:nwk_putNumObjectIntoMsg)
                  000098ec    0000003c     uart_intfc.obj (.text:rf_tx_send)
                  00009928    0000003c     uart_intfc.obj (.text:tx_send)
                  00009964    0000003c     uart_intfc.obj (.text:tx_send_wait)
                  000099a0    0000003a     nwk.obj (.text:nwk_isValidReply)
                  000099da    0000003a     nwk_mgmt.obj (.text:nwk_processMgmt)
                  00009a14    00000038     rts430x_lc_sd_eabi.lib : copy_zero_init.obj (.text:decompress:ZI:__TI_zero_init)
                  00009a4c    00000036     bsp.obj (.text:BSP_Delay)
                  00009a82    00000036     mrfi.obj (.text:mrfiRadioInterfaceWriteReg)
                  00009ab8    00000036     mrfi.obj (.text:mrfiRadioInterfaceWriteTxFifo)
                  00009aee    00000034     mrfi.obj (.text:MRFI_SetRxAddrFilter)
                  00009b22    00000034     nwk_api.obj (.text:SMPL_Init)
                  00009b56    00000034     nwk_QMgmt.obj (.text:nwk_QadjustOrder)
                  00009b8a    00000034     uart_intfc.obj (.text:rf_handler)
                  00009bbe    00000034     uart_intfc.obj (.text:tx_handler)
                  00009bf2    00000032     mrfi.obj (.text:MRFI_SetLogicalChannel)
                  00009c24    00000032     nwk_ioctl.obj (.text:nwk_deviceAddress)
                  00009c56    00000032     nwk.obj (.text:nwk_getConnInfo)
                  00009c88    00000032     nwk_link.obj (.text:nwk_linkInit)
                  00009cba    00000030     nwk.obj (.text:map_lid2idx)
                  00009cea    00000030     nwk_ioctl.obj (.text:nwk_rawReceive)
                  00009d1a    00000030     nwk_frame.obj (.text:nwk_sendFrame)
                  00009d4a    0000002e     mrfi.obj (.text:Mrfi_CalculateRssi)
                  00009d78    0000002c     mrfi.obj (.text:Mrfi_DelayUsecSem)
                  00009da4    0000002c     mrfi.obj (.text:Mrfi_RxModeOff)
                  00009dd0    0000002c     bsp.obj (.text:SetVCore)
                  00009dfc    0000002c     rts430x_lc_sd_eabi.lib : div16s.obj (.text)
                  00009e28    0000002a     nwk.obj (.text:nwk_checkConnInfo)
                  00009e52    00000028     nwk_ping.obj (.text:nwk_processPing)
                  00009e7a    00000026     mrfi.obj (.text:MRFI_Sleep)
                  00009ea0    00000026     mrfi.obj (.text:Mrfi_DelayUsec)
                  00009ec6    00000026     bsp.obj (.text:SetVCoreDown)
                  00009eec    00000026     nwk_ioctl.obj (.text:nwk_connectionControl)
                  00009f12    00000026     nwk_globals.obj (.text:nwk_globalsInit)
                  00009f38    00000026     nwk_join.obj (.text:nwk_joinInit)
                  00009f5e    00000026     nwk_link.obj (.text:nwk_processLink)
                  00009f84    00000026     radio.obj (.text:rf_tx_message_resume)
                  00009faa    00000026     uart.obj (.text:uart_tx_message)
                  00009fd0    00000024     mrfi.obj (.text:MRFI_Rssi)
                  00009ff4    00000024     mrfi.obj (.text:Mrfi_RandomBackoffDelay)
                  0000a018    00000022     mrfi.obj (.text:MRFI_EnableRxAddrFilter)
                  0000a03a    00000022     mrfi.obj (.text:MRFI_RxOn)
                  0000a05c    00000022     mrfi.obj (.text:MRFI_WakeUp)
                  0000a07e    00000022     rts430x_lc_sd_eabi.lib : memcmp.obj (.text:memcmp)
                  0000a0a0    00000022                            : mult32_f5hw.obj (.text)
                  0000a0c2    00000022     uart.obj (.text:uart_rx_message)
                  0000a0e4    00000022     uart.obj (.text:uart_tx_message_resume)
                  0000a106    00000020     bsp.obj (.text:BSP_Init)
                  0000a126    00000020     nwk_frame.obj (.text:MRFI_RxCompleteISR)
                  0000a146    00000020     mrfi.obj (.text:MRFI_RxIdle)
                  0000a166    00000020     nwk_link.obj (.text:handleLinkRequest)
                  0000a186    00000020     rts430x_lc_sd_eabi.lib : memmov.obj (.text:memmove)
                  0000a1a6    00000020     nwk_frame.obj (.text:nwk_frameInit)
                  0000a1c6    00000020     nwk_join.obj (.text:nwk_processJoin)
                  0000a1e6    0000001e     mrfi.obj (.text:MRFI_SetRFPwr)
                  0000a204    0000001e     nwk_QMgmt.obj (.text:nwk_QInit)
                  0000a222    0000001e     radio.obj (.text:rf_tx_message_suspend)
                  0000a240    0000001e     uart.obj (.text:uart_rx_irq)
                  0000a25e    0000001e     uart.obj (.text:uart_tx_message_suspend)
                  0000a27c    0000001c     nwk_globals.obj (.text:nwk_setMyAddress)
                  0000a298    0000001c     radio.obj (.text:rf_tx_message)
                  0000a2b4    0000001a     rts430x_lc_sd_eabi.lib : boot.obj (.text:_isr:_c_int00_noexit)
                  0000a2ce    00000018     mrfi.obj (.text:MRFI_DelayMs)
                  0000a2e6    00000018     uart_intfc.obj (.text:tx_peek)
                  0000a2fe    00000016     bsp.obj (.text:BSP_InitLeds)
                  0000a314    00000016     mrfi.obj (.text:MRFI_RandomByte)
                  0000a32a    00000016     mrfi.obj (.text:Mrfi_RxModeOn)
                  0000a340    00000016     uart.obj (.text:_isr:USCI_A0_ISR)
                  0000a356    00000016     rts430x_lc_sd_eabi.lib : div16u.obj (.text)
                  0000a36c    00000016                            : mult16_f5hw.obj (.text)
                  0000a382    00000016     main_LinkListenWithUART.obj (.text:toggleLED)
                  0000a398    00000014     nwk_api.obj (.text:ioctlPreInitAccessIsOK)
                  0000a3ac    00000014     rts430x_lc_sd_eabi.lib : memset.obj (.text:memset)
                  0000a3c0    00000012     bsp.obj (.text:_system_pre_init)
                  0000a3d2    00000012     rts430x_lc_sd_eabi.lib : memcpy.obj (.text:memcpy)
                  0000a3e4    00000012     nwk_globals.obj (.text:nwk_getMyAddress)
                  0000a3f6    00000012     nwk_link.obj (.text:nwk_setLinkToken)
                  0000a408    00000010     bsp.obj (.text:BSP_InitBoard)
                  0000a418    00000010     rts430x_lc_sd_eabi.lib : asr32.obj (.text:l_asr)
                  0000a428    0000000e     mrfi.obj (.text:MRFI_Receive)
                  0000a436    0000000e     uart_intfc.obj (.text:buffer_free_space)
                  0000a444    0000000e     rts430x_lc_sd_eabi.lib : copy_decompress_rle.obj (.text:decompress:rle24:__TI_decompress_rle24)
                  0000a452    0000000e     nwk.obj (.text:nwk_getNumObjectFromMsg)
                  0000a460    0000000e     nwk_globals.obj (.text:nwk_setAPAddress)
                  0000a46e    0000000e     nwk_link.obj (.text:nwk_setListenContext)
                  0000a47c    0000000c     mrfi.obj (.text:MRFI_PostKillSem)
                  0000a488    0000000c     uart_intfc.obj (.text:buffer_used_space)
                  0000a494    0000000c     nwk_ping.obj (.text:handlePingRequest)
                  0000a4a0    0000000a     bsp.obj (.text:BSP_InitButtons)
                  0000a4aa    0000000a     bsp.obj (.text:BSP_InitDrivers)
                  0000a4b4    0000000a     bsp.obj (.text:Bsp_SetVCore)
                  0000a4be    0000000a     nwk_mgmt.obj (.text:nwk_mgmtInit)
                  0000a4c8    0000000a     nwk_ping.obj (.text:nwk_pingInit)
                  0000a4d2    00000008     nwk_api.obj (.text:SMPL_Send)
                  0000a4da    00000006     mrfi.obj (.text:MRFI_GetRadioState)
                  0000a4e0    00000006     nwk.obj (.text:nwk_freeConnection)
                  0000a4e6    00000006     nwk_globals.obj (.text:nwk_getBCastAddress)
                  0000a4ec    00000006     nwk_globals.obj (.text:nwk_getFWVersion)
                  0000a4f2    00000006     nwk_frame.obj (.text:nwk_getMyRxType)
                  0000a4f8    00000006     nwk_globals.obj (.text:nwk_getProtocolVersion)
                  0000a4fe    00000004     rts430x_lc_sd_eabi.lib : exit.obj (.text:abort)
                  0000a502    00000004     nwk_freq.obj (.text:nwk_processFreq)
                  0000a506    00000004     nwk_security.obj (.text:nwk_processSecurity)
                  0000a50a    00000004     uart.obj (.text:uart_rx_message_suspend)
                  0000a50e    00000002     nwk_freq.obj (.text:nwk_freqInit)
                  0000a510    00000002     nwk_security.obj (.text:nwk_securityInit)

.const     0    0000a512    00000183     
                  0000a512    00000116     main_LinkListenWithUART.obj (.const:.string)
                  0000a628    00000040     mrfi.obj (.const:mrfiRadioCfg)
                  0000a668    00000018     nwk_frame.obj (.const:func)
                  0000a680    00000009     nwk_globals.obj (.const)
                  0000a689    00000001     --HOLE-- [fill = 0]
                  0000a68a    00000004     mrfi.obj (.const:.string:mrfiBroadcastAddr)
                  0000a68e    00000004     mrfi.obj (.const:.string:mrfiLogicalChanTable)
                  0000a692    00000003     mrfi.obj (.const:.string:mrfiRFPowerTable)

.cinit     0    0000a696    0000004a     
                  0000a696    00000028     (.cinit..data.load) [load image, compression = rle]
                  0000a6be    0000000c     (__TI_handler_table)
                  0000a6ca    00000006     (.cinit..bss.load) [load image, compression = zero_init]
                  0000a6d0    00000010     (__TI_cinit_table)

CC1101     0    0000ffea    00000002     
                  0000ffea    00000002     mrfi.obj (.int53)

USCI_A0    0    0000fff4    00000002     
                  0000fff4    00000002     uart.obj (.int58)

.reset     0    0000fffe    00000002     
                  0000fffe    00000002     rts430x_lc_sd_eabi.lib : boot.obj (.reset)


LINKER GENERATED COPY TABLES

__TI_cinit_table @ 0000a6d0 records: 2, size/record: 8, table size: 16
	.data: load addr=0000a696, load size=00000028 bytes, run addr=00001d8a, run size=000000af bytes, compression=rle
	.bss: load addr=0000a6ca, load size=00000006 bytes, run addr=00001c00, run size=0000018a bytes, compression=zero_init


LINKER GENERATED HANDLER TABLE

__TI_handler_table @ 0000a6be records: 3, size/record: 4, table size: 12
	index: 0, handler: __TI_zero_init
	index: 1, handler: __TI_decompress_rle24
	index: 2, handler: __TI_decompress_none


GLOBAL SYMBOLS: SORTED ALPHABETICALLY BY Name 

address    name
--------   ----
00000700   ADC12CTL0
00000701   ADC12CTL0_H
00000700   ADC12CTL0_L
00000702   ADC12CTL1
00000703   ADC12CTL1_H
00000702   ADC12CTL1_L
00000704   ADC12CTL2
00000705   ADC12CTL2_H
00000704   ADC12CTL2_L
0000070c   ADC12IE
0000070d   ADC12IE_H
0000070c   ADC12IE_L
0000070a   ADC12IFG
0000070b   ADC12IFG_H
0000070a   ADC12IFG_L
0000070e   ADC12IV
0000070f   ADC12IV_H
0000070e   ADC12IV_L
00000710   ADC12MCTL0
00000711   ADC12MCTL1
0000071a   ADC12MCTL10
0000071b   ADC12MCTL11
0000071c   ADC12MCTL12
0000071d   ADC12MCTL13
0000071e   ADC12MCTL14
0000071f   ADC12MCTL15
00000712   ADC12MCTL2
00000713   ADC12MCTL3
00000714   ADC12MCTL4
00000715   ADC12MCTL5
00000716   ADC12MCTL6
00000717   ADC12MCTL7
00000718   ADC12MCTL8
00000719   ADC12MCTL9
00000720   ADC12MEM0
00000721   ADC12MEM0_H
00000720   ADC12MEM0_L
00000722   ADC12MEM1
00000734   ADC12MEM10
00000735   ADC12MEM10_H
00000734   ADC12MEM10_L
00000736   ADC12MEM11
00000737   ADC12MEM11_H
00000736   ADC12MEM11_L
00000738   ADC12MEM12
00000739   ADC12MEM12_H
00000738   ADC12MEM12_L
0000073a   ADC12MEM13
0000073b   ADC12MEM13_H
0000073a   ADC12MEM13_L
0000073c   ADC12MEM14
0000073d   ADC12MEM14_H
0000073c   ADC12MEM14_L
0000073e   ADC12MEM15
0000073f   ADC12MEM15_H
0000073e   ADC12MEM15_L
00000723   ADC12MEM1_H
00000722   ADC12MEM1_L
00000724   ADC12MEM2
00000725   ADC12MEM2_H
00000724   ADC12MEM2_L
00000726   ADC12MEM3
00000727   ADC12MEM3_H
00000726   ADC12MEM3_L
00000728   ADC12MEM4
00000729   ADC12MEM4_H
00000728   ADC12MEM4_L
0000072a   ADC12MEM5
0000072b   ADC12MEM5_H
0000072a   ADC12MEM5_L
0000072c   ADC12MEM6
0000072d   ADC12MEM6_H
0000072c   ADC12MEM6_L
0000072e   ADC12MEM7
0000072f   ADC12MEM7_H
0000072e   ADC12MEM7_L
00000730   ADC12MEM8
00000731   ADC12MEM8_H
00000730   ADC12MEM8_L
00000732   ADC12MEM9
00000733   ADC12MEM9_H
00000732   ADC12MEM9_L
000009c0   AESACTL0
000009c1   AESACTL0_H
000009c0   AESACTL0_L
000009c8   AESADIN
000009c9   AESADIN_H
000009c8   AESADIN_L
000009ca   AESADOUT
000009cb   AESADOUT_H
000009ca   AESADOUT_L
000009c6   AESAKEY
000009c7   AESAKEY_H
000009c6   AESAKEY_L
000009c4   AESASTAT
000009c5   AESASTAT_H
000009c4   AESASTAT_L
00009a4c   BSP_Delay
0000a106   BSP_Init
0000a408   BSP_InitBoard
0000a4a0   BSP_InitButtons
0000a4aa   BSP_InitDrivers
0000a2fe   BSP_InitLeds
0000a4fe   C$$EXIT
000008c0   CBCTL0
000008c1   CBCTL0_H
000008c0   CBCTL0_L
000008c2   CBCTL1
000008c3   CBCTL1_H
000008c2   CBCTL1_L
000008c4   CBCTL2
000008c5   CBCTL2_H
000008c4   CBCTL2_L
000008c6   CBCTL3
000008c7   CBCTL3_H
000008c6   CBCTL3_L
000008cc   CBINT
000008cd   CBINT_H
000008cc   CBINT_L
000008ce   CBIV
00000150   CRCDI
00000152   CRCDIRB
00000153   CRCDIRB_H
00000152   CRCDIRB_L
00000151   CRCDI_H
00000150   CRCDI_L
00000154   CRCINIRES
00000155   CRCINIRES_H
00000154   CRCINIRES_L
00000156   CRCRESR
00000157   CRCRESR_H
00000156   CRCRESR_L
00000510   DMA0CTL
00000511   DMA0CTL_H
00000510   DMA0CTL_L
00000516   DMA0DA
00000516   DMA0DAL
00000512   DMA0SA
00000512   DMA0SAL
0000051a   DMA0SZ
00000520   DMA1CTL
00000521   DMA1CTL_H
00000520   DMA1CTL_L
00000526   DMA1DA
00000526   DMA1DAL
00000522   DMA1SA
00000522   DMA1SAL
0000052a   DMA1SZ
00000530   DMA2CTL
00000531   DMA2CTL_H
00000530   DMA2CTL_L
00000536   DMA2DA
00000536   DMA2DAL
00000532   DMA2SA
00000532   DMA2SAL
0000053a   DMA2SZ
00000500   DMACTL0
00000501   DMACTL0_H
00000500   DMACTL0_L
00000502   DMACTL1
00000503   DMACTL1_H
00000502   DMACTL1_L
00000504   DMACTL2
00000505   DMACTL2_H
00000504   DMACTL2_L
00000506   DMACTL3
00000507   DMACTL3_H
00000506   DMACTL3_L
00000508   DMACTL4
00000509   DMACTL4_H
00000508   DMACTL4_L
0000050e   DMAIV
0000050f   DMAIV_H
0000050e   DMAIV_L
00000140   FCTL1
00000141   FCTL1_H
00000140   FCTL1_L
00000144   FCTL3
00000145   FCTL3_H
00000144   FCTL3_L
00000146   FCTL4
00000147   FCTL4_H
00000146   FCTL4_L
000004c4   MAC
000004da   MAC32H
000004db   MAC32H_H
000004da   MAC32H_L
000004d8   MAC32L
000004d9   MAC32L_H
000004d8   MAC32L_L
000004c6   MACS
000004de   MACS32H
000004df   MACS32H_H
000004de   MACS32H_L
000004dc   MACS32L
000004dd   MACS32L_H
000004dc   MACS32L_L
000004c7   MACS_H
000004c6   MACS_L
000004c5   MAC_H
000004c4   MAC_L
000004c0   MPY
000004ec   MPY32CTL0
000004ed   MPY32CTL0_H
000004ec   MPY32CTL0_L
000004d2   MPY32H
000004d3   MPY32H_H
000004d2   MPY32H_L
000004d0   MPY32L
000004d1   MPY32L_H
000004d0   MPY32L_L
000004c2   MPYS
000004d6   MPYS32H
000004d7   MPYS32H_H
000004d6   MPYS32H_L
000004d4   MPYS32L
000004d5   MPYS32L_H
000004d4   MPYS32L_L
000004c3   MPYS_H
000004c2   MPYS_L
000004c1   MPY_H
000004c0   MPY_L
0000a2ce   MRFI_DelayMs
0000a018   MRFI_EnableRxAddrFilter
0000a4da   MRFI_GetRadioState
00008000   MRFI_Init
0000a47c   MRFI_PostKillSem
0000914e   MRFI_RadioIsr
0000a314   MRFI_RandomByte
0000a428   MRFI_Receive
00009738   MRFI_ReplyDelay
00009fd0   MRFI_Rssi
0000a126   MRFI_RxCompleteISR
0000a146   MRFI_RxIdle
0000a03a   MRFI_RxOn
00009bf2   MRFI_SetLogicalChannel
0000a1e6   MRFI_SetRFPwr
00009aee   MRFI_SetRxAddrFilter
00009e7a   MRFI_Sleep
00008908   MRFI_Transmit
0000a05c   MRFI_WakeUp
000004c8   OP2
000004e2   OP2H
000004e3   OP2H_H
000004e2   OP2H_L
000004e0   OP2L
000004e1   OP2L_H
000004e0   OP2L_L
000004c9   OP2_H
000004c8   OP2_L
0000020e   P1IV
000001c8   P1MAP01
000001c9   P1MAP01_H
000001c8   P1MAP01_L
000001ca   P1MAP23
000001cb   P1MAP23_H
000001ca   P1MAP23_L
000001cc   P1MAP45
000001cd   P1MAP45_H
000001cc   P1MAP45_L
000001ce   P1MAP67
000001cf   P1MAP67_H
000001ce   P1MAP67_L
0000021e   P2IV
000001d0   P2MAP01
000001d1   P2MAP01_H
000001d0   P2MAP01_L
000001d2   P2MAP23
000001d3   P2MAP23_H
000001d2   P2MAP23_L
000001d4   P2MAP45
000001d5   P2MAP45_H
000001d4   P2MAP45_L
000001d6   P2MAP67
000001d7   P2MAP67_H
000001d6   P2MAP67_L
000001d8   P3MAP01
000001d9   P3MAP01_H
000001d8   P3MAP01_L
000001da   P3MAP23
000001db   P3MAP23_H
000001da   P3MAP23_L
000001dc   P3MAP45
000001dd   P3MAP45_H
000001dc   P3MAP45_L
000001de   P3MAP67
000001df   P3MAP67_H
000001de   P3MAP67_L
00000204   PADIR
00000205   PADIR_H
00000204   PADIR_L
00000208   PADS
00000209   PADS_H
00000208   PADS_L
0000021a   PAIE
00000218   PAIES
00000219   PAIES_H
00000218   PAIES_L
0000021b   PAIE_H
0000021a   PAIE_L
0000021c   PAIFG
0000021d   PAIFG_H
0000021c   PAIFG_L
00000200   PAIN
00000201   PAIN_H
00000200   PAIN_L
00000202   PAOUT
00000203   PAOUT_H
00000202   PAOUT_L
00000206   PAREN
00000207   PAREN_H
00000206   PAREN_L
0000020a   PASEL
0000020b   PASEL_H
0000020a   PASEL_L
00001dec   PAUSE_COUNTER
00000224   PBDIR
00000225   PBDIR_H
00000224   PBDIR_L
00000228   PBDS
00000229   PBDS_H
00000228   PBDS_L
00000220   PBIN
00000221   PBIN_H
00000220   PBIN_L
00000222   PBOUT
00000223   PBOUT_H
00000222   PBOUT_L
00000226   PBREN
00000227   PBREN_H
00000226   PBREN_L
0000022a   PBSEL
0000022b   PBSEL_H
0000022a   PBSEL_L
00000244   PCDIR
00000245   PCDIR_H
00000244   PCDIR_L
00000248   PCDS
00000249   PCDS_H
00000248   PCDS_L
00000240   PCIN
00000241   PCIN_H
00000240   PCIN_L
00000242   PCOUT
00000243   PCOUT_H
00000242   PCOUT_L
00000246   PCREN
00000247   PCREN_H
00000246   PCREN_L
0000024a   PCSEL
0000024b   PCSEL_H
0000024a   PCSEL_L
00000324   PJDIR
00000325   PJDIR_H
00000324   PJDIR_L
00000328   PJDS
00000329   PJDS_H
00000328   PJDS_L
00000320   PJIN
00000321   PJIN_H
00000320   PJIN_L
00000322   PJOUT
00000323   PJOUT_H
00000322   PJOUT_L
00000326   PJREN
00000327   PJREN_H
00000326   PJREN_L
000001c2   PMAPCTL
000001c3   PMAPCTL_H
000001c2   PMAPCTL_L
000001c0   PMAPKEYID
000001c1   PMAPKEYID_H
000001c0   PMAPKEYID_L
00000120   PMMCTL0
00000121   PMMCTL0_H
00000120   PMMCTL0_L
00000122   PMMCTL1
00000123   PMMCTL1_H
00000122   PMMCTL1_L
0000012c   PMMIFG
0000012d   PMMIFG_H
0000012c   PMMIFG_L
0000012e   PMMRIE
0000012f   PMMRIE_H
0000012e   PMMRIE_L
00001de2   RADIO_INT_ENABLE
00000158   RCCTL0
00000159   RCCTL0_H
00000158   RCCTL0_L
000001b0   REFCTL0
000001b1   REFCTL0_H
000001b0   REFCTL0_L
000004e4   RES0
000004e5   RES0_H
000004e4   RES0_L
000004e6   RES1
000004e7   RES1_H
000004e6   RES1_L
000004e8   RES2
000004e9   RES2_H
000004e8   RES2_L
000004ea   RES3
000004eb   RES3_H
000004ea   RES3_L
000004cc   RESHI
000004cd   RESHI_H
000004cc   RESHI_L
000004ca   RESLO
000004cb   RESLO_H
000004ca   RESLO_L
00000f16   RF1ADINW
00000f17   RF1ADINW_H
00000f16   RF1ADINW_L
00000f28   RF1ADOUT0W
00000f29   RF1ADOUT0W_H
00000f28   RF1ADOUT0W_L
00000f2a   RF1ADOUT1W
00000f2b   RF1ADOUT1W_H
00000f2a   RF1ADOUT1W_L
00000f2c   RF1ADOUT2W
00000f2d   RF1ADOUT2W_H
00000f2c   RF1ADOUT2W_L
00000f36   RF1AIE
00000f34   RF1AIES
00000f35   RF1AIES_H
00000f34   RF1AIES_L
00000f37   RF1AIE_H
00000f36   RF1AIE_L
00000f00   RF1AIFCTL0
00000f01   RF1AIFCTL0_H
00000f00   RF1AIFCTL0_L
00000f02   RF1AIFCTL1
00000f03   RF1AIFCTL1_H
00000f02   RF1AIFCTL1_L
00000f04   RF1AIFCTL2
00000f05   RF1AIFCTL2_H
00000f04   RF1AIFCTL2_L
00000f06   RF1AIFERR
00000f0c   RF1AIFERRV
00000f0d   RF1AIFERRV_H
00000f0c   RF1AIFERRV_L
00000f07   RF1AIFERR_H
00000f06   RF1AIFERR_L
00000f32   RF1AIFG
00000f33   RF1AIFG_H
00000f32   RF1AIFG_L
00000f0e   RF1AIFIV
00000f0f   RF1AIFIV_H
00000f0e   RF1AIFIV_L
00000f30   RF1AIN
00000f12   RF1AINSTR1W
00000f13   RF1AINSTR1W_H
00000f12   RF1AINSTR1W_L
00000f14   RF1AINSTR2W
00000f15   RF1AINSTR2W_H
00000f14   RF1AINSTR2W_L
00000f10   RF1AINSTRW
00000f11   RF1AINSTRW_H
00000f10   RF1AINSTRW_L
00000f31   RF1AIN_H
00000f30   RF1AIN_L
00000f38   RF1AIV
00000f39   RF1AIV_H
00000f38   RF1AIV_L
00000f3c   RF1ARXFIFO
00000f3d   RF1ARXFIFO_H
00000f3c   RF1ARXFIFO_L
00000f20   RF1ASTAT0W
00000f21   RF1ASTAT0W_H
00000f20   RF1ASTAT0W_L
00000f22   RF1ASTAT1W
00000f23   RF1ASTAT1W_H
00000f22   RF1ASTAT1W_L
00000f24   RF1ASTAT2W
00000f25   RF1ASTAT2W_H
00000f24   RF1ASTAT2W_L
00000f3e   RF1ATXFIFO
00000f3f   RF1ATXFIFO_H
00000f3e   RF1ATXFIFO_L
00001de4   RF_ACK_FLAG
00001dde   RF_IRQ_ENABLED
00001de0   RF_MESSAGE_SENT
000004ba   RTCADOWDAY
000004bb   RTCADOWDAY_H
000004ba   RTCADOWDAY_L
000004b8   RTCAMINHR
000004b9   RTCAMINHR_H
000004b8   RTCAMINHR_L
000004a0   RTCCTL01
000004a1   RTCCTL01_H
000004a0   RTCCTL01_L
000004a2   RTCCTL23
000004a3   RTCCTL23_H
000004a2   RTCCTL23_L
000004b4   RTCDATE
000004b5   RTCDATE_H
000004b4   RTCDATE_L
000004ae   RTCIV
000004ac   RTCPS
000004a8   RTCPS0CTL
000004a9   RTCPS0CTL_H
000004a8   RTCPS0CTL_L
000004aa   RTCPS1CTL
000004ab   RTCPS1CTL_H
000004aa   RTCPS1CTL_L
000004ad   RTCPS_H
000004ac   RTCPS_L
000004b0   RTCTIM0
000004b1   RTCTIM0_H
000004b0   RTCTIM0_L
000004b2   RTCTIM1
000004b3   RTCTIM1_H
000004b2   RTCTIM1_L
000004b6   RTCYEAR
000004b7   RTCYEAR_H
000004b6   RTCYEAR_L
00000100   SFRIE1
00000101   SFRIE1_H
00000100   SFRIE1_L
00000102   SFRIFG1
00000103   SFRIFG1_H
00000102   SFRIFG1_L
00000104   SFRRPCR
00000105   SFRRPCR_H
00000104   SFRRPCR_L
00009b22   SMPL_Init
00008a7c   SMPL_Ioctl
00009070   SMPL_LinkListen
0000961e   SMPL_Receive
0000a4d2   SMPL_Send
00008ffc   SMPL_SendOpt
000004ce   SUMEXT
000004cf   SUMEXT_H
000004ce   SUMEXT_L
00000124   SVSMHCTL
00000125   SVSMHCTL_H
00000124   SVSMHCTL_L
00000128   SVSMIO
00000129   SVSMIO_H
00000128   SVSMIO_L
00000126   SVSMLCTL
00000127   SVSMLCTL_H
00000126   SVSMLCTL_L
00000198   SYSBERRIV
00000199   SYSBERRIV_H
00000198   SYSBERRIV_L
00000182   SYSBSLC
00000183   SYSBSLC_H
00000182   SYSBSLC_L
00000180   SYSCTL
00000181   SYSCTL_H
00000180   SYSCTL_L
00000186   SYSJMBC
00000187   SYSJMBC_H
00000186   SYSJMBC_L
00000188   SYSJMBI0
00000189   SYSJMBI0_H
00000188   SYSJMBI0_L
0000018a   SYSJMBI1
0000018b   SYSJMBI1_H
0000018a   SYSJMBI1_L
0000018c   SYSJMBO0
0000018d   SYSJMBO0_H
0000018c   SYSJMBO0_L
0000018e   SYSJMBO1
0000018f   SYSJMBO1_H
0000018e   SYSJMBO1_L
0000019e   SYSRSTIV
0000019f   SYSRSTIV_H
0000019e   SYSRSTIV_L
0000019c   SYSSNIV
0000019d   SYSSNIV_H
0000019c   SYSSNIV_L
0000019a   SYSUNIV
0000019b   SYSUNIV_H
0000019a   SYSUNIV_L
00000352   TA0CCR0
00000354   TA0CCR1
00000356   TA0CCR2
00000358   TA0CCR3
0000035a   TA0CCR4
00000342   TA0CCTL0
00000344   TA0CCTL1
00000346   TA0CCTL2
00000348   TA0CCTL3
0000034a   TA0CCTL4
00000340   TA0CTL
00000360   TA0EX0
0000036e   TA0IV
00000350   TA0R
00000392   TA1CCR0
00000394   TA1CCR1
00000396   TA1CCR2
00000382   TA1CCTL0
00000384   TA1CCTL1
00000386   TA1CCTL2
00000380   TA1CTL
000003a0   TA1EX0
000003ae   TA1IV
00000390   TA1R
000005d0   UCA0ABCTL
000005c6   UCA0BRW
000005c7   UCA0BRW_H
000005c6   UCA0BRW_L
000005c0   UCA0CTLW0
000005c1   UCA0CTLW0_H
000005c0   UCA0CTLW0_L
000005dc   UCA0ICTL
000005dd   UCA0ICTL_H
000005dc   UCA0ICTL_L
000005d2   UCA0IRCTL
000005d3   UCA0IRCTL_H
000005d2   UCA0IRCTL_L
000005de   UCA0IV
000005c8   UCA0MCTL
000005cc   UCA0RXBUF
000005ca   UCA0STAT
000005ce   UCA0TXBUF
000005e6   UCB0BRW
000005e7   UCB0BRW_H
000005e6   UCB0BRW_L
000005e0   UCB0CTLW0
000005e1   UCB0CTLW0_H
000005e0   UCB0CTLW0_L
000005f0   UCB0I2COA
000005f1   UCB0I2COA_H
000005f0   UCB0I2COA_L
000005f2   UCB0I2CSA
000005f3   UCB0I2CSA_H
000005f2   UCB0I2CSA_L
000005fc   UCB0ICTL
000005fd   UCB0ICTL_H
000005fc   UCB0ICTL_L
000005fe   UCB0IV
000005ec   UCB0RXBUF
000005ea   UCB0STAT
000005ee   UCB0TXBUF
00000160   UCSCTL0
00000161   UCSCTL0_H
00000160   UCSCTL0_L
00000162   UCSCTL1
00000163   UCSCTL1_H
00000162   UCSCTL1_L
00000164   UCSCTL2
00000165   UCSCTL2_H
00000164   UCSCTL2_L
00000166   UCSCTL3
00000167   UCSCTL3_H
00000166   UCSCTL3_L
00000168   UCSCTL4
00000169   UCSCTL4_H
00000168   UCSCTL4_L
0000016a   UCSCTL5
0000016b   UCSCTL5_H
0000016a   UCSCTL5_L
0000016c   UCSCTL6
0000016d   UCSCTL6_H
0000016c   UCSCTL6_L
0000016e   UCSCTL7
0000016f   UCSCTL7_H
0000016e   UCSCTL7_L
00000170   UCSCTL8
00000171   UCSCTL8_H
00000170   UCSCTL8_L
0000a340   USCI_A0_ISR
0000015c   WDTCTL
0000015d   WDTCTL_H
0000015c   WDTCTL_L
00002bfc   __STACK_END
00000050   __STACK_SIZE
0000a6d0   __TI_CINIT_Base
0000a6e0   __TI_CINIT_Limit
0000a6be   __TI_Handler_Table_Base
0000a6ca   __TI_Handler_Table_Limit
UNDEFED    __TI_INITARRAY_Base
UNDEFED    __TI_INITARRAY_Limit
00000001   __TI_args_main
00009874   __TI_decompress_none
0000a444   __TI_decompress_rle24
00000001   __TI_exit
00009a14   __TI_zero_init
ffffffff   __binit__
ffffffff   __c_args__
00009778   __memcpy_far
00009dfc   __mspabi_divi
0000a356   __mspabi_divu
0000933a   __mspabi_divul
0000a36c   __mspabi_mpyi_f5hw
0000a0a0   __mspabi_mpyl_f5hw
00009dfc   __mspabi_remi
0000a356   __mspabi_remu
0000933a   __mspabi_remul
0000a418   __mspabi_sral
000090e0   _auto_init
0000a2b4   _c_int00
0000a2b4   _c_int00_noexit
0000fffe   _reset_vector
00002bac   _stack
0000a3c0   _system_pre_init
0000a4fe   abort
ffffffff   binit
00008d86   main
0000a07e   memcmp
0000a3d2   memcpy
0000a186   memmove
0000a3ac   memset
00001ddc   method
0000a68a   mrfiBroadcastAddr
0000a628   mrfiRadioCfg
00008c64   mrfiRadioInterfaceCmdStrobe
00009666   mrfiRadioInterfaceReadReg
000091b6   mrfiRadioInterfaceReadRxFifo
00009a82   mrfiRadioInterfaceWriteReg
00009ab8   mrfiRadioInterfaceWriteTxFifo
00001cfe   msg
0000a204   nwk_QInit
00009b56   nwk_QadjustOrder
00008376   nwk_QfindOldest
00008e92   nwk_QfindSlot
00008688   nwk_allocateLocalRxPort
00008bce   nwk_buildFrame
00009e28   nwk_checkConnInfo
00009eec   nwk_connectionControl
00009c24   nwk_deviceAddress
0000a1a6   nwk_frameInit
0000a4e0   nwk_freeConnection
0000a50e   nwk_freqInit
0000a4e6   nwk_getBCastAddress
00009c56   nwk_getConnInfo
0000a4ec   nwk_getFWVersion
00009836   nwk_getLocalLinkID
0000a3e4   nwk_getMyAddress
0000a4f2   nwk_getMyRxType
00009532   nwk_getNextConnection
0000a452   nwk_getNumObjectFromMsg
0000a4f8   nwk_getProtocolVersion
00009f12   nwk_globalsInit
0000927a   nwk_isConnectionValid
000097b8   nwk_isLinkDuplicate
000099a0   nwk_isValidReply
00008590   nwk_join
00009f38   nwk_joinInit
00009c88   nwk_linkInit
0000a4be   nwk_mgmtInit
00008e0c   nwk_nwkInit
0000a4c8   nwk_pingInit
0000a502   nwk_processFreq
0000a1c6   nwk_processJoin
00009f5e   nwk_processLink
000099da   nwk_processMgmt
00009e52   nwk_processPing
0000a506   nwk_processSecurity
000098b0   nwk_putNumObjectIntoMsg
00008f86   nwk_radioControl
00009cea   nwk_rawReceive
0000948e   nwk_rawSend
00008b28   nwk_retrieveFrame
0000a510   nwk_securityInit
00009d1a   nwk_sendFrame
0000a460   nwk_setAPAddress
0000a3f6   nwk_setLinkToken
0000a46e   nwk_setListenContext
0000a27c   nwk_setMyAddress
00009218   radio_processing
00009b8a   rf_handler
00001d02   rf_rx_bufer
00001df0   rf_rx_bufer_pointer
00001de6   rf_tx_handler
0000a298   rf_tx_message
00009f84   rf_tx_message_resume
0000a222   rf_tx_message_suspend
000098ec   rf_tx_send
00001dea   rf_tx_suspend
00009392   rx_handler
00001d00   sLinkID1
00001d01   sLinkID2
0000a382   toggleLED
00009bbe   tx_handler
0000a2e6   tx_peek
00009928   tx_send
00009964   tx_send_wait
00008cf6   uart_init
000095d2   uart_intfc_init
00001d34   uart_rx_bufer
00001e0e   uart_rx_bufer_pointer
00001e08   uart_rx_handler
0000a0c2   uart_rx_message
0000a50a   uart_rx_message_suspend
00001e04   uart_tx_handler
00009faa   uart_tx_message
0000a0e4   uart_tx_message_resume
0000a25e   uart_tx_message_suspend
00001e0c   uart_tx_suspend


GLOBAL SYMBOLS: SORTED BY Symbol Address 

address    name
--------   ----
00000001   __TI_args_main
00000001   __TI_exit
00000050   __STACK_SIZE
00000100   SFRIE1
00000100   SFRIE1_L
00000101   SFRIE1_H
00000102   SFRIFG1
00000102   SFRIFG1_L
00000103   SFRIFG1_H
00000104   SFRRPCR
00000104   SFRRPCR_L
00000105   SFRRPCR_H
00000120   PMMCTL0
00000120   PMMCTL0_L
00000121   PMMCTL0_H
00000122   PMMCTL1
00000122   PMMCTL1_L
00000123   PMMCTL1_H
00000124   SVSMHCTL
00000124   SVSMHCTL_L
00000125   SVSMHCTL_H
00000126   SVSMLCTL
00000126   SVSMLCTL_L
00000127   SVSMLCTL_H
00000128   SVSMIO
00000128   SVSMIO_L
00000129   SVSMIO_H
0000012c   PMMIFG
0000012c   PMMIFG_L
0000012d   PMMIFG_H
0000012e   PMMRIE
0000012e   PMMRIE_L
0000012f   PMMRIE_H
00000140   FCTL1
00000140   FCTL1_L
00000141   FCTL1_H
00000144   FCTL3
00000144   FCTL3_L
00000145   FCTL3_H
00000146   FCTL4
00000146   FCTL4_L
00000147   FCTL4_H
00000150   CRCDI
00000150   CRCDI_L
00000151   CRCDI_H
00000152   CRCDIRB
00000152   CRCDIRB_L
00000153   CRCDIRB_H
00000154   CRCINIRES
00000154   CRCINIRES_L
00000155   CRCINIRES_H
00000156   CRCRESR
00000156   CRCRESR_L
00000157   CRCRESR_H
00000158   RCCTL0
00000158   RCCTL0_L
00000159   RCCTL0_H
0000015c   WDTCTL
0000015c   WDTCTL_L
0000015d   WDTCTL_H
00000160   UCSCTL0
00000160   UCSCTL0_L
00000161   UCSCTL0_H
00000162   UCSCTL1
00000162   UCSCTL1_L
00000163   UCSCTL1_H
00000164   UCSCTL2
00000164   UCSCTL2_L
00000165   UCSCTL2_H
00000166   UCSCTL3
00000166   UCSCTL3_L
00000167   UCSCTL3_H
00000168   UCSCTL4
00000168   UCSCTL4_L
00000169   UCSCTL4_H
0000016a   UCSCTL5
0000016a   UCSCTL5_L
0000016b   UCSCTL5_H
0000016c   UCSCTL6
0000016c   UCSCTL6_L
0000016d   UCSCTL6_H
0000016e   UCSCTL7
0000016e   UCSCTL7_L
0000016f   UCSCTL7_H
00000170   UCSCTL8
00000170   UCSCTL8_L
00000171   UCSCTL8_H
00000180   SYSCTL
00000180   SYSCTL_L
00000181   SYSCTL_H
00000182   SYSBSLC
00000182   SYSBSLC_L
00000183   SYSBSLC_H
00000186   SYSJMBC
00000186   SYSJMBC_L
00000187   SYSJMBC_H
00000188   SYSJMBI0
00000188   SYSJMBI0_L
00000189   SYSJMBI0_H
0000018a   SYSJMBI1
0000018a   SYSJMBI1_L
0000018b   SYSJMBI1_H
0000018c   SYSJMBO0
0000018c   SYSJMBO0_L
0000018d   SYSJMBO0_H
0000018e   SYSJMBO1
0000018e   SYSJMBO1_L
0000018f   SYSJMBO1_H
00000198   SYSBERRIV
00000198   SYSBERRIV_L
00000199   SYSBERRIV_H
0000019a   SYSUNIV
0000019a   SYSUNIV_L
0000019b   SYSUNIV_H
0000019c   SYSSNIV
0000019c   SYSSNIV_L
0000019d   SYSSNIV_H
0000019e   SYSRSTIV
0000019e   SYSRSTIV_L
0000019f   SYSRSTIV_H
000001b0   REFCTL0
000001b0   REFCTL0_L
000001b1   REFCTL0_H
000001c0   PMAPKEYID
000001c0   PMAPKEYID_L
000001c1   PMAPKEYID_H
000001c2   PMAPCTL
000001c2   PMAPCTL_L
000001c3   PMAPCTL_H
000001c8   P1MAP01
000001c8   P1MAP01_L
000001c9   P1MAP01_H
000001ca   P1MAP23
000001ca   P1MAP23_L
000001cb   P1MAP23_H
000001cc   P1MAP45
000001cc   P1MAP45_L
000001cd   P1MAP45_H
000001ce   P1MAP67
000001ce   P1MAP67_L
000001cf   P1MAP67_H
000001d0   P2MAP01
000001d0   P2MAP01_L
000001d1   P2MAP01_H
000001d2   P2MAP23
000001d2   P2MAP23_L
000001d3   P2MAP23_H
000001d4   P2MAP45
000001d4   P2MAP45_L
000001d5   P2MAP45_H
000001d6   P2MAP67
000001d6   P2MAP67_L
000001d7   P2MAP67_H
000001d8   P3MAP01
000001d8   P3MAP01_L
000001d9   P3MAP01_H
000001da   P3MAP23
000001da   P3MAP23_L
000001db   P3MAP23_H
000001dc   P3MAP45
000001dc   P3MAP45_L
000001dd   P3MAP45_H
000001de   P3MAP67
000001de   P3MAP67_L
000001df   P3MAP67_H
00000200   PAIN
00000200   PAIN_L
00000201   PAIN_H
00000202   PAOUT
00000202   PAOUT_L
00000203   PAOUT_H
00000204   PADIR
00000204   PADIR_L
00000205   PADIR_H
00000206   PAREN
00000206   PAREN_L
00000207   PAREN_H
00000208   PADS
00000208   PADS_L
00000209   PADS_H
0000020a   PASEL
0000020a   PASEL_L
0000020b   PASEL_H
0000020e   P1IV
00000218   PAIES
00000218   PAIES_L
00000219   PAIES_H
0000021a   PAIE
0000021a   PAIE_L
0000021b   PAIE_H
0000021c   PAIFG
0000021c   PAIFG_L
0000021d   PAIFG_H
0000021e   P2IV
00000220   PBIN
00000220   PBIN_L
00000221   PBIN_H
00000222   PBOUT
00000222   PBOUT_L
00000223   PBOUT_H
00000224   PBDIR
00000224   PBDIR_L
00000225   PBDIR_H
00000226   PBREN
00000226   PBREN_L
00000227   PBREN_H
00000228   PBDS
00000228   PBDS_L
00000229   PBDS_H
0000022a   PBSEL
0000022a   PBSEL_L
0000022b   PBSEL_H
00000240   PCIN
00000240   PCIN_L
00000241   PCIN_H
00000242   PCOUT
00000242   PCOUT_L
00000243   PCOUT_H
00000244   PCDIR
00000244   PCDIR_L
00000245   PCDIR_H
00000246   PCREN
00000246   PCREN_L
00000247   PCREN_H
00000248   PCDS
00000248   PCDS_L
00000249   PCDS_H
0000024a   PCSEL
0000024a   PCSEL_L
0000024b   PCSEL_H
00000320   PJIN
00000320   PJIN_L
00000321   PJIN_H
00000322   PJOUT
00000322   PJOUT_L
00000323   PJOUT_H
00000324   PJDIR
00000324   PJDIR_L
00000325   PJDIR_H
00000326   PJREN
00000326   PJREN_L
00000327   PJREN_H
00000328   PJDS
00000328   PJDS_L
00000329   PJDS_H
00000340   TA0CTL
00000342   TA0CCTL0
00000344   TA0CCTL1
00000346   TA0CCTL2
00000348   TA0CCTL3
0000034a   TA0CCTL4
00000350   TA0R
00000352   TA0CCR0
00000354   TA0CCR1
00000356   TA0CCR2
00000358   TA0CCR3
0000035a   TA0CCR4
00000360   TA0EX0
0000036e   TA0IV
00000380   TA1CTL
00000382   TA1CCTL0
00000384   TA1CCTL1
00000386   TA1CCTL2
00000390   TA1R
00000392   TA1CCR0
00000394   TA1CCR1
00000396   TA1CCR2
000003a0   TA1EX0
000003ae   TA1IV
000004a0   RTCCTL01
000004a0   RTCCTL01_L
000004a1   RTCCTL01_H
000004a2   RTCCTL23
000004a2   RTCCTL23_L
000004a3   RTCCTL23_H
000004a8   RTCPS0CTL
000004a8   RTCPS0CTL_L
000004a9   RTCPS0CTL_H
000004aa   RTCPS1CTL
000004aa   RTCPS1CTL_L
000004ab   RTCPS1CTL_H
000004ac   RTCPS
000004ac   RTCPS_L
000004ad   RTCPS_H
000004ae   RTCIV
000004b0   RTCTIM0
000004b0   RTCTIM0_L
000004b1   RTCTIM0_H
000004b2   RTCTIM1
000004b2   RTCTIM1_L
000004b3   RTCTIM1_H
000004b4   RTCDATE
000004b4   RTCDATE_L
000004b5   RTCDATE_H
000004b6   RTCYEAR
000004b6   RTCYEAR_L
000004b7   RTCYEAR_H
000004b8   RTCAMINHR
000004b8   RTCAMINHR_L
000004b9   RTCAMINHR_H
000004ba   RTCADOWDAY
000004ba   RTCADOWDAY_L
000004bb   RTCADOWDAY_H
000004c0   MPY
000004c0   MPY_L
000004c1   MPY_H
000004c2   MPYS
000004c2   MPYS_L
000004c3   MPYS_H
000004c4   MAC
000004c4   MAC_L
000004c5   MAC_H
000004c6   MACS
000004c6   MACS_L
000004c7   MACS_H
000004c8   OP2
000004c8   OP2_L
000004c9   OP2_H
000004ca   RESLO
000004ca   RESLO_L
000004cb   RESLO_H
000004cc   RESHI
000004cc   RESHI_L
000004cd   RESHI_H
000004ce   SUMEXT
000004ce   SUMEXT_L
000004cf   SUMEXT_H
000004d0   MPY32L
000004d0   MPY32L_L
000004d1   MPY32L_H
000004d2   MPY32H
000004d2   MPY32H_L
000004d3   MPY32H_H
000004d4   MPYS32L
000004d4   MPYS32L_L
000004d5   MPYS32L_H
000004d6   MPYS32H
000004d6   MPYS32H_L
000004d7   MPYS32H_H
000004d8   MAC32L
000004d8   MAC32L_L
000004d9   MAC32L_H
000004da   MAC32H
000004da   MAC32H_L
000004db   MAC32H_H
000004dc   MACS32L
000004dc   MACS32L_L
000004dd   MACS32L_H
000004de   MACS32H
000004de   MACS32H_L
000004df   MACS32H_H
000004e0   OP2L
000004e0   OP2L_L
000004e1   OP2L_H
000004e2   OP2H
000004e2   OP2H_L
000004e3   OP2H_H
000004e4   RES0
000004e4   RES0_L
000004e5   RES0_H
000004e6   RES1
000004e6   RES1_L
000004e7   RES1_H
000004e8   RES2
000004e8   RES2_L
000004e9   RES2_H
000004ea   RES3
000004ea   RES3_L
000004eb   RES3_H
000004ec   MPY32CTL0
000004ec   MPY32CTL0_L
000004ed   MPY32CTL0_H
00000500   DMACTL0
00000500   DMACTL0_L
00000501   DMACTL0_H
00000502   DMACTL1
00000502   DMACTL1_L
00000503   DMACTL1_H
00000504   DMACTL2
00000504   DMACTL2_L
00000505   DMACTL2_H
00000506   DMACTL3
00000506   DMACTL3_L
00000507   DMACTL3_H
00000508   DMACTL4
00000508   DMACTL4_L
00000509   DMACTL4_H
0000050e   DMAIV
0000050e   DMAIV_L
0000050f   DMAIV_H
00000510   DMA0CTL
00000510   DMA0CTL_L
00000511   DMA0CTL_H
00000512   DMA0SA
00000512   DMA0SAL
00000516   DMA0DA
00000516   DMA0DAL
0000051a   DMA0SZ
00000520   DMA1CTL
00000520   DMA1CTL_L
00000521   DMA1CTL_H
00000522   DMA1SA
00000522   DMA1SAL
00000526   DMA1DA
00000526   DMA1DAL
0000052a   DMA1SZ
00000530   DMA2CTL
00000530   DMA2CTL_L
00000531   DMA2CTL_H
00000532   DMA2SA
00000532   DMA2SAL
00000536   DMA2DA
00000536   DMA2DAL
0000053a   DMA2SZ
000005c0   UCA0CTLW0
000005c0   UCA0CTLW0_L
000005c1   UCA0CTLW0_H
000005c6   UCA0BRW
000005c6   UCA0BRW_L
000005c7   UCA0BRW_H
000005c8   UCA0MCTL
000005ca   UCA0STAT
000005cc   UCA0RXBUF
000005ce   UCA0TXBUF
000005d0   UCA0ABCTL
000005d2   UCA0IRCTL
000005d2   UCA0IRCTL_L
000005d3   UCA0IRCTL_H
000005dc   UCA0ICTL
000005dc   UCA0ICTL_L
000005dd   UCA0ICTL_H
000005de   UCA0IV
000005e0   UCB0CTLW0
000005e0   UCB0CTLW0_L
000005e1   UCB0CTLW0_H
000005e6   UCB0BRW
000005e6   UCB0BRW_L
000005e7   UCB0BRW_H
000005ea   UCB0STAT
000005ec   UCB0RXBUF
000005ee   UCB0TXBUF
000005f0   UCB0I2COA
000005f0   UCB0I2COA_L
000005f1   UCB0I2COA_H
000005f2   UCB0I2CSA
000005f2   UCB0I2CSA_L
000005f3   UCB0I2CSA_H
000005fc   UCB0ICTL
000005fc   UCB0ICTL_L
000005fd   UCB0ICTL_H
000005fe   UCB0IV
00000700   ADC12CTL0
00000700   ADC12CTL0_L
00000701   ADC12CTL0_H
00000702   ADC12CTL1
00000702   ADC12CTL1_L
00000703   ADC12CTL1_H
00000704   ADC12CTL2
00000704   ADC12CTL2_L
00000705   ADC12CTL2_H
0000070a   ADC12IFG
0000070a   ADC12IFG_L
0000070b   ADC12IFG_H
0000070c   ADC12IE
0000070c   ADC12IE_L
0000070d   ADC12IE_H
0000070e   ADC12IV
0000070e   ADC12IV_L
0000070f   ADC12IV_H
00000710   ADC12MCTL0
00000711   ADC12MCTL1
00000712   ADC12MCTL2
00000713   ADC12MCTL3
00000714   ADC12MCTL4
00000715   ADC12MCTL5
00000716   ADC12MCTL6
00000717   ADC12MCTL7
00000718   ADC12MCTL8
00000719   ADC12MCTL9
0000071a   ADC12MCTL10
0000071b   ADC12MCTL11
0000071c   ADC12MCTL12
0000071d   ADC12MCTL13
0000071e   ADC12MCTL14
0000071f   ADC12MCTL15
00000720   ADC12MEM0
00000720   ADC12MEM0_L
00000721   ADC12MEM0_H
00000722   ADC12MEM1
00000722   ADC12MEM1_L
00000723   ADC12MEM1_H
00000724   ADC12MEM2
00000724   ADC12MEM2_L
00000725   ADC12MEM2_H
00000726   ADC12MEM3
00000726   ADC12MEM3_L
00000727   ADC12MEM3_H
00000728   ADC12MEM4
00000728   ADC12MEM4_L
00000729   ADC12MEM4_H
0000072a   ADC12MEM5
0000072a   ADC12MEM5_L
0000072b   ADC12MEM5_H
0000072c   ADC12MEM6
0000072c   ADC12MEM6_L
0000072d   ADC12MEM6_H
0000072e   ADC12MEM7
0000072e   ADC12MEM7_L
0000072f   ADC12MEM7_H
00000730   ADC12MEM8
00000730   ADC12MEM8_L
00000731   ADC12MEM8_H
00000732   ADC12MEM9
00000732   ADC12MEM9_L
00000733   ADC12MEM9_H
00000734   ADC12MEM10
00000734   ADC12MEM10_L
00000735   ADC12MEM10_H
00000736   ADC12MEM11
00000736   ADC12MEM11_L
00000737   ADC12MEM11_H
00000738   ADC12MEM12
00000738   ADC12MEM12_L
00000739   ADC12MEM12_H
0000073a   ADC12MEM13
0000073a   ADC12MEM13_L
0000073b   ADC12MEM13_H
0000073c   ADC12MEM14
0000073c   ADC12MEM14_L
0000073d   ADC12MEM14_H
0000073e   ADC12MEM15
0000073e   ADC12MEM15_L
0000073f   ADC12MEM15_H
000008c0   CBCTL0
000008c0   CBCTL0_L
000008c1   CBCTL0_H
000008c2   CBCTL1
000008c2   CBCTL1_L
000008c3   CBCTL1_H
000008c4   CBCTL2
000008c4   CBCTL2_L
000008c5   CBCTL2_H
000008c6   CBCTL3
000008c6   CBCTL3_L
000008c7   CBCTL3_H
000008cc   CBINT
000008cc   CBINT_L
000008cd   CBINT_H
000008ce   CBIV
000009c0   AESACTL0
000009c0   AESACTL0_L
000009c1   AESACTL0_H
000009c4   AESASTAT
000009c4   AESASTAT_L
000009c5   AESASTAT_H
000009c6   AESAKEY
000009c6   AESAKEY_L
000009c7   AESAKEY_H
000009c8   AESADIN
000009c8   AESADIN_L
000009c9   AESADIN_H
000009ca   AESADOUT
000009ca   AESADOUT_L
000009cb   AESADOUT_H
00000f00   RF1AIFCTL0
00000f00   RF1AIFCTL0_L
00000f01   RF1AIFCTL0_H
00000f02   RF1AIFCTL1
00000f02   RF1AIFCTL1_L
00000f03   RF1AIFCTL1_H
00000f04   RF1AIFCTL2
00000f04   RF1AIFCTL2_L
00000f05   RF1AIFCTL2_H
00000f06   RF1AIFERR
00000f06   RF1AIFERR_L
00000f07   RF1AIFERR_H
00000f0c   RF1AIFERRV
00000f0c   RF1AIFERRV_L
00000f0d   RF1AIFERRV_H
00000f0e   RF1AIFIV
00000f0e   RF1AIFIV_L
00000f0f   RF1AIFIV_H
00000f10   RF1AINSTRW
00000f10   RF1AINSTRW_L
00000f11   RF1AINSTRW_H
00000f12   RF1AINSTR1W
00000f12   RF1AINSTR1W_L
00000f13   RF1AINSTR1W_H
00000f14   RF1AINSTR2W
00000f14   RF1AINSTR2W_L
00000f15   RF1AINSTR2W_H
00000f16   RF1ADINW
00000f16   RF1ADINW_L
00000f17   RF1ADINW_H
00000f20   RF1ASTAT0W
00000f20   RF1ASTAT0W_L
00000f21   RF1ASTAT0W_H
00000f22   RF1ASTAT1W
00000f22   RF1ASTAT1W_L
00000f23   RF1ASTAT1W_H
00000f24   RF1ASTAT2W
00000f24   RF1ASTAT2W_L
00000f25   RF1ASTAT2W_H
00000f28   RF1ADOUT0W
00000f28   RF1ADOUT0W_L
00000f29   RF1ADOUT0W_H
00000f2a   RF1ADOUT1W
00000f2a   RF1ADOUT1W_L
00000f2b   RF1ADOUT1W_H
00000f2c   RF1ADOUT2W
00000f2c   RF1ADOUT2W_L
00000f2d   RF1ADOUT2W_H
00000f30   RF1AIN
00000f30   RF1AIN_L
00000f31   RF1AIN_H
00000f32   RF1AIFG
00000f32   RF1AIFG_L
00000f33   RF1AIFG_H
00000f34   RF1AIES
00000f34   RF1AIES_L
00000f35   RF1AIES_H
00000f36   RF1AIE
00000f36   RF1AIE_L
00000f37   RF1AIE_H
00000f38   RF1AIV
00000f38   RF1AIV_L
00000f39   RF1AIV_H
00000f3c   RF1ARXFIFO
00000f3c   RF1ARXFIFO_L
00000f3d   RF1ARXFIFO_H
00000f3e   RF1ATXFIFO
00000f3e   RF1ATXFIFO_L
00000f3f   RF1ATXFIFO_H
00001cfe   msg
00001d00   sLinkID1
00001d01   sLinkID2
00001d02   rf_rx_bufer
00001d34   uart_rx_bufer
00001ddc   method
00001dde   RF_IRQ_ENABLED
00001de0   RF_MESSAGE_SENT
00001de2   RADIO_INT_ENABLE
00001de4   RF_ACK_FLAG
00001de6   rf_tx_handler
00001dea   rf_tx_suspend
00001dec   PAUSE_COUNTER
00001df0   rf_rx_bufer_pointer
00001e04   uart_tx_handler
00001e08   uart_rx_handler
00001e0c   uart_tx_suspend
00001e0e   uart_rx_bufer_pointer
00002bac   _stack
00002bfc   __STACK_END
00008000   MRFI_Init
00008376   nwk_QfindOldest
00008590   nwk_join
00008688   nwk_allocateLocalRxPort
00008908   MRFI_Transmit
00008a7c   SMPL_Ioctl
00008b28   nwk_retrieveFrame
00008bce   nwk_buildFrame
00008c64   mrfiRadioInterfaceCmdStrobe
00008cf6   uart_init
00008d86   main
00008e0c   nwk_nwkInit
00008e92   nwk_QfindSlot
00008f86   nwk_radioControl
00008ffc   SMPL_SendOpt
00009070   SMPL_LinkListen
000090e0   _auto_init
0000914e   MRFI_RadioIsr
000091b6   mrfiRadioInterfaceReadRxFifo
00009218   radio_processing
0000927a   nwk_isConnectionValid
0000933a   __mspabi_divul
0000933a   __mspabi_remul
00009392   rx_handler
0000948e   nwk_rawSend
00009532   nwk_getNextConnection
000095d2   uart_intfc_init
0000961e   SMPL_Receive
00009666   mrfiRadioInterfaceReadReg
00009738   MRFI_ReplyDelay
00009778   __memcpy_far
000097b8   nwk_isLinkDuplicate
00009836   nwk_getLocalLinkID
00009874   __TI_decompress_none
000098b0   nwk_putNumObjectIntoMsg
000098ec   rf_tx_send
00009928   tx_send
00009964   tx_send_wait
000099a0   nwk_isValidReply
000099da   nwk_processMgmt
00009a14   __TI_zero_init
00009a4c   BSP_Delay
00009a82   mrfiRadioInterfaceWriteReg
00009ab8   mrfiRadioInterfaceWriteTxFifo
00009aee   MRFI_SetRxAddrFilter
00009b22   SMPL_Init
00009b56   nwk_QadjustOrder
00009b8a   rf_handler
00009bbe   tx_handler
00009bf2   MRFI_SetLogicalChannel
00009c24   nwk_deviceAddress
00009c56   nwk_getConnInfo
00009c88   nwk_linkInit
00009cea   nwk_rawReceive
00009d1a   nwk_sendFrame
00009dfc   __mspabi_divi
00009dfc   __mspabi_remi
00009e28   nwk_checkConnInfo
00009e52   nwk_processPing
00009e7a   MRFI_Sleep
00009eec   nwk_connectionControl
00009f12   nwk_globalsInit
00009f38   nwk_joinInit
00009f5e   nwk_processLink
00009f84   rf_tx_message_resume
00009faa   uart_tx_message
00009fd0   MRFI_Rssi
0000a018   MRFI_EnableRxAddrFilter
0000a03a   MRFI_RxOn
0000a05c   MRFI_WakeUp
0000a07e   memcmp
0000a0a0   __mspabi_mpyl_f5hw
0000a0c2   uart_rx_message
0000a0e4   uart_tx_message_resume
0000a106   BSP_Init
0000a126   MRFI_RxCompleteISR
0000a146   MRFI_RxIdle
0000a186   memmove
0000a1a6   nwk_frameInit
0000a1c6   nwk_processJoin
0000a1e6   MRFI_SetRFPwr
0000a204   nwk_QInit
0000a222   rf_tx_message_suspend
0000a25e   uart_tx_message_suspend
0000a27c   nwk_setMyAddress
0000a298   rf_tx_message
0000a2b4   _c_int00
0000a2b4   _c_int00_noexit
0000a2ce   MRFI_DelayMs
0000a2e6   tx_peek
0000a2fe   BSP_InitLeds
0000a314   MRFI_RandomByte
0000a340   USCI_A0_ISR
0000a356   __mspabi_divu
0000a356   __mspabi_remu
0000a36c   __mspabi_mpyi_f5hw
0000a382   toggleLED
0000a3ac   memset
0000a3c0   _system_pre_init
0000a3d2   memcpy
0000a3e4   nwk_getMyAddress
0000a3f6   nwk_setLinkToken
0000a408   BSP_InitBoard
0000a418   __mspabi_sral
0000a428   MRFI_Receive
0000a444   __TI_decompress_rle24
0000a452   nwk_getNumObjectFromMsg
0000a460   nwk_setAPAddress
0000a46e   nwk_setListenContext
0000a47c   MRFI_PostKillSem
0000a4a0   BSP_InitButtons
0000a4aa   BSP_InitDrivers
0000a4be   nwk_mgmtInit
0000a4c8   nwk_pingInit
0000a4d2   SMPL_Send
0000a4da   MRFI_GetRadioState
0000a4e0   nwk_freeConnection
0000a4e6   nwk_getBCastAddress
0000a4ec   nwk_getFWVersion
0000a4f2   nwk_getMyRxType
0000a4f8   nwk_getProtocolVersion
0000a4fe   C$$EXIT
0000a4fe   abort
0000a502   nwk_processFreq
0000a506   nwk_processSecurity
0000a50a   uart_rx_message_suspend
0000a50e   nwk_freqInit
0000a510   nwk_securityInit
0000a628   mrfiRadioCfg
0000a68a   mrfiBroadcastAddr
0000a6be   __TI_Handler_Table_Base
0000a6ca   __TI_Handler_Table_Limit
0000a6d0   __TI_CINIT_Base
0000a6e0   __TI_CINIT_Limit
0000fffe   _reset_vector
ffffffff   __binit__
ffffffff   __c_args__
ffffffff   binit
UNDEFED    __TI_INITARRAY_Base
UNDEFED    __TI_INITARRAY_Limit

[793 symbols]
