<?xml version="1.0"?>
<link_info>
   <banner>MSP430 Linker PC v4.1.5</banner>
   <copyright>Copyright (c) 2003-2013 Texas Instruments Incorporated</copyright>
   <link_time>0x5242ccd0</link_time>
   <output_file>430BOOST-CC430-Star.out</output_file>
   <entry_point>
      <name>_c_int00</name>
      <address>0xa226</address>
   </entry_point>
   <input_file_list>
      <input_file id="fl-2">
         <path>.\Components\bsp\</path>
         <kind>object</kind>
         <file>bsp.obj</file>
         <name>bsp.obj</name>
      </input_file>
      <input_file id="fl-3">
         <path>.\Components\mrfi\</path>
         <kind>object</kind>
         <file>mrfi.obj</file>
         <name>mrfi.obj</name>
      </input_file>
      <input_file id="fl-4">
         <path>.\Components\simpliciti\nwk\</path>
         <kind>object</kind>
         <file>nwk_globals.obj</file>
         <name>nwk_globals.obj</name>
      </input_file>
      <input_file id="fl-5">
         <path>.\Components\simpliciti\nwk\</path>
         <kind>object</kind>
         <file>nwk_frame.obj</file>
         <name>nwk_frame.obj</name>
      </input_file>
      <input_file id="fl-6">
         <path>.\Components\simpliciti\nwk\</path>
         <kind>object</kind>
         <file>nwk_api.obj</file>
         <name>nwk_api.obj</name>
      </input_file>
      <input_file id="fl-7">
         <path>.\Components\simpliciti\nwk\</path>
         <kind>object</kind>
         <file>nwk_QMgmt.obj</file>
         <name>nwk_QMgmt.obj</name>
      </input_file>
      <input_file id="fl-8">
         <path>.\Components\simpliciti\nwk\</path>
         <kind>object</kind>
         <file>nwk.obj</file>
         <name>nwk.obj</name>
      </input_file>
      <input_file id="fl-9">
         <path>.\Components\simpliciti\nwk_applications\</path>
         <kind>object</kind>
         <file>nwk_security.obj</file>
         <name>nwk_security.obj</name>
      </input_file>
      <input_file id="fl-a">
         <path>.\Components\simpliciti\nwk_applications\</path>
         <kind>object</kind>
         <file>nwk_ping.obj</file>
         <name>nwk_ping.obj</name>
      </input_file>
      <input_file id="fl-b">
         <path>.\Components\simpliciti\nwk_applications\</path>
         <kind>object</kind>
         <file>nwk_mgmt.obj</file>
         <name>nwk_mgmt.obj</name>
      </input_file>
      <input_file id="fl-c">
         <path>.\Components\simpliciti\nwk_applications\</path>
         <kind>object</kind>
         <file>nwk_link.obj</file>
         <name>nwk_link.obj</name>
      </input_file>
      <input_file id="fl-d">
         <path>.\Components\simpliciti\nwk_applications\</path>
         <kind>object</kind>
         <file>nwk_join.obj</file>
         <name>nwk_join.obj</name>
      </input_file>
      <input_file id="fl-e">
         <path>.\Components\simpliciti\nwk_applications\</path>
         <kind>object</kind>
         <file>nwk_ioctl.obj</file>
         <name>nwk_ioctl.obj</name>
      </input_file>
      <input_file id="fl-f">
         <path>.\Components\simpliciti\nwk_applications\</path>
         <kind>object</kind>
         <file>nwk_freq.obj</file>
         <name>nwk_freq.obj</name>
      </input_file>
      <input_file id="fl-10">
         <path>.\</path>
         <kind>object</kind>
         <file>uart_intfc.obj</file>
         <name>uart_intfc.obj</name>
      </input_file>
      <input_file id="fl-11">
         <path>.\</path>
         <kind>object</kind>
         <file>uart.obj</file>
         <name>uart.obj</name>
      </input_file>
      <input_file id="fl-12">
         <path>.\</path>
         <kind>object</kind>
         <file>radio.obj</file>
         <name>radio.obj</name>
      </input_file>
      <input_file id="fl-13">
         <path>.\</path>
         <kind>object</kind>
         <file>main_manyEDs.obj</file>
         <name>main_manyEDs.obj</name>
      </input_file>
      <input_file id="fl-2d">
         <path>C:\TI\ccsv5\tools\compiler\msp430_4.1.5\lib\</path>
         <kind>archive</kind>
         <file>rts430x_lc_sd_eabi.lib</file>
         <name>asr32.obj</name>
      </input_file>
      <input_file id="fl-2e">
         <path>C:\TI\ccsv5\tools\compiler\msp430_4.1.5\lib\</path>
         <kind>archive</kind>
         <file>rts430x_lc_sd_eabi.lib</file>
         <name>boot.obj</name>
      </input_file>
      <input_file id="fl-2f">
         <path>C:\TI\ccsv5\tools\compiler\msp430_4.1.5\lib\</path>
         <kind>archive</kind>
         <file>rts430x_lc_sd_eabi.lib</file>
         <name>copy_decompress_none.obj</name>
      </input_file>
      <input_file id="fl-30">
         <path>C:\TI\ccsv5\tools\compiler\msp430_4.1.5\lib\</path>
         <kind>archive</kind>
         <file>rts430x_lc_sd_eabi.lib</file>
         <name>copy_decompress_rle.obj</name>
      </input_file>
      <input_file id="fl-31">
         <path>C:\TI\ccsv5\tools\compiler\msp430_4.1.5\lib\</path>
         <kind>archive</kind>
         <file>rts430x_lc_sd_eabi.lib</file>
         <name>copy_zero_init.obj</name>
      </input_file>
      <input_file id="fl-32">
         <path>C:\TI\ccsv5\tools\compiler\msp430_4.1.5\lib\</path>
         <kind>archive</kind>
         <file>rts430x_lc_sd_eabi.lib</file>
         <name>cpy_util.obj</name>
      </input_file>
      <input_file id="fl-33">
         <path>C:\TI\ccsv5\tools\compiler\msp430_4.1.5\lib\</path>
         <kind>archive</kind>
         <file>rts430x_lc_sd_eabi.lib</file>
         <name>div16s.obj</name>
      </input_file>
      <input_file id="fl-34">
         <path>C:\TI\ccsv5\tools\compiler\msp430_4.1.5\lib\</path>
         <kind>archive</kind>
         <file>rts430x_lc_sd_eabi.lib</file>
         <name>div16u.obj</name>
      </input_file>
      <input_file id="fl-35">
         <path>C:\TI\ccsv5\tools\compiler\msp430_4.1.5\lib\</path>
         <kind>archive</kind>
         <file>rts430x_lc_sd_eabi.lib</file>
         <name>div32u.obj</name>
      </input_file>
      <input_file id="fl-36">
         <path>C:\TI\ccsv5\tools\compiler\msp430_4.1.5\lib\</path>
         <kind>archive</kind>
         <file>rts430x_lc_sd_eabi.lib</file>
         <name>exit.obj</name>
      </input_file>
      <input_file id="fl-37">
         <path>C:\TI\ccsv5\tools\compiler\msp430_4.1.5\lib\</path>
         <kind>archive</kind>
         <file>rts430x_lc_sd_eabi.lib</file>
         <name>memcmp.obj</name>
      </input_file>
      <input_file id="fl-38">
         <path>C:\TI\ccsv5\tools\compiler\msp430_4.1.5\lib\</path>
         <kind>archive</kind>
         <file>rts430x_lc_sd_eabi.lib</file>
         <name>memcpy.obj</name>
      </input_file>
      <input_file id="fl-39">
         <path>C:\TI\ccsv5\tools\compiler\msp430_4.1.5\lib\</path>
         <kind>archive</kind>
         <file>rts430x_lc_sd_eabi.lib</file>
         <name>memmov.obj</name>
      </input_file>
      <input_file id="fl-3a">
         <path>C:\TI\ccsv5\tools\compiler\msp430_4.1.5\lib\</path>
         <kind>archive</kind>
         <file>rts430x_lc_sd_eabi.lib</file>
         <name>memset.obj</name>
      </input_file>
      <input_file id="fl-3b">
         <path>C:\TI\ccsv5\tools\compiler\msp430_4.1.5\lib\</path>
         <kind>archive</kind>
         <file>rts430x_lc_sd_eabi.lib</file>
         <name>mult16_f5hw.obj</name>
      </input_file>
      <input_file id="fl-3c">
         <path>C:\TI\ccsv5\tools\compiler\msp430_4.1.5\lib\</path>
         <kind>archive</kind>
         <file>rts430x_lc_sd_eabi.lib</file>
         <name>mult32_f5hw.obj</name>
      </input_file>
      <input_file id="fl-3d">
         <path>C:\TI\ccsv5\tools\compiler\msp430_4.1.5\lib\</path>
         <kind>archive</kind>
         <file>rts430x_lc_sd_eabi.lib</file>
         <name>_lock.obj</name>
      </input_file>
      <input_file id="fl-3e">
         <path>C:\TI\ccsv5\tools\compiler\msp430_4.1.5\lib\</path>
         <kind>archive</kind>
         <file>rts430x_lc_sd_eabi.lib</file>
         <name>args_main.obj</name>
      </input_file>
      <input_file id="fl-3f">
         <path>C:\TI\ccsv5\tools\compiler\msp430_4.1.5\lib\</path>
         <kind>archive</kind>
         <file>rts430x_lc_sd_eabi.lib</file>
         <name>autoinit.obj</name>
      </input_file>
   </input_file_list>
   <object_component_list>
      <object_component id="oc-80">
         <name>.stack</name>
         <uninitialized>true</uninitialized>
         <run_address>0x2bac</run_address>
         <size>0x2</size>
         <input_file_ref idref="fl-2e"/>
      </object_component>
      <object_component id="oc-56f">
         <name>.stack</name>
         <uninitialized>true</uninitialized>
         <run_address>0x2bac</run_address>
         <size>0x0</size>
      </object_component>
      <object_component id="oc-1c3">
         <name>.text:MRFI_Init</name>
         <load_address>0x8000</load_address>
         <run_address>0x8000</run_address>
         <size>0x1e2</size>
         <input_file_ref idref="fl-3"/>
      </object_component>
      <object_component id="oc-4f0">
         <name>.text:smpl_send_link_reply</name>
         <load_address>0x81e2</load_address>
         <run_address>0x81e2</run_address>
         <size>0x194</size>
         <input_file_ref idref="fl-c"/>
      </object_component>
      <object_component id="oc-201">
         <name>.text:nwk_link</name>
         <load_address>0x8376</load_address>
         <run_address>0x8376</run_address>
         <size>0x154</size>
         <input_file_ref idref="fl-c"/>
      </object_component>
      <object_component id="oc-40b">
         <name>.text:nwk_QfindOldest</name>
         <load_address>0x84ca</load_address>
         <run_address>0x84ca</run_address>
         <size>0x122</size>
         <input_file_ref idref="fl-7"/>
      </object_component>
      <object_component id="oc-102">
         <name>.text:linkTo</name>
         <load_address>0x85ec</load_address>
         <run_address>0x85ec</run_address>
         <size>0x112</size>
         <input_file_ref idref="fl-13"/>
      </object_component>
      <object_component id="oc-b0">
         <name>.text:Mrfi_SyncPinRxIsr</name>
         <load_address>0x86fe</load_address>
         <run_address>0x86fe</run_address>
         <size>0xf8</size>
         <input_file_ref idref="fl-3"/>
      </object_component>
      <object_component id="oc-1e1">
         <name>.text:nwk_join</name>
         <load_address>0x87f6</load_address>
         <run_address>0x87f6</run_address>
         <size>0xf8</size>
         <input_file_ref idref="fl-d"/>
      </object_component>
      <object_component id="oc-38d">
         <name>.text:nwk_allocateLocalRxPort</name>
         <load_address>0x88ee</load_address>
         <run_address>0x88ee</run_address>
         <size>0xd8</size>
         <input_file_ref idref="fl-8"/>
      </object_component>
      <object_component id="oc-a5">
         <name>.text:__TI_decompress_rle_core</name>
         <load_address>0x89c6</load_address>
         <run_address>0x89c6</run_address>
         <size>0xd6</size>
         <input_file_ref idref="fl-30"/>
      </object_component>
      <object_component id="oc-405">
         <name>.text:MRFI_Transmit</name>
         <load_address>0x8a9c</load_address>
         <run_address>0x8a9c</run_address>
         <size>0xc6</size>
         <input_file_ref idref="fl-3"/>
      </object_component>
      <object_component id="oc-24a">
         <name>.text:dispatchFrame</name>
         <load_address>0x8b62</load_address>
         <run_address>0x8b62</run_address>
         <size>0xae</size>
         <input_file_ref idref="fl-5"/>
      </object_component>
      <object_component id="oc-8b">
         <name>.text:main</name>
         <load_address>0x8c10</load_address>
         <run_address>0x8c10</run_address>
         <size>0xae</size>
         <input_file_ref idref="fl-13"/>
      </object_component>
      <object_component id="oc-e8">
         <name>.text:SMPL_Ioctl</name>
         <load_address>0x8cbe</load_address>
         <run_address>0x8cbe</run_address>
         <size>0xac</size>
         <input_file_ref idref="fl-6"/>
      </object_component>
      <object_component id="oc-2d6">
         <name>.text:nwk_retrieveFrame</name>
         <load_address>0x8d6a</load_address>
         <run_address>0x8d6a</run_address>
         <size>0xa6</size>
         <input_file_ref idref="fl-5"/>
      </object_component>
      <object_component id="oc-2cb">
         <name>.text:nwk_buildFrame</name>
         <load_address>0x8e10</load_address>
         <run_address>0x8e10</run_address>
         <size>0x96</size>
         <input_file_ref idref="fl-5"/>
      </object_component>
      <object_component id="oc-166">
         <name>.text:uart_init</name>
         <load_address>0x8ea6</load_address>
         <run_address>0x8ea6</run_address>
         <size>0x96</size>
         <input_file_ref idref="fl-11"/>
      </object_component>
      <object_component id="oc-139">
         <name>.text:mrfiRadioInterfaceCmdStrobe</name>
         <load_address>0x8f3c</load_address>
         <run_address>0x8f3c</run_address>
         <size>0x92</size>
         <input_file_ref idref="fl-3"/>
      </object_component>
      <object_component id="oc-1c8">
         <name>.text:nwk_nwkInit</name>
         <load_address>0x8fce</load_address>
         <run_address>0x8fce</run_address>
         <size>0x86</size>
         <input_file_ref idref="fl-8"/>
      </object_component>
      <object_component id="oc-240">
         <name>.text:nwk_QfindSlot</name>
         <load_address>0x9054</load_address>
         <run_address>0x9054</run_address>
         <size>0x7c</size>
         <input_file_ref idref="fl-7"/>
      </object_component>
      <object_component id="oc-1ad">
         <name>.text:nwk_radioControl</name>
         <load_address>0x90d0</load_address>
         <run_address>0x90d0</run_address>
         <size>0x76</size>
         <input_file_ref idref="fl-e"/>
      </object_component>
      <object_component id="oc-39b">
         <name>.text:SMPL_SendOpt</name>
         <load_address>0x9146</load_address>
         <run_address>0x9146</run_address>
         <size>0x74</size>
         <input_file_ref idref="fl-6"/>
      </object_component>
      <object_component id="oc-87">
         <name>.text:_auto_init</name>
         <load_address>0x91ba</load_address>
         <run_address>0x91ba</run_address>
         <size>0x6e</size>
         <input_file_ref idref="fl-3f"/>
      </object_component>
      <object_component id="oc-74">
         <name>.text:_isr:MRFI_RadioIsr</name>
         <load_address>0x9228</load_address>
         <run_address>0x9228</run_address>
         <size>0x68</size>
         <input_file_ref idref="fl-3"/>
      </object_component>
      <object_component id="oc-11f">
         <name>.text:mrfiRadioInterfaceReadRxFifo</name>
         <load_address>0x9290</load_address>
         <run_address>0x9290</run_address>
         <size>0x62</size>
         <input_file_ref idref="fl-3"/>
      </object_component>
      <object_component id="oc-3c6">
         <name>.text:nwk_isConnectionValid</name>
         <load_address>0x92f2</load_address>
         <run_address>0x92f2</run_address>
         <size>0x60</size>
         <input_file_ref idref="fl-8"/>
      </object_component>
      <object_component id="oc-bb">
         <name>.text:uart_tx_irq</name>
         <load_address>0x9352</load_address>
         <run_address>0x9352</run_address>
         <size>0x60</size>
         <input_file_ref idref="fl-11"/>
      </object_component>
      <object_component id="oc-30b">
         <name>.text</name>
         <load_address>0x93b2</load_address>
         <run_address>0x93b2</run_address>
         <size>0x58</size>
         <input_file_ref idref="fl-35"/>
      </object_component>
      <object_component id="oc-16f">
         <name>.text:rx_handler</name>
         <load_address>0x940a</load_address>
         <run_address>0x940a</run_address>
         <size>0x58</size>
         <input_file_ref idref="fl-10"/>
      </object_component>
      <object_component id="oc-d2">
         <name>.text:Bsp_SetClocks</name>
         <load_address>0x9462</load_address>
         <run_address>0x9462</run_address>
         <size>0x52</size>
         <input_file_ref idref="fl-2"/>
      </object_component>
      <object_component id="oc-25d">
         <name>.text:SetVCoreUp</name>
         <load_address>0x94b4</load_address>
         <run_address>0x94b4</run_address>
         <size>0x52</size>
         <input_file_ref idref="fl-2"/>
      </object_component>
      <object_component id="oc-1b2">
         <name>.text:nwk_rawSend</name>
         <load_address>0x9506</load_address>
         <run_address>0x9506</run_address>
         <size>0x52</size>
         <input_file_ref idref="fl-e"/>
      </object_component>
      <object_component id="oc-279">
         <name>.text:push_buffer</name>
         <load_address>0x9558</load_address>
         <run_address>0x9558</run_address>
         <size>0x52</size>
         <input_file_ref idref="fl-10"/>
      </object_component>
      <object_component id="oc-388">
         <name>.text:nwk_getNextConnection</name>
         <load_address>0x95aa</load_address>
         <run_address>0x95aa</run_address>
         <size>0x50</size>
         <input_file_ref idref="fl-8"/>
      </object_component>
      <object_component id="oc-28a">
         <name>.text:pop_buffer</name>
         <load_address>0x95fa</load_address>
         <run_address>0x95fa</run_address>
         <size>0x50</size>
         <input_file_ref idref="fl-10"/>
      </object_component>
      <object_component id="oc-e3">
         <name>.text:uart_intfc_init</name>
         <load_address>0x964a</load_address>
         <run_address>0x964a</run_address>
         <size>0x4c</size>
         <input_file_ref idref="fl-10"/>
      </object_component>
      <object_component id="oc-11a">
         <name>.text:mrfiRadioInterfaceReadReg</name>
         <load_address>0x9696</load_address>
         <run_address>0x9696</run_address>
         <size>0x48</size>
         <input_file_ref idref="fl-3"/>
      </object_component>
      <object_component id="oc-12a">
         <name>.text:Mrfi_RxAddrIsFiltered</name>
         <load_address>0x96de</load_address>
         <run_address>0x96de</run_address>
         <size>0x46</size>
         <input_file_ref idref="fl-3"/>
      </object_component>
      <object_component id="oc-4ea">
         <name>.text:smpl_send_ping_reply</name>
         <load_address>0x9724</load_address>
         <run_address>0x9724</run_address>
         <size>0x44</size>
         <input_file_ref idref="fl-a"/>
      </object_component>
      <object_component id="oc-363">
         <name>.text:MRFI_ReplyDelay</name>
         <load_address>0x9768</load_address>
         <run_address>0x9768</run_address>
         <size>0x40</size>
         <input_file_ref idref="fl-3"/>
      </object_component>
      <object_component id="oc-95">
         <name>.text:__memcpy_far</name>
         <load_address>0x97a8</load_address>
         <run_address>0x97a8</run_address>
         <size>0x40</size>
         <input_file_ref idref="fl-32"/>
      </object_component>
      <object_component id="oc-4fe">
         <name>.text:nwk_isLinkDuplicate</name>
         <load_address>0x97e8</load_address>
         <run_address>0x97e8</run_address>
         <size>0x40</size>
         <input_file_ref idref="fl-8"/>
      </object_component>
      <object_component id="oc-458">
         <name>.text:initializeConnection</name>
         <load_address>0x9828</load_address>
         <run_address>0x9828</run_address>
         <size>0x3e</size>
         <input_file_ref idref="fl-8"/>
      </object_component>
      <object_component id="oc-68">
         <name>.text:decompress:none:__TI_decompress_none</name>
         <load_address>0x9866</load_address>
         <run_address>0x9866</run_address>
         <size>0x3c</size>
         <input_file_ref idref="fl-2f"/>
      </object_component>
      <object_component id="oc-35e">
         <name>.text:nwk_putNumObjectIntoMsg</name>
         <load_address>0x98a2</load_address>
         <run_address>0x98a2</run_address>
         <size>0x3c</size>
         <input_file_ref idref="fl-8"/>
      </object_component>
      <object_component id="oc-1f5">
         <name>.text:tx_send</name>
         <load_address>0x98de</load_address>
         <run_address>0x98de</run_address>
         <size>0x3c</size>
         <input_file_ref idref="fl-10"/>
      </object_component>
      <object_component id="oc-fd">
         <name>.text:tx_send_wait</name>
         <load_address>0x991a</load_address>
         <run_address>0x991a</run_address>
         <size>0x3c</size>
         <input_file_ref idref="fl-10"/>
      </object_component>
      <object_component id="oc-4ca">
         <name>.text:nwk_isValidReply</name>
         <load_address>0x9956</load_address>
         <run_address>0x9956</run_address>
         <size>0x3a</size>
         <input_file_ref idref="fl-8"/>
      </object_component>
      <object_component id="oc-493">
         <name>.text:nwk_processMgmt</name>
         <load_address>0x9990</load_address>
         <run_address>0x9990</run_address>
         <size>0x3a</size>
         <input_file_ref idref="fl-b"/>
      </object_component>
      <object_component id="oc-6c">
         <name>.text:decompress:ZI:__TI_zero_init</name>
         <load_address>0x99ca</load_address>
         <run_address>0x99ca</run_address>
         <size>0x38</size>
         <input_file_ref idref="fl-31"/>
      </object_component>
      <object_component id="oc-3a1">
         <name>.text:BSP_Delay</name>
         <load_address>0x9a02</load_address>
         <run_address>0x9a02</run_address>
         <size>0x36</size>
         <input_file_ref idref="fl-2"/>
      </object_component>
      <object_component id="oc-251">
         <name>.text:mrfiRadioInterfaceWriteReg</name>
         <load_address>0x9a38</load_address>
         <run_address>0x9a38</run_address>
         <size>0x36</size>
         <input_file_ref idref="fl-3"/>
      </object_component>
      <object_component id="oc-4aa">
         <name>.text:mrfiRadioInterfaceWriteTxFifo</name>
         <load_address>0x9a6e</load_address>
         <run_address>0x9a6e</run_address>
         <size>0x36</size>
         <input_file_ref idref="fl-3"/>
      </object_component>
      <object_component id="oc-1d7">
         <name>.text:MRFI_SetRxAddrFilter</name>
         <load_address>0x9aa4</load_address>
         <run_address>0x9aa4</run_address>
         <size>0x34</size>
         <input_file_ref idref="fl-3"/>
      </object_component>
      <object_component id="oc-ed">
         <name>.text:SMPL_Init</name>
         <load_address>0x9ad8</load_address>
         <run_address>0x9ad8</run_address>
         <size>0x34</size>
         <input_file_ref idref="fl-6"/>
      </object_component>
      <object_component id="oc-3b6">
         <name>.text:nwk_QadjustOrder</name>
         <load_address>0x9b0c</load_address>
         <run_address>0x9b0c</run_address>
         <size>0x34</size>
         <input_file_ref idref="fl-7"/>
      </object_component>
      <object_component id="oc-183">
         <name>.text:rf_handler</name>
         <load_address>0x9b40</load_address>
         <run_address>0x9b40</run_address>
         <size>0x34</size>
         <input_file_ref idref="fl-10"/>
      </object_component>
      <object_component id="oc-179">
         <name>.text:tx_handler</name>
         <load_address>0x9b74</load_address>
         <run_address>0x9b74</run_address>
         <size>0x34</size>
         <input_file_ref idref="fl-10"/>
      </object_component>
      <object_component id="oc-2f4">
         <name>.text:MRFI_SetLogicalChannel</name>
         <load_address>0x9ba8</load_address>
         <run_address>0x9ba8</run_address>
         <size>0x32</size>
         <input_file_ref idref="fl-3"/>
      </object_component>
      <object_component id="oc-1a8">
         <name>.text:nwk_deviceAddress</name>
         <load_address>0x9bda</load_address>
         <run_address>0x9bda</run_address>
         <size>0x32</size>
         <input_file_ref idref="fl-e"/>
      </object_component>
      <object_component id="oc-29f">
         <name>.text:nwk_getConnInfo</name>
         <load_address>0x9c0c</load_address>
         <run_address>0x9c0c</run_address>
         <size>0x32</size>
         <input_file_ref idref="fl-8"/>
      </object_component>
      <object_component id="oc-339">
         <name>.text:nwk_linkInit</name>
         <load_address>0x9c3e</load_address>
         <run_address>0x9c3e</run_address>
         <size>0x32</size>
         <input_file_ref idref="fl-c"/>
      </object_component>
      <object_component id="oc-3e6">
         <name>.text:map_lid2idx</name>
         <load_address>0x9c70</load_address>
         <run_address>0x9c70</run_address>
         <size>0x30</size>
         <input_file_ref idref="fl-8"/>
      </object_component>
      <object_component id="oc-1b7">
         <name>.text:nwk_rawReceive</name>
         <load_address>0x9ca0</load_address>
         <run_address>0x9ca0</run_address>
         <size>0x30</size>
         <input_file_ref idref="fl-e"/>
      </object_component>
      <object_component id="oc-2d0">
         <name>.text:nwk_sendFrame</name>
         <load_address>0x9cd0</load_address>
         <run_address>0x9cd0</run_address>
         <size>0x30</size>
         <input_file_ref idref="fl-5"/>
      </object_component>
      <object_component id="oc-12f">
         <name>.text:Mrfi_CalculateRssi</name>
         <load_address>0x9d00</load_address>
         <run_address>0x9d00</run_address>
         <size>0x2e</size>
         <input_file_ref idref="fl-3"/>
      </object_component>
      <object_component id="oc-44d">
         <name>.text:Mrfi_DelayUsecSem</name>
         <load_address>0x9d2e</load_address>
         <run_address>0x9d2e</run_address>
         <size>0x2c</size>
         <input_file_ref idref="fl-3"/>
      </object_component>
      <object_component id="oc-2fe">
         <name>.text:Mrfi_RxModeOff</name>
         <load_address>0x9d5a</load_address>
         <run_address>0x9d5a</run_address>
         <size>0x2c</size>
         <input_file_ref idref="fl-3"/>
      </object_component>
      <object_component id="oc-154">
         <name>.text:SetVCore</name>
         <load_address>0x9d86</load_address>
         <run_address>0x9d86</run_address>
         <size>0x2c</size>
         <input_file_ref idref="fl-2"/>
      </object_component>
      <object_component id="oc-23b">
         <name>.text</name>
         <load_address>0x9db2</load_address>
         <run_address>0x9db2</run_address>
         <size>0x2c</size>
         <input_file_ref idref="fl-33"/>
      </object_component>
      <object_component id="oc-464">
         <name>.text:nwk_checkConnInfo</name>
         <load_address>0x9dde</load_address>
         <run_address>0x9dde</run_address>
         <size>0x2a</size>
         <input_file_ref idref="fl-8"/>
      </object_component>
      <object_component id="oc-47a">
         <name>.text:nwk_processPing</name>
         <load_address>0x9e08</load_address>
         <run_address>0x9e08</run_address>
         <size>0x28</size>
         <input_file_ref idref="fl-a"/>
      </object_component>
      <object_component id="oc-2c5">
         <name>.text:MRFI_Sleep</name>
         <load_address>0x9e30</load_address>
         <run_address>0x9e30</run_address>
         <size>0x26</size>
         <input_file_ref idref="fl-3"/>
      </object_component>
      <object_component id="oc-20c">
         <name>.text:Mrfi_DelayUsec</name>
         <load_address>0x9e56</load_address>
         <run_address>0x9e56</run_address>
         <size>0x26</size>
         <input_file_ref idref="fl-3"/>
      </object_component>
      <object_component id="oc-262">
         <name>.text:SetVCoreDown</name>
         <load_address>0x9e7c</load_address>
         <run_address>0x9e7c</run_address>
         <size>0x26</size>
         <input_file_ref idref="fl-2"/>
      </object_component>
      <object_component id="oc-1a3">
         <name>.text:nwk_connectionControl</name>
         <load_address>0x9ea2</load_address>
         <run_address>0x9ea2</run_address>
         <size>0x26</size>
         <input_file_ref idref="fl-e"/>
      </object_component>
      <object_component id="oc-316">
         <name>.text:nwk_globalsInit</name>
         <load_address>0x9ec8</load_address>
         <run_address>0x9ec8</run_address>
         <size>0x26</size>
         <input_file_ref idref="fl-4"/>
      </object_component>
      <object_component id="oc-32f">
         <name>.text:nwk_joinInit</name>
         <load_address>0x9eee</load_address>
         <run_address>0x9eee</run_address>
         <size>0x26</size>
         <input_file_ref idref="fl-d"/>
      </object_component>
      <object_component id="oc-47f">
         <name>.text:nwk_processLink</name>
         <load_address>0x9f14</load_address>
         <run_address>0x9f14</run_address>
         <size>0x26</size>
         <input_file_ref idref="fl-c"/>
      </object_component>
      <object_component id="oc-17e">
         <name>.text:uart_tx_message</name>
         <load_address>0x9f3a</load_address>
         <run_address>0x9f3a</run_address>
         <size>0x26</size>
         <input_file_ref idref="fl-11"/>
      </object_component>
      <object_component id="oc-2c0">
         <name>.text:MRFI_Rssi</name>
         <load_address>0x9f60</load_address>
         <run_address>0x9f60</run_address>
         <size>0x24</size>
         <input_file_ref idref="fl-3"/>
      </object_component>
      <object_component id="oc-4af">
         <name>.text:Mrfi_RandomBackoffDelay</name>
         <load_address>0x9f84</load_address>
         <run_address>0x9f84</run_address>
         <size>0x24</size>
         <input_file_ref idref="fl-3"/>
      </object_component>
      <object_component id="oc-1dc">
         <name>.text:MRFI_EnableRxAddrFilter</name>
         <load_address>0x9fa8</load_address>
         <run_address>0x9fa8</run_address>
         <size>0x22</size>
         <input_file_ref idref="fl-3"/>
      </object_component>
      <object_component id="oc-2bb">
         <name>.text:MRFI_RxOn</name>
         <load_address>0x9fca</load_address>
         <run_address>0x9fca</run_address>
         <size>0x22</size>
         <input_file_ref idref="fl-3"/>
      </object_component>
      <object_component id="oc-1cd">
         <name>.text:MRFI_WakeUp</name>
         <load_address>0x9fec</load_address>
         <run_address>0x9fec</run_address>
         <size>0x22</size>
         <input_file_ref idref="fl-3"/>
      </object_component>
      <object_component id="oc-3c0">
         <name>.text:memcmp</name>
         <load_address>0xa00e</load_address>
         <run_address>0xa00e</run_address>
         <size>0x22</size>
         <input_file_ref idref="fl-37"/>
      </object_component>
      <object_component id="oc-307">
         <name>.text</name>
         <load_address>0xa030</load_address>
         <run_address>0xa030</run_address>
         <size>0x22</size>
         <input_file_ref idref="fl-3c"/>
      </object_component>
      <object_component id="oc-174">
         <name>.text:uart_rx_message</name>
         <load_address>0xa052</load_address>
         <run_address>0xa052</run_address>
         <size>0x22</size>
         <input_file_ref idref="fl-11"/>
      </object_component>
      <object_component id="oc-37b">
         <name>.text:uart_tx_message_resume</name>
         <load_address>0xa074</load_address>
         <run_address>0xa074</run_address>
         <size>0x22</size>
         <input_file_ref idref="fl-11"/>
      </object_component>
      <object_component id="oc-de">
         <name>.text:BSP_Init</name>
         <load_address>0xa096</load_address>
         <run_address>0xa096</run_address>
         <size>0x20</size>
         <input_file_ref idref="fl-2"/>
      </object_component>
      <object_component id="oc-134">
         <name>.text:MRFI_RxCompleteISR</name>
         <load_address>0xa0b6</load_address>
         <run_address>0xa0b6</run_address>
         <size>0x20</size>
         <input_file_ref idref="fl-5"/>
      </object_component>
      <object_component id="oc-2b6">
         <name>.text:MRFI_RxIdle</name>
         <load_address>0xa0d6</load_address>
         <run_address>0xa0d6</run_address>
         <size>0x20</size>
         <input_file_ref idref="fl-3"/>
      </object_component>
      <object_component id="oc-4d5">
         <name>.text:handleLinkRequest</name>
         <load_address>0xa0f6</load_address>
         <run_address>0xa0f6</run_address>
         <size>0x20</size>
         <input_file_ref idref="fl-c"/>
      </object_component>
      <object_component id="oc-448">
         <name>.text:memmove</name>
         <load_address>0xa116</load_address>
         <run_address>0xa116</run_address>
         <size>0x20</size>
         <input_file_ref idref="fl-39"/>
      </object_component>
      <object_component id="oc-31b">
         <name>.text:nwk_frameInit</name>
         <load_address>0xa136</load_address>
         <run_address>0xa136</run_address>
         <size>0x20</size>
         <input_file_ref idref="fl-5"/>
      </object_component>
      <object_component id="oc-484">
         <name>.text:nwk_processJoin</name>
         <load_address>0xa156</load_address>
         <run_address>0xa156</run_address>
         <size>0x20</size>
         <input_file_ref idref="fl-d"/>
      </object_component>
      <object_component id="oc-2f9">
         <name>.text:MRFI_SetRFPwr</name>
         <load_address>0xa176</load_address>
         <run_address>0xa176</run_address>
         <size>0x1e</size>
         <input_file_ref idref="fl-3"/>
      </object_component>
      <object_component id="oc-320">
         <name>.text:nwk_QInit</name>
         <load_address>0xa194</load_address>
         <run_address>0xa194</run_address>
         <size>0x1e</size>
         <input_file_ref idref="fl-7"/>
      </object_component>
      <object_component id="oc-c0">
         <name>.text:uart_rx_irq</name>
         <load_address>0xa1b2</load_address>
         <run_address>0xa1b2</run_address>
         <size>0x1e</size>
         <input_file_ref idref="fl-11"/>
      </object_component>
      <object_component id="oc-146">
         <name>.text:uart_tx_message_suspend</name>
         <load_address>0xa1d0</load_address>
         <run_address>0xa1d0</run_address>
         <size>0x1e</size>
         <input_file_ref idref="fl-11"/>
      </object_component>
      <object_component id="oc-2b0">
         <name>.text:nwk_setMyAddress</name>
         <load_address>0xa1ee</load_address>
         <run_address>0xa1ee</run_address>
         <size>0x1c</size>
         <input_file_ref idref="fl-4"/>
      </object_component>
      <object_component id="oc-188">
         <name>.text:rf_tx_message</name>
         <load_address>0xa20a</load_address>
         <run_address>0xa20a</run_address>
         <size>0x1c</size>
         <input_file_ref idref="fl-11"/>
      </object_component>
      <object_component id="oc-63">
         <name>.text:_isr:_c_int00_noexit</name>
         <load_address>0xa226</load_address>
         <run_address>0xa226</run_address>
         <size>0x1a</size>
         <input_file_ref idref="fl-2e"/>
      </object_component>
      <object_component id="oc-107">
         <name>.text:MRFI_DelayMs</name>
         <load_address>0xa240</load_address>
         <run_address>0xa240</run_address>
         <size>0x18</size>
         <input_file_ref idref="fl-3"/>
      </object_component>
      <object_component id="oc-1f0">
         <name>.text:tx_peek</name>
         <load_address>0xa258</load_address>
         <run_address>0xa258</run_address>
         <size>0x18</size>
         <input_file_ref idref="fl-10"/>
      </object_component>
      <object_component id="oc-269">
         <name>.text:BSP_InitLeds</name>
         <load_address>0xa270</load_address>
         <run_address>0xa270</run_address>
         <size>0x16</size>
         <input_file_ref idref="fl-2"/>
      </object_component>
      <object_component id="oc-426">
         <name>.text:MRFI_RandomByte</name>
         <load_address>0xa286</load_address>
         <run_address>0xa286</run_address>
         <size>0x16</size>
         <input_file_ref idref="fl-3"/>
      </object_component>
      <object_component id="oc-3fc">
         <name>.text:Mrfi_RxModeOn</name>
         <load_address>0xa29c</load_address>
         <run_address>0xa29c</run_address>
         <size>0x16</size>
         <input_file_ref idref="fl-3"/>
      </object_component>
      <object_component id="oc-7a">
         <name>.text:_isr:USCI_A0_ISR</name>
         <load_address>0xa2b2</load_address>
         <run_address>0xa2b2</run_address>
         <size>0x16</size>
         <input_file_ref idref="fl-11"/>
      </object_component>
      <object_component id="oc-3af">
         <name>.text</name>
         <load_address>0xa2c8</load_address>
         <run_address>0xa2c8</run_address>
         <size>0x16</size>
         <input_file_ref idref="fl-34"/>
      </object_component>
      <object_component id="oc-30f">
         <name>.text</name>
         <load_address>0xa2de</load_address>
         <run_address>0xa2de</run_address>
         <size>0x16</size>
         <input_file_ref idref="fl-3b"/>
      </object_component>
      <object_component id="oc-f7">
         <name>.text:toggleLED</name>
         <load_address>0xa2f4</load_address>
         <run_address>0xa2f4</run_address>
         <size>0x16</size>
         <input_file_ref idref="fl-13"/>
      </object_component>
      <object_component id="oc-190">
         <name>.text:ioctlPreInitAccessIsOK</name>
         <load_address>0xa30a</load_address>
         <run_address>0xa30a</run_address>
         <size>0x14</size>
         <input_file_ref idref="fl-6"/>
      </object_component>
      <object_component id="oc-126">
         <name>.text:memset</name>
         <load_address>0xa31e</load_address>
         <run_address>0xa31e</run_address>
         <size>0x14</size>
         <input_file_ref idref="fl-3a"/>
      </object_component>
      <object_component id="oc-82">
         <name>.text:_system_pre_init</name>
         <load_address>0xa332</load_address>
         <run_address>0xa332</run_address>
         <size>0x12</size>
         <input_file_ref idref="fl-2"/>
      </object_component>
      <object_component id="oc-19f">
         <name>.text:memcpy</name>
         <load_address>0xa344</load_address>
         <run_address>0xa344</run_address>
         <size>0x12</size>
         <input_file_ref idref="fl-38"/>
      </object_component>
      <object_component id="oc-1d2">
         <name>.text:nwk_getMyAddress</name>
         <load_address>0xa356</load_address>
         <run_address>0xa356</run_address>
         <size>0x12</size>
         <input_file_ref idref="fl-4"/>
      </object_component>
      <object_component id="oc-368">
         <name>.text:nwk_setLinkToken</name>
         <load_address>0xa368</load_address>
         <run_address>0xa368</run_address>
         <size>0x12</size>
         <input_file_ref idref="fl-c"/>
      </object_component>
      <object_component id="oc-f2">
         <name>.text:sCB</name>
         <load_address>0xa37a</load_address>
         <run_address>0xa37a</run_address>
         <size>0x12</size>
         <input_file_ref idref="fl-13"/>
      </object_component>
      <object_component id="oc-15b">
         <name>.text:BSP_InitBoard</name>
         <load_address>0xa38c</load_address>
         <run_address>0xa38c</run_address>
         <size>0x10</size>
         <input_file_ref idref="fl-2"/>
      </object_component>
      <object_component id="oc-303">
         <name>.text:l_asr</name>
         <load_address>0xa39c</load_address>
         <run_address>0xa39c</run_address>
         <size>0x10</size>
         <input_file_ref idref="fl-2d"/>
      </object_component>
      <object_component id="oc-245">
         <name>.text:MRFI_Receive</name>
         <load_address>0xa3ac</load_address>
         <run_address>0xa3ac</run_address>
         <size>0xe</size>
         <input_file_ref idref="fl-3"/>
      </object_component>
      <object_component id="oc-27e">
         <name>.text:buffer_free_space</name>
         <load_address>0xa3ba</load_address>
         <run_address>0xa3ba</run_address>
         <size>0xe</size>
         <input_file_ref idref="fl-10"/>
      </object_component>
      <object_component id="oc-70">
         <name>.text:decompress:rle24:__TI_decompress_rle24</name>
         <load_address>0xa3c8</load_address>
         <run_address>0xa3c8</run_address>
         <size>0xe</size>
         <input_file_ref idref="fl-30"/>
      </object_component>
      <object_component id="oc-4f9">
         <name>.text:nwk_getNumObjectFromMsg</name>
         <load_address>0xa3d6</load_address>
         <run_address>0xa3d6</run_address>
         <size>0xe</size>
         <input_file_ref idref="fl-8"/>
      </object_component>
      <object_component id="oc-36d">
         <name>.text:nwk_setAPAddress</name>
         <load_address>0xa3e4</load_address>
         <run_address>0xa3e4</run_address>
         <size>0xe</size>
         <input_file_ref idref="fl-4"/>
      </object_component>
      <object_component id="oc-49a">
         <name>.text:MRFI_PostKillSem</name>
         <load_address>0xa3f2</load_address>
         <run_address>0xa3f2</run_address>
         <size>0xc</size>
         <input_file_ref idref="fl-3"/>
      </object_component>
      <object_component id="oc-3d6">
         <name>.text:buffer_used_space</name>
         <load_address>0xa3fe</load_address>
         <run_address>0xa3fe</run_address>
         <size>0xc</size>
         <input_file_ref idref="fl-10"/>
      </object_component>
      <object_component id="oc-4cf">
         <name>.text:handlePingRequest</name>
         <load_address>0xa40a</load_address>
         <run_address>0xa40a</run_address>
         <size>0xc</size>
         <input_file_ref idref="fl-a"/>
      </object_component>
      <object_component id="oc-26e">
         <name>.text:BSP_InitButtons</name>
         <load_address>0xa416</load_address>
         <run_address>0xa416</run_address>
         <size>0xa</size>
         <input_file_ref idref="fl-2"/>
      </object_component>
      <object_component id="oc-160">
         <name>.text:BSP_InitDrivers</name>
         <load_address>0xa420</load_address>
         <run_address>0xa420</run_address>
         <size>0xa</size>
         <input_file_ref idref="fl-2"/>
      </object_component>
      <object_component id="oc-cd">
         <name>.text:Bsp_SetVCore</name>
         <load_address>0xa42a</load_address>
         <run_address>0xa42a</run_address>
         <size>0xa</size>
         <input_file_ref idref="fl-2"/>
      </object_component>
      <object_component id="oc-334">
         <name>.text:nwk_mgmtInit</name>
         <load_address>0xa434</load_address>
         <run_address>0xa434</run_address>
         <size>0xa</size>
         <input_file_ref idref="fl-b"/>
      </object_component>
      <object_component id="oc-32a">
         <name>.text:nwk_pingInit</name>
         <load_address>0xa43e</load_address>
         <run_address>0xa43e</run_address>
         <size>0xa</size>
         <input_file_ref idref="fl-a"/>
      </object_component>
      <object_component id="oc-206">
         <name>.text:SMPL_Send</name>
         <load_address>0xa448</load_address>
         <run_address>0xa448</run_address>
         <size>0x8</size>
         <input_file_ref idref="fl-6"/>
      </object_component>
      <object_component id="oc-357">
         <name>.text:MRFI_GetRadioState</name>
         <load_address>0xa450</load_address>
         <run_address>0xa450</run_address>
         <size>0x6</size>
         <input_file_ref idref="fl-3"/>
      </object_component>
      <object_component id="oc-2a4">
         <name>.text:nwk_freeConnection</name>
         <load_address>0xa456</load_address>
         <run_address>0xa456</run_address>
         <size>0x6</size>
         <input_file_ref idref="fl-8"/>
      </object_component>
      <object_component id="oc-343">
         <name>.text:nwk_getBCastAddress</name>
         <load_address>0xa45c</load_address>
         <run_address>0xa45c</run_address>
         <size>0x6</size>
         <input_file_ref idref="fl-4"/>
      </object_component>
      <object_component id="oc-19a">
         <name>.text:nwk_getFWVersion</name>
         <load_address>0xa462</load_address>
         <run_address>0xa462</run_address>
         <size>0x6</size>
         <input_file_ref idref="fl-4"/>
      </object_component>
      <object_component id="oc-394">
         <name>.text:nwk_getMyRxType</name>
         <load_address>0xa468</load_address>
         <run_address>0xa468</run_address>
         <size>0x6</size>
         <input_file_ref idref="fl-5"/>
      </object_component>
      <object_component id="oc-195">
         <name>.text:nwk_getProtocolVersion</name>
         <load_address>0xa46e</load_address>
         <run_address>0xa46e</run_address>
         <size>0x6</size>
         <input_file_ref idref="fl-4"/>
      </object_component>
      <object_component id="oc-90">
         <name>.text:abort</name>
         <load_address>0xa474</load_address>
         <run_address>0xa474</run_address>
         <size>0x4</size>
         <input_file_ref idref="fl-36"/>
      </object_component>
      <object_component id="oc-48e">
         <name>.text:nwk_processFreq</name>
         <load_address>0xa478</load_address>
         <run_address>0xa478</run_address>
         <size>0x4</size>
         <input_file_ref idref="fl-f"/>
      </object_component>
      <object_component id="oc-489">
         <name>.text:nwk_processSecurity</name>
         <load_address>0xa47c</load_address>
         <run_address>0xa47c</run_address>
         <size>0x4</size>
         <input_file_ref idref="fl-9"/>
      </object_component>
      <object_component id="oc-283">
         <name>.text:uart_rx_message_suspend</name>
         <load_address>0xa480</load_address>
         <run_address>0xa480</run_address>
         <size>0x4</size>
         <input_file_ref idref="fl-11"/>
      </object_component>
      <object_component id="oc-325">
         <name>.text:nwk_freqInit</name>
         <load_address>0xa484</load_address>
         <run_address>0xa484</run_address>
         <size>0x2</size>
         <input_file_ref idref="fl-f"/>
      </object_component>
      <object_component id="oc-33e">
         <name>.text:nwk_securityInit</name>
         <load_address>0xa486</load_address>
         <run_address>0xa486</run_address>
         <size>0x2</size>
         <input_file_ref idref="fl-9"/>
      </object_component>
      <object_component id="oc-56e">
         <name>.cinit..data.load</name>
         <load_address>0xa600</load_address>
         <run_address>0xa600</run_address>
         <size>0x29</size>
      </object_component>
      <object_component id="oc-56b">
         <name>__TI_handler_table</name>
         <load_address>0xa62a</load_address>
         <run_address>0xa62a</run_address>
         <size>0xc</size>
      </object_component>
      <object_component id="oc-56d">
         <name>.cinit..bss.load</name>
         <load_address>0xa636</load_address>
         <run_address>0xa636</run_address>
         <size>0x6</size>
      </object_component>
      <object_component id="oc-56c">
         <name>__TI_cinit_table</name>
         <load_address>0xa63c</load_address>
         <run_address>0xa63c</run_address>
         <size>0x10</size>
      </object_component>
      <object_component id="oc-fc">
         <name>.const:.string</name>
         <load_address>0xa488</load_address>
         <run_address>0xa488</run_address>
         <size>0x10a</size>
         <input_file_ref idref="fl-13"/>
      </object_component>
      <object_component id="oc-2f2">
         <name>.const:mrfiRadioCfg</name>
         <load_address>0xa592</load_address>
         <run_address>0xa592</run_address>
         <size>0x40</size>
         <input_file_ref idref="fl-3"/>
      </object_component>
      <object_component id="oc-3c4">
         <name>.const:func</name>
         <load_address>0xa5d2</load_address>
         <run_address>0xa5d2</run_address>
         <size>0x18</size>
         <input_file_ref idref="fl-5"/>
      </object_component>
      <object_component id="oc-298">
         <name>.const</name>
         <load_address>0xa5ea</load_address>
         <run_address>0xa5ea</run_address>
         <size>0x9</size>
         <input_file_ref idref="fl-4"/>
      </object_component>
      <object_component id="oc-238">
         <name>.const:.string:mrfiBroadcastAddr</name>
         <load_address>0xa5f4</load_address>
         <run_address>0xa5f4</run_address>
         <size>0x4</size>
         <input_file_ref idref="fl-3"/>
      </object_component>
      <object_component id="oc-413">
         <name>.const:.string:mrfiLogicalChanTable</name>
         <load_address>0xa5f8</load_address>
         <run_address>0xa5f8</run_address>
         <size>0x4</size>
         <input_file_ref idref="fl-3"/>
      </object_component>
      <object_component id="oc-416">
         <name>.const:.string:mrfiRFPowerTable</name>
         <load_address>0xa5fc</load_address>
         <run_address>0xa5fc</run_address>
         <size>0x3</size>
         <input_file_ref idref="fl-3"/>
      </object_component>
      <object_component id="oc-75">
         <name>.int53</name>
         <load_address>0xffea</load_address>
         <run_address>0xffea</run_address>
         <size>0x2</size>
         <input_file_ref idref="fl-3"/>
      </object_component>
      <object_component id="oc-7b">
         <name>.int58</name>
         <load_address>0xfff4</load_address>
         <run_address>0xfff4</run_address>
         <size>0x2</size>
         <input_file_ref idref="fl-11"/>
      </object_component>
      <object_component id="oc-64">
         <name>.reset</name>
         <load_address>0xfffe</load_address>
         <run_address>0xfffe</run_address>
         <size>0x2</size>
         <input_file_ref idref="fl-2e"/>
      </object_component>
      <object_component id="oc-124">
         <name>.bss</name>
         <uninitialized>true</uninitialized>
         <run_address>0x1d62</run_address>
         <size>0x18</size>
         <input_file_ref idref="fl-3"/>
      </object_component>
      <object_component id="oc-151">
         <name>.bss</name>
         <uninitialized>true</uninitialized>
         <run_address>0x1cfe</run_address>
         <size>0x64</size>
         <input_file_ref idref="fl-11"/>
      </object_component>
      <object_component id="oc-16b">
         <name>.bss</name>
         <uninitialized>true</uninitialized>
         <run_address>0x1c00</run_address>
         <size>0x96</size>
         <input_file_ref idref="fl-10"/>
      </object_component>
      <object_component id="oc-352">
         <name>.bss</name>
         <uninitialized>true</uninitialized>
         <run_address>0x1d7a</run_address>
         <size>0x8</size>
         <input_file_ref idref="fl-4"/>
      </object_component>
      <object_component id="oc-3b4">
         <name>.bss</name>
         <uninitialized>true</uninitialized>
         <run_address>0x1c96</run_address>
         <size>0x68</size>
         <input_file_ref idref="fl-7"/>
      </object_component>
      <object_component id="oc-435">
         <name>.bss</name>
         <uninitialized>true</uninitialized>
         <run_address>0x1d82</run_address>
         <size>0x2</size>
         <input_file_ref idref="fl-c"/>
      </object_component>
      <object_component id="oc-118">
         <name>.data</name>
         <load_address>0x1dc2</load_address>
         <run_address>0x1dc2</run_address>
         <size>0x17</size>
         <input_file_ref idref="fl-3"/>
      </object_component>
      <object_component id="oc-144">
         <name>.data</name>
         <load_address>0x1daa</load_address>
         <run_address>0x1daa</run_address>
         <size>0x18</size>
         <input_file_ref idref="fl-11"/>
      </object_component>
      <object_component id="oc-16d">
         <name>.data</name>
         <load_address>0x1dda</load_address>
         <run_address>0x1dda</run_address>
         <size>0x12</size>
         <input_file_ref idref="fl-10"/>
      </object_component>
      <object_component id="oc-18e">
         <name>.data</name>
         <load_address>0x1e1c</load_address>
         <run_address>0x1e1c</run_address>
         <size>0x1</size>
         <input_file_ref idref="fl-6"/>
      </object_component>
      <object_component id="oc-1e7">
         <name>.data</name>
         <load_address>0x1e14</load_address>
         <run_address>0x1e14</run_address>
         <size>0x3</size>
         <input_file_ref idref="fl-13"/>
      </object_component>
      <object_component id="oc-236">
         <name>.data:mrfiRxFilterAddr</name>
         <load_address>0x1e10</load_address>
         <run_address>0x1e10</run_address>
         <size>0x4</size>
         <input_file_ref idref="fl-3"/>
      </object_component>
      <object_component id="oc-292">
         <name>.data</name>
         <load_address>0x1e00</load_address>
         <run_address>0x1e00</run_address>
         <size>0x8</size>
         <input_file_ref idref="fl-12"/>
      </object_component>
      <object_component id="oc-314">
         <name>.data</name>
         <load_address>0x1d84</load_address>
         <run_address>0x1d84</run_address>
         <size>0x26</size>
         <input_file_ref idref="fl-8"/>
      </object_component>
      <object_component id="oc-350">
         <name>.data</name>
         <load_address>0x1e1e</load_address>
         <run_address>0x1e1e</run_address>
         <size>0x1</size>
         <input_file_ref idref="fl-4"/>
      </object_component>
      <object_component id="oc-35c">
         <name>.data</name>
         <load_address>0x1df6</load_address>
         <run_address>0x1df6</run_address>
         <size>0x9</size>
         <input_file_ref idref="fl-d"/>
      </object_component>
      <object_component id="oc-392">
         <name>.data</name>
         <load_address>0x1e08</load_address>
         <run_address>0x1e08</run_address>
         <size>0x7</size>
         <input_file_ref idref="fl-c"/>
      </object_component>
      <object_component id="oc-3be">
         <name>.data</name>
         <load_address>0x1dec</load_address>
         <run_address>0x1dec</run_address>
         <size>0xa</size>
         <input_file_ref idref="fl-5"/>
      </object_component>
      <object_component id="oc-42e">
         <name>.data</name>
         <load_address>0x1e20</load_address>
         <run_address>0x1e20</run_address>
         <size>0x1</size>
         <input_file_ref idref="fl-a"/>
      </object_component>
      <object_component id="oc-432">
         <name>.data</name>
         <load_address>0x1e18</load_address>
         <run_address>0x1e18</run_address>
         <size>0x3</size>
         <input_file_ref idref="fl-b"/>
      </object_component>
      <object_component id="oc-65">
         <name>.debug_info</name>
         <load_address>0x0</load_address>
         <run_address>0x0</run_address>
         <size>0x129</size>
         <input_file_ref idref="fl-2e"/>
      </object_component>
      <object_component id="oc-69">
         <name>.debug_info</name>
         <load_address>0x129</load_address>
         <run_address>0x129</run_address>
         <size>0x16e</size>
         <input_file_ref idref="fl-2f"/>
      </object_component>
      <object_component id="oc-6d">
         <name>.debug_info</name>
         <load_address>0x297</load_address>
         <run_address>0x297</run_address>
         <size>0x1a6</size>
         <input_file_ref idref="fl-31"/>
      </object_component>
      <object_component id="oc-71">
         <name>.debug_info</name>
         <load_address>0x43d</load_address>
         <run_address>0x43d</run_address>
         <size>0x179</size>
         <input_file_ref idref="fl-30"/>
      </object_component>
      <object_component id="oc-76">
         <name>.debug_info</name>
         <load_address>0x5b6</load_address>
         <run_address>0x5b6</run_address>
         <size>0x563</size>
         <input_file_ref idref="fl-3"/>
      </object_component>
      <object_component id="oc-7c">
         <name>.debug_info</name>
         <load_address>0xb19</load_address>
         <run_address>0xb19</run_address>
         <size>0x118</size>
         <input_file_ref idref="fl-11"/>
      </object_component>
      <object_component id="oc-81">
         <name>.debug_info</name>
         <load_address>0xc31</load_address>
         <run_address>0xc31</run_address>
         <size>0xaa</size>
         <input_file_ref idref="fl-2e"/>
      </object_component>
      <object_component id="oc-83">
         <name>.debug_info</name>
         <load_address>0xcdb</load_address>
         <run_address>0xcdb</run_address>
         <size>0x1d2</size>
         <input_file_ref idref="fl-2"/>
      </object_component>
      <object_component id="oc-88">
         <name>.debug_info</name>
         <load_address>0xead</load_address>
         <run_address>0xead</run_address>
         <size>0x1b0</size>
         <input_file_ref idref="fl-3f"/>
      </object_component>
      <object_component id="oc-8c">
         <name>.debug_info</name>
         <load_address>0x105d</load_address>
         <run_address>0x105d</run_address>
         <size>0x3e0</size>
         <input_file_ref idref="fl-13"/>
      </object_component>
      <object_component id="oc-91">
         <name>.debug_info</name>
         <load_address>0x143d</load_address>
         <run_address>0x143d</run_address>
         <size>0x121</size>
         <input_file_ref idref="fl-36"/>
      </object_component>
      <object_component id="oc-96">
         <name>.debug_info</name>
         <load_address>0x155e</load_address>
         <run_address>0x155e</run_address>
         <size>0xce</size>
         <input_file_ref idref="fl-32"/>
      </object_component>
      <object_component id="oc-9a">
         <name>.debug_info</name>
         <load_address>0x162c</load_address>
         <run_address>0x162c</run_address>
         <size>0x46</size>
         <input_file_ref idref="fl-2f"/>
      </object_component>
      <object_component id="oc-a0">
         <name>.debug_info</name>
         <load_address>0x1672</load_address>
         <run_address>0x1672</run_address>
         <size>0x46</size>
         <input_file_ref idref="fl-31"/>
      </object_component>
      <object_component id="oc-a6">
         <name>.debug_info</name>
         <load_address>0x16b8</load_address>
         <run_address>0x16b8</run_address>
         <size>0x372</size>
         <input_file_ref idref="fl-30"/>
      </object_component>
      <object_component id="oc-aa">
         <name>.debug_info</name>
         <load_address>0x1a2a</load_address>
         <run_address>0x1a2a</run_address>
         <size>0x184</size>
         <input_file_ref idref="fl-30"/>
      </object_component>
      <object_component id="oc-ab">
         <name>.debug_info</name>
         <load_address>0x1bae</load_address>
         <run_address>0x1bae</run_address>
         <size>0x39</size>
         <input_file_ref idref="fl-30"/>
      </object_component>
      <object_component id="oc-b1">
         <name>.debug_info</name>
         <load_address>0x1be7</load_address>
         <run_address>0x1be7</run_address>
         <size>0x57d</size>
         <input_file_ref idref="fl-3"/>
      </object_component>
      <object_component id="oc-b6">
         <name>.debug_info</name>
         <load_address>0x2164</load_address>
         <run_address>0x2164</run_address>
         <size>0x6d</size>
         <input_file_ref idref="fl-2"/>
      </object_component>
      <object_component id="oc-bc">
         <name>.debug_info</name>
         <load_address>0x21d1</load_address>
         <run_address>0x21d1</run_address>
         <size>0x15a</size>
         <input_file_ref idref="fl-11"/>
      </object_component>
      <object_component id="oc-c1">
         <name>.debug_info</name>
         <load_address>0x232b</load_address>
         <run_address>0x232b</run_address>
         <size>0xf2</size>
         <input_file_ref idref="fl-11"/>
      </object_component>
      <object_component id="oc-c8">
         <name>.debug_info</name>
         <load_address>0x241d</load_address>
         <run_address>0x241d</run_address>
         <size>0x89</size>
         <input_file_ref idref="fl-2e"/>
      </object_component>
      <object_component id="oc-ce">
         <name>.debug_info</name>
         <load_address>0x24a6</load_address>
         <run_address>0x24a6</run_address>
         <size>0x1ad</size>
         <input_file_ref idref="fl-2"/>
      </object_component>
      <object_component id="oc-d3">
         <name>.debug_info</name>
         <load_address>0x2653</load_address>
         <run_address>0x2653</run_address>
         <size>0x248</size>
         <input_file_ref idref="fl-2"/>
      </object_component>
      <object_component id="oc-d8">
         <name>.debug_info</name>
         <load_address>0x289b</load_address>
         <run_address>0x289b</run_address>
         <size>0x89</size>
         <input_file_ref idref="fl-2"/>
      </object_component>
      <object_component id="oc-df">
         <name>.debug_info</name>
         <load_address>0x2924</load_address>
         <run_address>0x2924</run_address>
         <size>0x226</size>
         <input_file_ref idref="fl-2"/>
      </object_component>
      <object_component id="oc-e4">
         <name>.debug_info</name>
         <load_address>0x2b4a</load_address>
         <run_address>0x2b4a</run_address>
         <size>0x172</size>
         <input_file_ref idref="fl-10"/>
      </object_component>
      <object_component id="oc-e9">
         <name>.debug_info</name>
         <load_address>0x2cbc</load_address>
         <run_address>0x2cbc</run_address>
         <size>0x2e6</size>
         <input_file_ref idref="fl-6"/>
      </object_component>
      <object_component id="oc-ee">
         <name>.debug_info</name>
         <load_address>0x2fa2</load_address>
         <run_address>0x2fa2</run_address>
         <size>0x248</size>
         <input_file_ref idref="fl-6"/>
      </object_component>
      <object_component id="oc-f3">
         <name>.debug_info</name>
         <load_address>0x31ea</load_address>
         <run_address>0x31ea</run_address>
         <size>0x125</size>
         <input_file_ref idref="fl-13"/>
      </object_component>
      <object_component id="oc-f8">
         <name>.debug_info</name>
         <load_address>0x330f</load_address>
         <run_address>0x330f</run_address>
         <size>0x136</size>
         <input_file_ref idref="fl-13"/>
      </object_component>
      <object_component id="oc-fe">
         <name>.debug_info</name>
         <load_address>0x3445</load_address>
         <run_address>0x3445</run_address>
         <size>0x209</size>
         <input_file_ref idref="fl-10"/>
      </object_component>
      <object_component id="oc-103">
         <name>.debug_info</name>
         <load_address>0x364e</load_address>
         <run_address>0x364e</run_address>
         <size>0x4a6</size>
         <input_file_ref idref="fl-13"/>
      </object_component>
      <object_component id="oc-108">
         <name>.debug_info</name>
         <load_address>0x3af4</load_address>
         <run_address>0x3af4</run_address>
         <size>0x296</size>
         <input_file_ref idref="fl-3"/>
      </object_component>
      <object_component id="oc-10d">
         <name>.debug_info</name>
         <load_address>0x3d8a</load_address>
         <run_address>0x3d8a</run_address>
         <size>0x37b</size>
         <input_file_ref idref="fl-13"/>
      </object_component>
      <object_component id="oc-110">
         <name>.debug_info</name>
         <load_address>0x4105</load_address>
         <run_address>0x4105</run_address>
         <size>0x84</size>
         <input_file_ref idref="fl-2f"/>
      </object_component>
      <object_component id="oc-119">
         <name>.debug_info</name>
         <load_address>0x4189</load_address>
         <run_address>0x4189</run_address>
         <size>0x286</size>
         <input_file_ref idref="fl-3"/>
      </object_component>
      <object_component id="oc-11b">
         <name>.debug_info</name>
         <load_address>0x440f</load_address>
         <run_address>0x440f</run_address>
         <size>0x36b</size>
         <input_file_ref idref="fl-3"/>
      </object_component>
      <object_component id="oc-120">
         <name>.debug_info</name>
         <load_address>0x477a</load_address>
         <run_address>0x477a</run_address>
         <size>0x59f</size>
         <input_file_ref idref="fl-3"/>
      </object_component>
      <object_component id="oc-125">
         <name>.debug_info</name>
         <load_address>0x4d19</load_address>
         <run_address>0x4d19</run_address>
         <size>0xff</size>
         <input_file_ref idref="fl-3"/>
      </object_component>
      <object_component id="oc-127">
         <name>.debug_info</name>
         <load_address>0x4e18</load_address>
         <run_address>0x4e18</run_address>
         <size>0x1b5</size>
         <input_file_ref idref="fl-3a"/>
      </object_component>
      <object_component id="oc-12b">
         <name>.debug_info</name>
         <load_address>0x4fcd</load_address>
         <run_address>0x4fcd</run_address>
         <size>0x31e</size>
         <input_file_ref idref="fl-3"/>
      </object_component>
      <object_component id="oc-130">
         <name>.debug_info</name>
         <load_address>0x52eb</load_address>
         <run_address>0x52eb</run_address>
         <size>0x200</size>
         <input_file_ref idref="fl-3"/>
      </object_component>
      <object_component id="oc-135">
         <name>.debug_info</name>
         <load_address>0x54eb</load_address>
         <run_address>0x54eb</run_address>
         <size>0x1fd</size>
         <input_file_ref idref="fl-5"/>
      </object_component>
      <object_component id="oc-13a">
         <name>.debug_info</name>
         <load_address>0x56e8</load_address>
         <run_address>0x56e8</run_address>
         <size>0x4b1</size>
         <input_file_ref idref="fl-3"/>
      </object_component>
      <object_component id="oc-13f">
         <name>.debug_info</name>
         <load_address>0x5b99</load_address>
         <run_address>0x5b99</run_address>
         <size>0x2c</size>
         <input_file_ref idref="fl-3"/>
      </object_component>
      <object_component id="oc-145">
         <name>.debug_info</name>
         <load_address>0x5bc5</load_address>
         <run_address>0x5bc5</run_address>
         <size>0x222</size>
         <input_file_ref idref="fl-11"/>
      </object_component>
      <object_component id="oc-147">
         <name>.debug_info</name>
         <load_address>0x5de7</load_address>
         <run_address>0x5de7</run_address>
         <size>0x16e</size>
         <input_file_ref idref="fl-11"/>
      </object_component>
      <object_component id="oc-14c">
         <name>.debug_info</name>
         <load_address>0x5f55</load_address>
         <run_address>0x5f55</run_address>
         <size>0x3b</size>
         <input_file_ref idref="fl-11"/>
      </object_component>
      <object_component id="oc-152">
         <name>.debug_info</name>
         <load_address>0x5f90</load_address>
         <run_address>0x5f90</run_address>
         <size>0xf4</size>
         <input_file_ref idref="fl-11"/>
      </object_component>
      <object_component id="oc-155">
         <name>.debug_info</name>
         <load_address>0x6084</load_address>
         <run_address>0x6084</run_address>
         <size>0x2c4</size>
         <input_file_ref idref="fl-2"/>
      </object_component>
      <object_component id="oc-15c">
         <name>.debug_info</name>
         <load_address>0x6348</load_address>
         <run_address>0x6348</run_address>
         <size>0x1a1</size>
         <input_file_ref idref="fl-2"/>
      </object_component>
      <object_component id="oc-161">
         <name>.debug_info</name>
         <load_address>0x64e9</load_address>
         <run_address>0x64e9</run_address>
         <size>0x1d2</size>
         <input_file_ref idref="fl-2"/>
      </object_component>
      <object_component id="oc-167">
         <name>.debug_info</name>
         <load_address>0x66bb</load_address>
         <run_address>0x66bb</run_address>
         <size>0x105</size>
         <input_file_ref idref="fl-11"/>
      </object_component>
      <object_component id="oc-16c">
         <name>.debug_info</name>
         <load_address>0x67c0</load_address>
         <run_address>0x67c0</run_address>
         <size>0x102</size>
         <input_file_ref idref="fl-10"/>
      </object_component>
      <object_component id="oc-16e">
         <name>.debug_info</name>
         <load_address>0x68c2</load_address>
         <run_address>0x68c2</run_address>
         <size>0x1b9</size>
         <input_file_ref idref="fl-10"/>
      </object_component>
      <object_component id="oc-170">
         <name>.debug_info</name>
         <load_address>0x6a7b</load_address>
         <run_address>0x6a7b</run_address>
         <size>0x1a1</size>
         <input_file_ref idref="fl-10"/>
      </object_component>
      <object_component id="oc-175">
         <name>.debug_info</name>
         <load_address>0x6c1c</load_address>
         <run_address>0x6c1c</run_address>
         <size>0x15e</size>
         <input_file_ref idref="fl-11"/>
      </object_component>
      <object_component id="oc-17a">
         <name>.debug_info</name>
         <load_address>0x6d7a</load_address>
         <run_address>0x6d7a</run_address>
         <size>0x15c</size>
         <input_file_ref idref="fl-10"/>
      </object_component>
      <object_component id="oc-17f">
         <name>.debug_info</name>
         <load_address>0x6ed6</load_address>
         <run_address>0x6ed6</run_address>
         <size>0x15e</size>
         <input_file_ref idref="fl-11"/>
      </object_component>
      <object_component id="oc-184">
         <name>.debug_info</name>
         <load_address>0x7034</load_address>
         <run_address>0x7034</run_address>
         <size>0x15c</size>
         <input_file_ref idref="fl-10"/>
      </object_component>
      <object_component id="oc-189">
         <name>.debug_info</name>
         <load_address>0x7190</load_address>
         <run_address>0x7190</run_address>
         <size>0x12c</size>
         <input_file_ref idref="fl-11"/>
      </object_component>
      <object_component id="oc-18f">
         <name>.debug_info</name>
         <load_address>0x72bc</load_address>
         <run_address>0x72bc</run_address>
         <size>0xfb</size>
         <input_file_ref idref="fl-6"/>
      </object_component>
      <object_component id="oc-191">
         <name>.debug_info</name>
         <load_address>0x73b7</load_address>
         <run_address>0x73b7</run_address>
         <size>0x1d6</size>
         <input_file_ref idref="fl-6"/>
      </object_component>
      <object_component id="oc-196">
         <name>.debug_info</name>
         <load_address>0x758d</load_address>
         <run_address>0x758d</run_address>
         <size>0x1b8</size>
         <input_file_ref idref="fl-4"/>
      </object_component>
      <object_component id="oc-19b">
         <name>.debug_info</name>
         <load_address>0x7745</load_address>
         <run_address>0x7745</run_address>
         <size>0x1ac</size>
         <input_file_ref idref="fl-4"/>
      </object_component>
      <object_component id="oc-1a0">
         <name>.debug_info</name>
         <load_address>0x78f1</load_address>
         <run_address>0x78f1</run_address>
         <size>0x160</size>
         <input_file_ref idref="fl-38"/>
      </object_component>
      <object_component id="oc-1a4">
         <name>.debug_info</name>
         <load_address>0x7a51</load_address>
         <run_address>0x7a51</run_address>
         <size>0x281</size>
         <input_file_ref idref="fl-e"/>
      </object_component>
      <object_component id="oc-1a9">
         <name>.debug_info</name>
         <load_address>0x7cd2</load_address>
         <run_address>0x7cd2</run_address>
         <size>0x266</size>
         <input_file_ref idref="fl-e"/>
      </object_component>
      <object_component id="oc-1ae">
         <name>.debug_info</name>
         <load_address>0x7f38</load_address>
         <run_address>0x7f38</run_address>
         <size>0x2da</size>
         <input_file_ref idref="fl-e"/>
      </object_component>
      <object_component id="oc-1b3">
         <name>.debug_info</name>
         <load_address>0x8212</load_address>
         <run_address>0x8212</run_address>
         <size>0x247</size>
         <input_file_ref idref="fl-e"/>
      </object_component>
      <object_component id="oc-1b8">
         <name>.debug_info</name>
         <load_address>0x8459</load_address>
         <run_address>0x8459</run_address>
         <size>0x213</size>
         <input_file_ref idref="fl-e"/>
      </object_component>
      <object_component id="oc-1bd">
         <name>.debug_info</name>
         <load_address>0x866c</load_address>
         <run_address>0x866c</run_address>
         <size>0x692</size>
         <input_file_ref idref="fl-5"/>
      </object_component>
      <object_component id="oc-1c2">
         <name>.debug_info</name>
         <load_address>0x8cfe</load_address>
         <run_address>0x8cfe</run_address>
         <size>0x73b</size>
         <input_file_ref idref="fl-6"/>
      </object_component>
      <object_component id="oc-1c4">
         <name>.debug_info</name>
         <load_address>0x9439</load_address>
         <run_address>0x9439</run_address>
         <size>0xe21</size>
         <input_file_ref idref="fl-3"/>
      </object_component>
      <object_component id="oc-1c9">
         <name>.debug_info</name>
         <load_address>0xa25a</load_address>
         <run_address>0xa25a</run_address>
         <size>0x284</size>
         <input_file_ref idref="fl-8"/>
      </object_component>
      <object_component id="oc-1ce">
         <name>.debug_info</name>
         <load_address>0xa4de</load_address>
         <run_address>0xa4de</run_address>
         <size>0x281</size>
         <input_file_ref idref="fl-3"/>
      </object_component>
      <object_component id="oc-1d3">
         <name>.debug_info</name>
         <load_address>0xa75f</load_address>
         <run_address>0xa75f</run_address>
         <size>0x1b2</size>
         <input_file_ref idref="fl-4"/>
      </object_component>
      <object_component id="oc-1d8">
         <name>.debug_info</name>
         <load_address>0xa911</load_address>
         <run_address>0xa911</run_address>
         <size>0x2a5</size>
         <input_file_ref idref="fl-3"/>
      </object_component>
      <object_component id="oc-1dd">
         <name>.debug_info</name>
         <load_address>0xabb6</load_address>
         <run_address>0xabb6</run_address>
         <size>0x276</size>
         <input_file_ref idref="fl-3"/>
      </object_component>
      <object_component id="oc-1e2">
         <name>.debug_info</name>
         <load_address>0xae2c</load_address>
         <run_address>0xae2c</run_address>
         <size>0x388</size>
         <input_file_ref idref="fl-d"/>
      </object_component>
      <object_component id="oc-1e8">
         <name>.debug_info</name>
         <load_address>0xb1b4</load_address>
         <run_address>0xb1b4</run_address>
         <size>0x10c</size>
         <input_file_ref idref="fl-13"/>
      </object_component>
      <object_component id="oc-1ea">
         <name>.debug_info</name>
         <load_address>0xb2c0</load_address>
         <run_address>0xb2c0</run_address>
         <size>0x692</size>
         <input_file_ref idref="fl-13"/>
      </object_component>
      <object_component id="oc-1f1">
         <name>.debug_info</name>
         <load_address>0xb952</load_address>
         <run_address>0xb952</run_address>
         <size>0x149</size>
         <input_file_ref idref="fl-10"/>
      </object_component>
      <object_component id="oc-1f6">
         <name>.debug_info</name>
         <load_address>0xba9b</load_address>
         <run_address>0xba9b</run_address>
         <size>0x1a4</size>
         <input_file_ref idref="fl-10"/>
      </object_component>
      <object_component id="oc-1fb">
         <name>.debug_info</name>
         <load_address>0xbc3f</load_address>
         <run_address>0xbc3f</run_address>
         <size>0x3f4</size>
         <input_file_ref idref="fl-10"/>
      </object_component>
      <object_component id="oc-1fc">
         <name>.debug_info</name>
         <load_address>0xc033</load_address>
         <run_address>0xc033</run_address>
         <size>0xf6</size>
         <input_file_ref idref="fl-10"/>
      </object_component>
      <object_component id="oc-202">
         <name>.debug_info</name>
         <load_address>0xc129</load_address>
         <run_address>0xc129</run_address>
         <size>0x3d8</size>
         <input_file_ref idref="fl-c"/>
      </object_component>
      <object_component id="oc-207">
         <name>.debug_info</name>
         <load_address>0xc501</load_address>
         <run_address>0xc501</run_address>
         <size>0x1d2</size>
         <input_file_ref idref="fl-6"/>
      </object_component>
      <object_component id="oc-20d">
         <name>.debug_info</name>
         <load_address>0xc6d3</load_address>
[...]
      </symbol>
      <symbol id="sm-58d">
         <name>MRFI_ReplyDelay</name>
         <value>0x9768</value>
         <object_component_ref idref="oc-363"/>
      </symbol>
      <symbol id="sm-58e">
         <name>MRFI_WakeUp</name>
         <value>0x9fec</value>
         <object_component_ref idref="oc-1cd"/>
      </symbol>
      <symbol id="sm-58f">
         <name>MRFI_Transmit</name>
         <value>0x8a9c</value>
         <object_component_ref idref="oc-405"/>
      </symbol>
      <symbol id="sm-590">
         <name>MRFI_RxIdle</name>
         <value>0xa0d6</value>
         <object_component_ref idref="oc-2b6"/>
      </symbol>
      <symbol id="sm-591">
         <name>MRFI_GetRadioState</name>
         <value>0xa450</value>
         <object_component_ref idref="oc-357"/>
      </symbol>
      <symbol id="sm-592">
         <name>MRFI_DelayMs</name>
         <value>0xa240</value>
         <object_component_ref idref="oc-107"/>
      </symbol>
      <symbol id="sm-593">
         <name>MRFI_EnableRxAddrFilter</name>
         <value>0x9fa8</value>
         <object_component_ref idref="oc-1dc"/>
      </symbol>
      <symbol id="sm-594">
         <name>mrfiRadioInterfaceWriteTxFifo</name>
         <value>0x9a6e</value>
         <object_component_ref idref="oc-4aa"/>
      </symbol>
      <symbol id="sm-595">
         <name>MRFI_SetRFPwr</name>
         <value>0xa176</value>
         <object_component_ref idref="oc-2f9"/>
      </symbol>
      <symbol id="sm-596">
         <name>method</name>
         <value>0x1dd8</value>
         <object_component_ref idref="oc-118"/>
      </symbol>
      <symbol id="sm-597">
         <name>MRFI_Receive</name>
         <value>0xa3ac</value>
         <object_component_ref idref="oc-245"/>
      </symbol>
      <symbol id="sm-5df">
         <name>nwk_getProtocolVersion</name>
         <value>0xa46e</value>
         <object_component_ref idref="oc-195"/>
      </symbol>
      <symbol id="sm-5e0">
         <name>nwk_getFWVersion</name>
         <value>0xa462</value>
         <object_component_ref idref="oc-19a"/>
      </symbol>
      <symbol id="sm-5e1">
         <name>nwk_globalsInit</name>
         <value>0x9ec8</value>
         <object_component_ref idref="oc-316"/>
      </symbol>
      <symbol id="sm-5e2">
         <name>nwk_setAPAddress</name>
         <value>0xa3e4</value>
         <object_component_ref idref="oc-36d"/>
      </symbol>
      <symbol id="sm-5e3">
         <name>nwk_setMyAddress</name>
         <value>0xa1ee</value>
         <object_component_ref idref="oc-2b0"/>
      </symbol>
      <symbol id="sm-5e4">
         <name>nwk_getBCastAddress</name>
         <value>0xa45c</value>
         <object_component_ref idref="oc-343"/>
      </symbol>
      <symbol id="sm-5e5">
         <name>nwk_getMyAddress</name>
         <value>0xa356</value>
         <object_component_ref idref="oc-1d2"/>
      </symbol>
      <symbol id="sm-655">
         <name>nwk_buildFrame</name>
         <value>0x8e10</value>
         <object_component_ref idref="oc-2cb"/>
      </symbol>
      <symbol id="sm-656">
         <name>nwk_sendFrame</name>
         <value>0x9cd0</value>
         <object_component_ref idref="oc-2d0"/>
      </symbol>
      <symbol id="sm-657">
         <name>nwk_getMyRxType</name>
         <value>0xa468</value>
         <object_component_ref idref="oc-394"/>
      </symbol>
      <symbol id="sm-658">
         <name>nwk_frameInit</name>
         <value>0xa136</value>
         <object_component_ref idref="oc-31b"/>
      </symbol>
      <symbol id="sm-659">
         <name>nwk_retrieveFrame</name>
         <value>0x8d6a</value>
         <object_component_ref idref="oc-2d6"/>
      </symbol>
      <symbol id="sm-65a">
         <name>MRFI_RxCompleteISR</name>
         <value>0xa0b6</value>
         <object_component_ref idref="oc-134"/>
      </symbol>
      <symbol id="sm-699">
         <name>SMPL_Send</name>
         <value>0xa448</value>
         <object_component_ref idref="oc-206"/>
      </symbol>
      <symbol id="sm-69a">
         <name>SMPL_Init</name>
         <value>0x9ad8</value>
         <object_component_ref idref="oc-ed"/>
      </symbol>
      <symbol id="sm-69b">
         <name>SMPL_SendOpt</name>
         <value>0x9146</value>
         <object_component_ref idref="oc-39b"/>
      </symbol>
      <symbol id="sm-69c">
         <name>SMPL_Ioctl</name>
         <value>0x8cbe</value>
         <object_component_ref idref="oc-e8"/>
      </symbol>
      <symbol id="sm-732">
         <name>nwk_QadjustOrder</name>
         <value>0x9b0c</value>
         <object_component_ref idref="oc-3b6"/>
      </symbol>
      <symbol id="sm-733">
         <name>nwk_QfindSlot</name>
         <value>0x9054</value>
         <object_component_ref idref="oc-240"/>
      </symbol>
      <symbol id="sm-734">
         <name>nwk_QInit</name>
         <value>0xa194</value>
         <object_component_ref idref="oc-320"/>
      </symbol>
      <symbol id="sm-735">
         <name>nwk_QfindOldest</name>
         <value>0x84ca</value>
         <object_component_ref idref="oc-40b"/>
      </symbol>
      <symbol id="sm-7f8">
         <name>nwk_getNextConnection</name>
         <value>0x95aa</value>
         <object_component_ref idref="oc-388"/>
      </symbol>
      <symbol id="sm-7f9">
         <name>nwk_freeConnection</name>
         <value>0xa456</value>
         <object_component_ref idref="oc-2a4"/>
      </symbol>
      <symbol id="sm-7fa">
         <name>nwk_checkConnInfo</name>
         <value>0x9dde</value>
         <object_component_ref idref="oc-464"/>
      </symbol>
      <symbol id="sm-7fb">
         <name>nwk_isLinkDuplicate</name>
         <value>0x97e8</value>
         <object_component_ref idref="oc-4fe"/>
      </symbol>
      <symbol id="sm-7fc">
         <name>nwk_isConnectionValid</name>
         <value>0x92f2</value>
         <object_component_ref idref="oc-3c6"/>
      </symbol>
      <symbol id="sm-7fd">
         <name>nwk_isValidReply</name>
         <value>0x9956</value>
         <object_component_ref idref="oc-4ca"/>
      </symbol>
      <symbol id="sm-7fe">
         <name>nwk_putNumObjectIntoMsg</name>
         <value>0x98a2</value>
         <object_component_ref idref="oc-35e"/>
      </symbol>
      <symbol id="sm-7ff">
         <name>nwk_allocateLocalRxPort</name>
         <value>0x88ee</value>
         <object_component_ref idref="oc-38d"/>
      </symbol>
      <symbol id="sm-800">
         <name>nwk_nwkInit</name>
         <value>0x8fce</value>
         <object_component_ref idref="oc-1c8"/>
      </symbol>
      <symbol id="sm-801">
         <name>nwk_getConnInfo</name>
         <value>0x9c0c</value>
         <object_component_ref idref="oc-29f"/>
      </symbol>
      <symbol id="sm-802">
         <name>nwk_getNumObjectFromMsg</name>
         <value>0xa3d6</value>
         <object_component_ref idref="oc-4f9"/>
      </symbol>
      <symbol id="sm-822">
         <name>nwk_securityInit</name>
         <value>0xa486</value>
         <object_component_ref idref="oc-33e"/>
      </symbol>
      <symbol id="sm-823">
         <name>nwk_processSecurity</name>
         <value>0xa47c</value>
         <object_component_ref idref="oc-489"/>
      </symbol>
      <symbol id="sm-84b">
         <name>nwk_processPing</name>
         <value>0x9e08</value>
         <object_component_ref idref="oc-47a"/>
      </symbol>
      <symbol id="sm-84c">
         <name>nwk_pingInit</name>
         <value>0xa43e</value>
         <object_component_ref idref="oc-32a"/>
      </symbol>
      <symbol id="sm-866">
         <name>nwk_mgmtInit</name>
         <value>0xa434</value>
         <object_component_ref idref="oc-334"/>
      </symbol>
      <symbol id="sm-867">
         <name>nwk_processMgmt</name>
         <value>0x9990</value>
         <object_component_ref idref="oc-493"/>
      </symbol>
      <symbol id="sm-8c1">
         <name>nwk_linkInit</name>
         <value>0x9c3e</value>
         <object_component_ref idref="oc-339"/>
      </symbol>
      <symbol id="sm-8c2">
         <name>nwk_setLinkToken</name>
         <value>0xa368</value>
         <object_component_ref idref="oc-368"/>
      </symbol>
      <symbol id="sm-8c3">
         <name>nwk_link</name>
         <value>0x8376</value>
         <object_component_ref idref="oc-201"/>
      </symbol>
      <symbol id="sm-8c4">
         <name>nwk_processLink</name>
         <value>0x9f14</value>
         <object_component_ref idref="oc-47f"/>
      </symbol>
      <symbol id="sm-8ee">
         <name>nwk_processJoin</name>
         <value>0xa156</value>
         <object_component_ref idref="oc-484"/>
      </symbol>
      <symbol id="sm-8ef">
         <name>nwk_joinInit</name>
         <value>0x9eee</value>
         <object_component_ref idref="oc-32f"/>
      </symbol>
      <symbol id="sm-8f0">
         <name>nwk_join</name>
         <value>0x87f6</value>
         <object_component_ref idref="oc-1e1"/>
      </symbol>
      <symbol id="sm-924">
         <name>nwk_radioControl</name>
         <value>0x90d0</value>
         <object_component_ref idref="oc-1ad"/>
      </symbol>
      <symbol id="sm-925">
         <name>nwk_rawSend</name>
         <value>0x9506</value>
         <object_component_ref idref="oc-1b2"/>
      </symbol>
      <symbol id="sm-926">
         <name>nwk_rawReceive</name>
         <value>0x9ca0</value>
         <object_component_ref idref="oc-1b7"/>
      </symbol>
      <symbol id="sm-927">
         <name>nwk_connectionControl</name>
         <value>0x9ea2</value>
         <object_component_ref idref="oc-1a3"/>
      </symbol>
      <symbol id="sm-928">
         <name>nwk_deviceAddress</name>
         <value>0x9bda</value>
         <object_component_ref idref="oc-1a8"/>
      </symbol>
      <symbol id="sm-939">
         <name>nwk_freqInit</name>
         <value>0xa484</value>
         <object_component_ref idref="oc-325"/>
      </symbol>
      <symbol id="sm-93a">
         <name>nwk_processFreq</name>
         <value>0xa478</value>
         <object_component_ref idref="oc-48e"/>
      </symbol>
      <symbol id="sm-9d4">
         <name>tx_peek</name>
         <value>0xa258</value>
         <object_component_ref idref="oc-1f0"/>
      </symbol>
      <symbol id="sm-9d5">
         <name>tx_send_wait</name>
         <value>0x991a</value>
         <object_component_ref idref="oc-fd"/>
      </symbol>
      <symbol id="sm-9d6">
         <name>tx_send</name>
         <value>0x98de</value>
         <object_component_ref idref="oc-1f5"/>
      </symbol>
      <symbol id="sm-9d7">
         <name>tx_handler</name>
         <value>0x9b74</value>
         <object_component_ref idref="oc-179"/>
      </symbol>
      <symbol id="sm-9d8">
         <name>rx_handler</name>
         <value>0x940a</value>
         <object_component_ref idref="oc-16f"/>
      </symbol>
      <symbol id="sm-9d9">
         <name>uart_intfc_init</name>
         <value>0x964a</value>
         <object_component_ref idref="oc-e3"/>
      </symbol>
      <symbol id="sm-9da">
         <name>rf_handler</name>
         <value>0x9b40</value>
         <object_component_ref idref="oc-183"/>
      </symbol>
      <symbol id="sm-a3c">
         <name>rf_tx_message</name>
         <value>0xa20a</value>
         <object_component_ref idref="oc-188"/>
      </symbol>
      <symbol id="sm-a3d">
         <name>uart_rx_handler</name>
         <value>0x1dae</value>
         <object_component_ref idref="oc-144"/>
      </symbol>
      <symbol id="sm-a3e">
         <name>uart_tx_handler</name>
         <value>0x1daa</value>
         <object_component_ref idref="oc-144"/>
      </symbol>
      <symbol id="sm-a3f">
         <name>PAUSE_COUNTER</name>
         <value>0x1dba</value>
         <object_component_ref idref="oc-144"/>
      </symbol>
      <symbol id="sm-a40">
         <name>USCI_A0_ISR</name>
         <value>0xa2b2</value>
         <object_component_ref idref="oc-7a"/>
      </symbol>
      <symbol id="sm-a41">
         <name>uart_rx_message_suspend</name>
         <value>0xa480</value>
         <object_component_ref idref="oc-283"/>
      </symbol>
      <symbol id="sm-a42">
         <name>uart_rx_bufer_pointer</name>
         <value>0x1dbe</value>
         <object_component_ref idref="oc-144"/>
      </symbol>
      <symbol id="sm-a43">
         <name>uart_tx_message</name>
         <value>0x9f3a</value>
         <object_component_ref idref="oc-17e"/>
      </symbol>
      <symbol id="sm-a44">
         <name>uart_rx_message</name>
         <value>0xa052</value>
         <object_component_ref idref="oc-174"/>
      </symbol>
      <symbol id="sm-a45">
         <name>uart_tx_message_resume</name>
         <value>0xa074</value>
         <object_component_ref idref="oc-37b"/>
      </symbol>
      <symbol id="sm-a46">
         <name>uart_init</name>
         <value>0x8ea6</value>
         <object_component_ref idref="oc-166"/>
      </symbol>
      <symbol id="sm-a47">
         <name>rf_rx_bufer</name>
         <value>0x1d30</value>
         <object_component_ref idref="oc-151"/>
      </symbol>
      <symbol id="sm-a48">
         <name>rf_tx_handler</name>
         <value>0x1db4</value>
         <object_component_ref idref="oc-144"/>
      </symbol>
      <symbol id="sm-a49">
         <name>uart_tx_message_suspend</name>
         <value>0xa1d0</value>
         <object_component_ref idref="oc-146"/>
      </symbol>
      <symbol id="sm-a4a">
         <name>uart_rx_bufer</name>
         <value>0x1cfe</value>
         <object_component_ref idref="oc-151"/>
      </symbol>
      <symbol id="sm-a4b">
         <name>rf_rx_bufer_pointer</name>
         <value>0x1dc0</value>
         <object_component_ref idref="oc-144"/>
      </symbol>
      <symbol id="sm-a4c">
         <name>rf_tx_suspend</name>
         <value>0x1db8</value>
         <object_component_ref idref="oc-144"/>
      </symbol>
      <symbol id="sm-a4d">
         <name>uart_tx_suspend</name>
         <value>0x1db2</value>
         <object_component_ref idref="oc-144"/>
      </symbol>
      <symbol id="sm-a53">
         <name>RADIO_INT_ENABLE</name>
         <value>0x1e06</value>
         <object_component_ref idref="oc-292"/>
      </symbol>
      <symbol id="sm-a54">
         <name>RF_IRQ_ENABLED</name>
         <value>0x1e00</value>
         <object_component_ref idref="oc-292"/>
      </symbol>
      <symbol id="sm-a55">
         <name>RF_IRQ_FLAG</name>
         <value>0x1e02</value>
         <object_component_ref idref="oc-292"/>
      </symbol>
      <symbol id="sm-a56">
         <name>RF_MESSAGE_SENT</name>
         <value>0x1e04</value>
         <object_component_ref idref="oc-292"/>
      </symbol>
      <symbol id="sm-ad8">
         <name>main</name>
         <value>0x8c10</value>
         <object_component_ref idref="oc-8b"/>
      </symbol>
      <symbol id="sm-ad9">
         <name>toggleLED</name>
         <value>0xa2f4</value>
         <object_component_ref idref="oc-f7"/>
      </symbol>
      <symbol id="sm-ae2">
         <name>__mspabi_sral</name>
         <value>0xa39c</value>
         <object_component_ref idref="oc-303"/>
      </symbol>
      <symbol id="sm-af4">
         <name>_c_int00_noexit</name>
         <value>0xa226</value>
         <object_component_ref idref="oc-63"/>
      </symbol>
      <symbol id="sm-af5">
         <name>_c_int00</name>
         <value>0xa226</value>
         <object_component_ref idref="oc-63"/>
      </symbol>
      <symbol id="sm-af6">
         <name>_stack</name>
         <value>0x2bac</value>
         <object_component_ref idref="oc-80"/>
      </symbol>
      <symbol id="sm-af7">
         <name>_reset_vector</name>
         <value>0xfffe</value>
         <object_component_ref idref="oc-64"/>
      </symbol>
      <symbol id="sm-b08">
         <name>__TI_decompress_none</name>
         <value>0x9866</value>
         <object_component_ref idref="oc-68"/>
      </symbol>
      <symbol id="sm-b2c">
         <name>__TI_decompress_rle24</name>
         <value>0xa3c8</value>
         <object_component_ref idref="oc-70"/>
      </symbol>
      <symbol id="sm-b3a">
         <name>__TI_zero_init</name>
         <value>0x99ca</value>
         <object_component_ref idref="oc-6c"/>
      </symbol>
      <symbol id="sm-b44">
         <name>__memcpy_far</name>
         <value>0x97a8</value>
         <object_component_ref idref="oc-95"/>
      </symbol>
      <symbol id="sm-b4f">
         <name>__mspabi_remi</name>
         <value>0x9db2</value>
         <object_component_ref idref="oc-23b"/>
      </symbol>
      <symbol id="sm-b50">
         <name>__mspabi_divi</name>
         <value>0x9db2</value>
         <object_component_ref idref="oc-23b"/>
      </symbol>
      <symbol id="sm-b59">
         <name>__mspabi_remu</name>
         <value>0xa2c8</value>
         <object_component_ref idref="oc-3af"/>
      </symbol>
      <symbol id="sm-b5a">
         <name>__mspabi_divu</name>
         <value>0xa2c8</value>
         <object_component_ref idref="oc-3af"/>
      </symbol>
      <symbol id="sm-b67">
         <name>__mspabi_remul</name>
         <value>0x93b2</value>
         <object_component_ref idref="oc-30b"/>
      </symbol>
      <symbol id="sm-b68">
         <name>__mspabi_divul</name>
         <value>0x93b2</value>
         <object_component_ref idref="oc-30b"/>
      </symbol>
      <symbol id="sm-b70">
         <name>C$$EXIT</name>
         <value>0xa474</value>
         <object_component_ref idref="oc-90"/>
      </symbol>
      <symbol id="sm-b71">
         <name>abort</name>
         <value>0xa474</value>
         <object_component_ref idref="oc-90"/>
      </symbol>
      <symbol id="sm-b7e">
         <name>memcmp</name>
         <value>0xa00e</value>
         <object_component_ref idref="oc-3c0"/>
      </symbol>
      <symbol id="sm-b8f">
         <name>memcpy</name>
         <value>0xa344</value>
         <object_component_ref idref="oc-19f"/>
      </symbol>
      <symbol id="sm-b9c">
         <name>memmove</name>
         <value>0xa116</value>
         <object_component_ref idref="oc-448"/>
      </symbol>
      <symbol id="sm-ba8">
         <name>memset</name>
         <value>0xa31e</value>
         <object_component_ref idref="oc-126"/>
      </symbol>
      <symbol id="sm-baf">
         <name>__mspabi_mpyi_f5hw</name>
         <value>0xa2de</value>
         <object_component_ref idref="oc-30f"/>
      </symbol>
      <symbol id="sm-bb6">
         <name>__mspabi_mpyl_f5hw</name>
         <value>0xa030</value>
         <object_component_ref idref="oc-307"/>
      </symbol>
      <symbol id="sm-bc4">
         <name>_auto_init</name>
         <value>0x91ba</value>
         <object_component_ref idref="oc-87"/>
      </symbol>
      <symbol id="sm-bc5">
         <name>__TI_exit</name>
         <value>0x1</value>
      </symbol>
      <symbol id="sm-bc6">
         <name>__TI_args_main</name>
         <value>0x1</value>
      </symbol>
      <symbol id="sm-bc7">
         <name>__TI_INITARRAY_Base</name>
         <value>0x0</value>
      </symbol>
      <symbol id="sm-bc8">
         <name>__TI_INITARRAY_Limit</name>
         <value>0x0</value>
      </symbol>
      <symbol id="sm-bcb">
         <name>SMPL_Link</name>
         <value>0x8376</value>
      </symbol>
   </symbol_table>
</link_info>
