<?xml version="1.0"?>
<link_info>
   <banner>MSP430 Linker PC v4.1.5</banner>
   <copyright>Copyright (c) 2003-2013 Texas Instruments Incorporated</copyright>
   <link_time>0x525187a9</link_time>
   <output_file>TE-CC430EV-868-Star.out</output_file>
   <entry_point>
      <name>_c_int00</name>
      <address>0xa436</address>
   </entry_point>
   <input_file_list>
      <input_file id="fl-2">
         <path>.\Components\bsp\</path>
         <kind>object</kind>
         <file>bsp.obj</file>
         <name>bsp.obj</name>
      </input_file>
      <input_file id="fl-3">
         <path>.\Components\mrfi\</path>
         <kind>object</kind>
         <file>mrfi.obj</file>
         <name>mrfi.obj</name>
      </input_file>
      <input_file id="fl-4">
         <path>.\Components\simpliciti\nwk\</path>
         <kind>object</kind>
         <file>nwk_globals.obj</file>
         <name>nwk_globals.obj</name>
      </input_file>
      <input_file id="fl-5">
         <path>.\Components\simpliciti\nwk\</path>
         <kind>object</kind>
         <file>nwk_frame.obj</file>
         <name>nwk_frame.obj</name>
      </input_file>
      <input_file id="fl-6">
         <path>.\Components\simpliciti\nwk\</path>
         <kind>object</kind>
         <file>nwk_api.obj</file>
         <name>nwk_api.obj</name>
      </input_file>
      <input_file id="fl-7">
         <path>.\Components\simpliciti\nwk\</path>
         <kind>object</kind>
         <file>nwk_QMgmt.obj</file>
         <name>nwk_QMgmt.obj</name>
      </input_file>
      <input_file id="fl-8">
         <path>.\Components\simpliciti\nwk\</path>
         <kind>object</kind>
         <file>nwk.obj</file>
         <name>nwk.obj</name>
      </input_file>
      <input_file id="fl-9">
         <path>.\Components\simpliciti\nwk_applications\</path>
         <kind>object</kind>
         <file>nwk_security.obj</file>
         <name>nwk_security.obj</name>
      </input_file>
      <input_file id="fl-a">
         <path>.\Components\simpliciti\nwk_applications\</path>
         <kind>object</kind>
         <file>nwk_ping.obj</file>
         <name>nwk_ping.obj</name>
      </input_file>
      <input_file id="fl-b">
         <path>.\Components\simpliciti\nwk_applications\</path>
         <kind>object</kind>
         <file>nwk_mgmt.obj</file>
         <name>nwk_mgmt.obj</name>
      </input_file>
      <input_file id="fl-c">
         <path>.\Components\simpliciti\nwk_applications\</path>
         <kind>object</kind>
         <file>nwk_link.obj</file>
         <name>nwk_link.obj</name>
      </input_file>
      <input_file id="fl-d">
         <path>.\Components\simpliciti\nwk_applications\</path>
         <kind>object</kind>
         <file>nwk_join.obj</file>
         <name>nwk_join.obj</name>
      </input_file>
      <input_file id="fl-e">
         <path>.\Components\simpliciti\nwk_applications\</path>
         <kind>object</kind>
         <file>nwk_ioctl.obj</file>
         <name>nwk_ioctl.obj</name>
      </input_file>
      <input_file id="fl-f">
         <path>.\Components\simpliciti\nwk_applications\</path>
         <kind>object</kind>
         <file>nwk_freq.obj</file>
         <name>nwk_freq.obj</name>
      </input_file>
      <input_file id="fl-10">
         <path>.\</path>
         <kind>object</kind>
         <file>uart_intfc.obj</file>
         <name>uart_intfc.obj</name>
      </input_file>
      <input_file id="fl-11">
         <path>.\</path>
         <kind>object</kind>
         <file>uart.obj</file>
         <name>uart.obj</name>
      </input_file>
      <input_file id="fl-12">
         <path>.\</path>
         <kind>object</kind>
         <file>radio.obj</file>
         <name>radio.obj</name>
      </input_file>
      <input_file id="fl-13">
         <path>.\</path>
         <kind>object</kind>
         <file>main_manyEDs_autoack.obj</file>
         <name>main_manyEDs_autoack.obj</name>
      </input_file>
      <input_file id="fl-2d">
         <path>C:\TI\ccsv5\tools\compiler\msp430_4.1.5\lib\</path>
         <kind>archive</kind>
         <file>rts430x_lc_sd_eabi.lib</file>
         <name>asr32.obj</name>
      </input_file>
      <input_file id="fl-2e">
         <path>C:\TI\ccsv5\tools\compiler\msp430_4.1.5\lib\</path>
         <kind>archive</kind>
         <file>rts430x_lc_sd_eabi.lib</file>
         <name>boot.obj</name>
      </input_file>
      <input_file id="fl-2f">
         <path>C:\TI\ccsv5\tools\compiler\msp430_4.1.5\lib\</path>
         <kind>archive</kind>
         <file>rts430x_lc_sd_eabi.lib</file>
         <name>copy_decompress_none.obj</name>
      </input_file>
      <input_file id="fl-30">
         <path>C:\TI\ccsv5\tools\compiler\msp430_4.1.5\lib\</path>
         <kind>archive</kind>
         <file>rts430x_lc_sd_eabi.lib</file>
         <name>copy_decompress_rle.obj</name>
      </input_file>
      <input_file id="fl-31">
         <path>C:\TI\ccsv5\tools\compiler\msp430_4.1.5\lib\</path>
         <kind>archive</kind>
         <file>rts430x_lc_sd_eabi.lib</file>
         <name>copy_zero_init.obj</name>
      </input_file>
      <input_file id="fl-32">
         <path>C:\TI\ccsv5\tools\compiler\msp430_4.1.5\lib\</path>
         <kind>archive</kind>
         <file>rts430x_lc_sd_eabi.lib</file>
         <name>cpy_util.obj</name>
      </input_file>
      <input_file id="fl-33">
         <path>C:\TI\ccsv5\tools\compiler\msp430_4.1.5\lib\</path>
         <kind>archive</kind>
         <file>rts430x_lc_sd_eabi.lib</file>
         <name>div16s.obj</name>
      </input_file>
      <input_file id="fl-34">
         <path>C:\TI\ccsv5\tools\compiler\msp430_4.1.5\lib\</path>
         <kind>archive</kind>
         <file>rts430x_lc_sd_eabi.lib</file>
         <name>div16u.obj</name>
      </input_file>
      <input_file id="fl-35">
         <path>C:\TI\ccsv5\tools\compiler\msp430_4.1.5\lib\</path>
         <kind>archive</kind>
         <file>rts430x_lc_sd_eabi.lib</file>
         <name>div32u.obj</name>
      </input_file>
      <input_file id="fl-36">
         <path>C:\TI\ccsv5\tools\compiler\msp430_4.1.5\lib\</path>
         <kind>archive</kind>
         <file>rts430x_lc_sd_eabi.lib</file>
         <name>exit.obj</name>
      </input_file>
      <input_file id="fl-37">
         <path>C:\TI\ccsv5\tools\compiler\msp430_4.1.5\lib\</path>
         <kind>archive</kind>
         <file>rts430x_lc_sd_eabi.lib</file>
         <name>memcmp.obj</name>
      </input_file>
      <input_file id="fl-38">
         <path>C:\TI\ccsv5\tools\compiler\msp430_4.1.5\lib\</path>
         <kind>archive</kind>
         <file>rts430x_lc_sd_eabi.lib</file>
         <name>memcpy.obj</name>
      </input_file>
      <input_file id="fl-39">
         <path>C:\TI\ccsv5\tools\compiler\msp430_4.1.5\lib\</path>
         <kind>archive</kind>
         <file>rts430x_lc_sd_eabi.lib</file>
         <name>memmov.obj</name>
      </input_file>
      <input_file id="fl-3a">
         <path>C:\TI\ccsv5\tools\compiler\msp430_4.1.5\lib\</path>
         <kind>archive</kind>
         <file>rts430x_lc_sd_eabi.lib</file>
         <name>memset.obj</name>
      </input_file>
      <input_file id="fl-3b">
         <path>C:\TI\ccsv5\tools\compiler\msp430_4.1.5\lib\</path>
         <kind>archive</kind>
         <file>rts430x_lc_sd_eabi.lib</file>
         <name>mult16_f5hw.obj</name>
      </input_file>
      <input_file id="fl-3c">
         <path>C:\TI\ccsv5\tools\compiler\msp430_4.1.5\lib\</path>
         <kind>archive</kind>
         <file>rts430x_lc_sd_eabi.lib</file>
         <name>mult32_f5hw.obj</name>
      </input_file>
      <input_file id="fl-3d">
         <path>C:\TI\ccsv5\tools\compiler\msp430_4.1.5\lib\</path>
         <kind>archive</kind>
         <file>rts430x_lc_sd_eabi.lib</file>
         <name>_lock.obj</name>
      </input_file>
      <input_file id="fl-3e">
         <path>C:\TI\ccsv5\tools\compiler\msp430_4.1.5\lib\</path>
         <kind>archive</kind>
         <file>rts430x_lc_sd_eabi.lib</file>
         <name>args_main.obj</name>
      </input_file>
      <input_file id="fl-3f">
         <path>C:\TI\ccsv5\tools\compiler\msp430_4.1.5\lib\</path>
         <kind>archive</kind>
         <file>rts430x_lc_sd_eabi.lib</file>
         <name>autoinit.obj</name>
      </input_file>
   </input_file_list>
   <object_component_list>
      <object_component id="oc-80">
         <name>.stack</name>
         <uninitialized>true</uninitialized>
         <run_address>0x2bac</run_address>
         <size>0x2</size>
         <input_file_ref idref="fl-2e"/>
      </object_component>
      <object_component id="oc-582">
         <name>.stack</name>
         <uninitialized>true</uninitialized>
         <run_address>0x2bac</run_address>
         <size>0x0</size>
      </object_component>
      <object_component id="oc-1ce">
         <name>.text:MRFI_Init</name>
         <load_address>0x8000</load_address>
         <run_address>0x8000</run_address>
         <size>0x1e2</size>
         <input_file_ref idref="fl-3"/>
      </object_component>
      <object_component id="oc-503">
         <name>.text:smpl_send_link_reply</name>
         <load_address>0x81e2</load_address>
         <run_address>0x81e2</run_address>
         <size>0x196</size>
         <input_file_ref idref="fl-c"/>
      </object_component>
      <object_component id="oc-20c">
         <name>.text:nwk_link</name>
         <load_address>0x8378</load_address>
         <run_address>0x8378</run_address>
         <size>0x156</size>
         <input_file_ref idref="fl-c"/>
      </object_component>
      <object_component id="oc-104">
         <name>.text:linkTo</name>
         <load_address>0x84ce</load_address>
         <run_address>0x84ce</run_address>
         <size>0x12c</size>
         <input_file_ref idref="fl-13"/>
      </object_component>
      <object_component id="oc-41b">
         <name>.text:nwk_QfindOldest</name>
         <load_address>0x85fa</load_address>
         <run_address>0x85fa</run_address>
         <size>0x126</size>
         <input_file_ref idref="fl-7"/>
      </object_component>
      <object_component id="oc-211">
         <name>.text:SMPL_SendOpt</name>
         <load_address>0x8720</load_address>
         <run_address>0x8720</run_address>
         <size>0xfe</size>
         <input_file_ref idref="fl-6"/>
      </object_component>
      <object_component id="oc-b0">
         <name>.text:Mrfi_SyncPinRxIsr</name>
         <load_address>0x881e</load_address>
         <run_address>0x881e</run_address>
         <size>0xf8</size>
         <input_file_ref idref="fl-3"/>
      </object_component>
      <object_component id="oc-1ec">
         <name>.text:nwk_join</name>
         <load_address>0x8916</load_address>
         <run_address>0x8916</run_address>
         <size>0xf8</size>
         <input_file_ref idref="fl-d"/>
      </object_component>
      <object_component id="oc-395">
         <name>.text:nwk_allocateLocalRxPort</name>
         <load_address>0x8a0e</load_address>
         <run_address>0x8a0e</run_address>
         <size>0xdc</size>
         <input_file_ref idref="fl-8"/>
      </object_component>
      <object_component id="oc-a5">
         <name>.text:__TI_decompress_rle_core</name>
         <load_address>0x8aea</load_address>
         <run_address>0x8aea</run_address>
         <size>0xd6</size>
         <input_file_ref idref="fl-30"/>
      </object_component>
      <object_component id="oc-415">
         <name>.text:MRFI_Transmit</name>
         <load_address>0x8bc0</load_address>
         <run_address>0x8bc0</run_address>
         <size>0xc6</size>
         <input_file_ref idref="fl-3"/>
      </object_component>
      <object_component id="oc-8b">
         <name>.text:main</name>
         <load_address>0x8c86</load_address>
         <run_address>0x8c86</run_address>
         <size>0xb2</size>
         <input_file_ref idref="fl-13"/>
      </object_component>
      <object_component id="oc-255">
         <name>.text:dispatchFrame</name>
         <load_address>0x8d38</load_address>
         <run_address>0x8d38</run_address>
         <size>0xae</size>
         <input_file_ref idref="fl-5"/>
      </object_component>
      <object_component id="oc-ea">
         <name>.text:SMPL_Ioctl</name>
         <load_address>0x8de6</load_address>
         <run_address>0x8de6</run_address>
         <size>0xac</size>
         <input_file_ref idref="fl-6"/>
      </object_component>
      <object_component id="oc-2e1">
         <name>.text:nwk_retrieveFrame</name>
         <load_address>0x8e92</load_address>
         <run_address>0x8e92</run_address>
         <size>0xa6</size>
         <input_file_ref idref="fl-5"/>
      </object_component>
      <object_component id="oc-4a8">
         <name>.text:nwk_sendAckReply</name>
         <load_address>0x8f38</load_address>
         <run_address>0x8f38</run_address>
         <size>0x9a</size>
         <input_file_ref idref="fl-5"/>
      </object_component>
      <object_component id="oc-2d6">
         <name>.text:nwk_buildFrame</name>
         <load_address>0x8fd2</load_address>
         <run_address>0x8fd2</run_address>
         <size>0x96</size>
         <input_file_ref idref="fl-5"/>
      </object_component>
      <object_component id="oc-13b">
         <name>.text:mrfiRadioInterfaceCmdStrobe</name>
         <load_address>0x9068</load_address>
         <run_address>0x9068</run_address>
         <size>0x92</size>
         <input_file_ref idref="fl-3"/>
      </object_component>
      <object_component id="oc-3d3">
         <name>.text:nwk_isConnectionValid</name>
         <load_address>0x90fa</load_address>
         <run_address>0x90fa</run_address>
         <size>0x92</size>
         <input_file_ref idref="fl-8"/>
      </object_component>
      <object_component id="oc-16a">
         <name>.text:uart_init</name>
         <load_address>0x918c</load_address>
         <run_address>0x918c</run_address>
         <size>0x90</size>
         <input_file_ref idref="fl-11"/>
      </object_component>
      <object_component id="oc-1d3">
         <name>.text:nwk_nwkInit</name>
         <load_address>0x921c</load_address>
         <run_address>0x921c</run_address>
         <size>0x86</size>
         <input_file_ref idref="fl-8"/>
      </object_component>
      <object_component id="oc-24b">
         <name>.text:nwk_QfindSlot</name>
         <load_address>0x92a2</load_address>
         <run_address>0x92a2</run_address>
         <size>0x7c</size>
         <input_file_ref idref="fl-7"/>
      </object_component>
      <object_component id="oc-1b8">
         <name>.text:nwk_radioControl</name>
         <load_address>0x931e</load_address>
         <run_address>0x931e</run_address>
         <size>0x76</size>
         <input_file_ref idref="fl-e"/>
      </object_component>
      <object_component id="oc-87">
         <name>.text:_auto_init</name>
         <load_address>0x9394</load_address>
         <run_address>0x9394</run_address>
         <size>0x6e</size>
         <input_file_ref idref="fl-3f"/>
      </object_component>
      <object_component id="oc-74">
         <name>.text:_isr:MRFI_RadioIsr</name>
         <load_address>0x9402</load_address>
         <run_address>0x9402</run_address>
         <size>0x68</size>
         <input_file_ref idref="fl-3"/>
      </object_component>
      <object_component id="oc-121">
         <name>.text:mrfiRadioInterfaceReadRxFifo</name>
         <load_address>0x946a</load_address>
         <run_address>0x946a</run_address>
         <size>0x62</size>
         <input_file_ref idref="fl-3"/>
      </object_component>
      <object_component id="oc-bb">
         <name>.text:uart_tx_irq</name>
         <load_address>0x94cc</load_address>
         <run_address>0x94cc</run_address>
         <size>0x60</size>
         <input_file_ref idref="fl-11"/>
      </object_component>
      <object_component id="oc-316">
         <name>.text</name>
         <load_address>0x952c</load_address>
         <run_address>0x952c</run_address>
         <size>0x58</size>
         <input_file_ref idref="fl-35"/>
      </object_component>
      <object_component id="oc-173">
         <name>.text:rx_handler</name>
         <load_address>0x9584</load_address>
         <run_address>0x9584</run_address>
         <size>0x58</size>
         <input_file_ref idref="fl-10"/>
      </object_component>
      <object_component id="oc-fa">
         <name>.text:radio_processing</name>
         <load_address>0x95dc</load_address>
         <run_address>0x95dc</run_address>
         <size>0x54</size>
         <input_file_ref idref="fl-12"/>
      </object_component>
      <object_component id="oc-d2">
         <name>.text:Bsp_SetClocks</name>
         <load_address>0x9630</load_address>
         <run_address>0x9630</run_address>
         <size>0x52</size>
         <input_file_ref idref="fl-2"/>
      </object_component>
      <object_component id="oc-26a">
         <name>.text:SetVCoreUp</name>
         <load_address>0x9682</load_address>
         <run_address>0x9682</run_address>
         <size>0x52</size>
         <input_file_ref idref="fl-2"/>
      </object_component>
      <object_component id="oc-1bd">
         <name>.text:nwk_rawSend</name>
         <load_address>0x96d4</load_address>
         <run_address>0x96d4</run_address>
         <size>0x52</size>
         <input_file_ref idref="fl-e"/>
      </object_component>
      <object_component id="oc-286">
         <name>.text:push_buffer</name>
         <load_address>0x9726</load_address>
         <run_address>0x9726</run_address>
         <size>0x52</size>
         <input_file_ref idref="fl-10"/>
      </object_component>
      <object_component id="oc-390">
         <name>.text:nwk_getNextConnection</name>
         <load_address>0x9778</load_address>
         <run_address>0x9778</run_address>
         <size>0x50</size>
         <input_file_ref idref="fl-8"/>
      </object_component>
      <object_component id="oc-297">
         <name>.text:pop_buffer</name>
         <load_address>0x97c8</load_address>
         <run_address>0x97c8</run_address>
         <size>0x50</size>
         <input_file_ref idref="fl-10"/>
      </object_component>
      <object_component id="oc-e3">
         <name>.text:uart_intfc_init</name>
         <load_address>0x9818</load_address>
         <run_address>0x9818</run_address>
         <size>0x4c</size>
         <input_file_ref idref="fl-10"/>
      </object_component>
      <object_component id="oc-11c">
         <name>.text:mrfiRadioInterfaceReadReg</name>
         <load_address>0x9864</load_address>
         <run_address>0x9864</run_address>
         <size>0x48</size>
         <input_file_ref idref="fl-3"/>
      </object_component>
      <object_component id="oc-12c">
         <name>.text:Mrfi_RxAddrIsFiltered</name>
         <load_address>0x98ac</load_address>
         <run_address>0x98ac</run_address>
         <size>0x46</size>
         <input_file_ref idref="fl-3"/>
      </object_component>
      <object_component id="oc-4fd">
         <name>.text:smpl_send_ping_reply</name>
         <load_address>0x98f2</load_address>
         <run_address>0x98f2</run_address>
         <size>0x44</size>
         <input_file_ref idref="fl-a"/>
      </object_component>
      <object_component id="oc-511">
         <name>.text:nwk_isLinkDuplicate</name>
         <load_address>0x9936</load_address>
         <run_address>0x9936</run_address>
         <size>0x42</size>
         <input_file_ref idref="fl-8"/>
      </object_component>
      <object_component id="oc-369">
         <name>.text:MRFI_ReplyDelay</name>
         <load_address>0x9978</load_address>
         <run_address>0x9978</run_address>
         <size>0x40</size>
         <input_file_ref idref="fl-3"/>
      </object_component>
      <object_component id="oc-95">
         <name>.text:__memcpy_far</name>
         <load_address>0x99b8</load_address>
         <run_address>0x99b8</run_address>
         <size>0x40</size>
         <input_file_ref idref="fl-32"/>
      </object_component>
      <object_component id="oc-465">
         <name>.text:initializeConnection</name>
         <load_address>0x99f8</load_address>
         <run_address>0x99f8</run_address>
         <size>0x3e</size>
         <input_file_ref idref="fl-8"/>
      </object_component>
      <object_component id="oc-68">
         <name>.text:decompress:none:__TI_decompress_none</name>
         <load_address>0x9a36</load_address>
         <run_address>0x9a36</run_address>
         <size>0x3c</size>
         <input_file_ref idref="fl-2f"/>
      </object_component>
      <object_component id="oc-364">
         <name>.text:nwk_putNumObjectIntoMsg</name>
         <load_address>0x9a72</load_address>
         <run_address>0x9a72</run_address>
         <size>0x3c</size>
         <input_file_ref idref="fl-8"/>
      </object_component>
      <object_component id="oc-1f7">
         <name>.text:tx_send</name>
         <load_address>0x9aae</load_address>
         <run_address>0x9aae</run_address>
         <size>0x3c</size>
         <input_file_ref idref="fl-10"/>
      </object_component>
      <object_component id="oc-f5">
         <name>.text:tx_send_wait</name>
         <load_address>0x9aea</load_address>
         <run_address>0x9aea</run_address>
         <size>0x3c</size>
         <input_file_ref idref="fl-10"/>
      </object_component>
      <object_component id="oc-4dc">
         <name>.text:nwk_isValidReply</name>
         <load_address>0x9b26</load_address>
         <run_address>0x9b26</run_address>
         <size>0x3a</size>
         <input_file_ref idref="fl-8"/>
      </object_component>
      <object_component id="oc-4a1">
         <name>.text:nwk_processMgmt</name>
         <load_address>0x9b60</load_address>
         <run_address>0x9b60</run_address>
         <size>0x3a</size>
         <input_file_ref idref="fl-b"/>
      </object_component>
      <object_component id="oc-6c">
         <name>.text:decompress:ZI:__TI_zero_init</name>
         <load_address>0x9b9a</load_address>
         <run_address>0x9b9a</run_address>
         <size>0x38</size>
         <input_file_ref idref="fl-31"/>
      </object_component>
      <object_component id="oc-3ae">
         <name>.text:BSP_Delay</name>
         <load_address>0x9bd2</load_address>
         <run_address>0x9bd2</run_address>
         <size>0x36</size>
         <input_file_ref idref="fl-2"/>
      </object_component>
      <object_component id="oc-25c">
         <name>.text:mrfiRadioInterfaceWriteReg</name>
         <load_address>0x9c08</load_address>
         <run_address>0x9c08</run_address>
         <size>0x36</size>
         <input_file_ref idref="fl-3"/>
      </object_component>
      <object_component id="oc-4bd">
         <name>.text:mrfiRadioInterfaceWriteTxFifo</name>
         <load_address>0x9c3e</load_address>
         <run_address>0x9c3e</run_address>
         <size>0x36</size>
         <input_file_ref idref="fl-3"/>
      </object_component>
      <object_component id="oc-1e2">
         <name>.text:MRFI_SetRxAddrFilter</name>
         <load_address>0x9c74</load_address>
         <run_address>0x9c74</run_address>
         <size>0x34</size>
         <input_file_ref idref="fl-3"/>
      </object_component>
      <object_component id="oc-ef">
         <name>.text:SMPL_Init</name>
         <load_address>0x9ca8</load_address>
         <run_address>0x9ca8</run_address>
         <size>0x34</size>
         <input_file_ref idref="fl-6"/>
      </object_component>
      <object_component id="oc-3c3">
         <name>.text:nwk_QadjustOrder</name>
         <load_address>0x9cdc</load_address>
         <run_address>0x9cdc</run_address>
         <size>0x34</size>
         <input_file_ref idref="fl-7"/>
      </object_component>
      <object_component id="oc-187">
         <name>.text:rf_handler</name>
         <load_address>0x9d10</load_address>
         <run_address>0x9d10</run_address>
         <size>0x34</size>
         <input_file_ref idref="fl-10"/>
      </object_component>
      <object_component id="oc-17d">
         <name>.text:tx_handler</name>
         <load_address>0x9d44</load_address>
         <run_address>0x9d44</run_address>
         <size>0x34</size>
         <input_file_ref idref="fl-10"/>
      </object_component>
      <object_component id="oc-2ff">
         <name>.text:MRFI_SetLogicalChannel</name>
         <load_address>0x9d78</load_address>
         <run_address>0x9d78</run_address>
         <size>0x32</size>
         <input_file_ref idref="fl-3"/>
      </object_component>
      <object_component id="oc-1b3">
         <name>.text:nwk_deviceAddress</name>
         <load_address>0x9daa</load_address>
         <run_address>0x9daa</run_address>
         <size>0x32</size>
         <input_file_ref idref="fl-e"/>
      </object_component>
      <object_component id="oc-2aa">
         <name>.text:nwk_getConnInfo</name>
         <load_address>0x9ddc</load_address>
         <run_address>0x9ddc</run_address>
         <size>0x32</size>
         <input_file_ref idref="fl-8"/>
      </object_component>
      <object_component id="oc-344">
         <name>.text:nwk_linkInit</name>
         <load_address>0x9e0e</load_address>
         <run_address>0x9e0e</run_address>
         <size>0x32</size>
         <input_file_ref idref="fl-c"/>
      </object_component>
      <object_component id="oc-3f6">
         <name>.text:map_lid2idx</name>
         <load_address>0x9e40</load_address>
         <run_address>0x9e40</run_address>
         <size>0x30</size>
         <input_file_ref idref="fl-8"/>
      </object_component>
      <object_component id="oc-1c2">
         <name>.text:nwk_rawReceive</name>
         <load_address>0x9e70</load_address>
         <run_address>0x9e70</run_address>
         <size>0x30</size>
         <input_file_ref idref="fl-e"/>
      </object_component>
      <object_component id="oc-2db">
         <name>.text:nwk_sendFrame</name>
         <load_address>0x9ea0</load_address>
         <run_address>0x9ea0</run_address>
         <size>0x30</size>
         <input_file_ref idref="fl-5"/>
      </object_component>
      <object_component id="oc-131">
         <name>.text:Mrfi_CalculateRssi</name>
         <load_address>0x9ed0</load_address>
         <run_address>0x9ed0</run_address>
         <size>0x2e</size>
         <input_file_ref idref="fl-3"/>
      </object_component>
      <object_component id="oc-458">
         <name>.text:Mrfi_DelayUsecSem</name>
         <load_address>0x9efe</load_address>
         <run_address>0x9efe</run_address>
         <size>0x2c</size>
         <input_file_ref idref="fl-3"/>
      </object_component>
      <object_component id="oc-309">
         <name>.text:Mrfi_RxModeOff</name>
         <load_address>0x9f2a</load_address>
         <run_address>0x9f2a</run_address>
         <size>0x2c</size>
         <input_file_ref idref="fl-3"/>
      </object_component>
      <object_component id="oc-158">
         <name>.text:SetVCore</name>
         <load_address>0x9f56</load_address>
         <run_address>0x9f56</run_address>
         <size>0x2c</size>
         <input_file_ref idref="fl-2"/>
      </object_component>
      <object_component id="oc-246">
         <name>.text</name>
         <load_address>0x9f82</load_address>
         <run_address>0x9f82</run_address>
         <size>0x2c</size>
         <input_file_ref idref="fl-33"/>
      </object_component>
      <object_component id="oc-3a3">
         <name>.text:nwk_checkConnInfo</name>
         <load_address>0x9fae</load_address>
         <run_address>0x9fae</run_address>
         <size>0x2a</size>
         <input_file_ref idref="fl-8"/>
      </object_component>
      <object_component id="oc-488">
         <name>.text:nwk_processPing</name>
         <load_address>0x9fd8</load_address>
         <run_address>0x9fd8</run_address>
         <size>0x28</size>
         <input_file_ref idref="fl-a"/>
      </object_component>
      <object_component id="oc-2d0">
         <name>.text:MRFI_Sleep</name>
         <load_address>0xa000</load_address>
         <run_address>0xa000</run_address>
         <size>0x26</size>
         <input_file_ref idref="fl-3"/>
      </object_component>
      <object_component id="oc-217">
         <name>.text:Mrfi_DelayUsec</name>
         <load_address>0xa026</load_address>
         <run_address>0xa026</run_address>
         <size>0x26</size>
         <input_file_ref idref="fl-3"/>
      </object_component>
      <object_component id="oc-26f">
         <name>.text:SetVCoreDown</name>
         <load_address>0xa04c</load_address>
         <run_address>0xa04c</run_address>
         <size>0x26</size>
         <input_file_ref idref="fl-2"/>
      </object_component>
      <object_component id="oc-1ae">
         <name>.text:nwk_connectionControl</name>
         <load_address>0xa072</load_address>
         <run_address>0xa072</run_address>
         <size>0x26</size>
         <input_file_ref idref="fl-e"/>
      </object_component>
      <object_component id="oc-321">
         <name>.text:nwk_globalsInit</name>
         <load_address>0xa098</load_address>
         <run_address>0xa098</run_address>
         <size>0x26</size>
         <input_file_ref idref="fl-4"/>
      </object_component>
      <object_component id="oc-33a">
         <name>.text:nwk_joinInit</name>
         <load_address>0xa0be</load_address>
         <run_address>0xa0be</run_address>
         <size>0x26</size>
         <input_file_ref idref="fl-d"/>
      </object_component>
      <object_component id="oc-48d">
         <name>.text:nwk_processLink</name>
         <load_address>0xa0e4</load_address>
         <run_address>0xa0e4</run_address>
         <size>0x26</size>
         <input_file_ref idref="fl-c"/>
      </object_component>
      <object_component id="oc-182">
         <name>.text:uart_tx_message</name>
         <load_address>0xa10a</load_address>
         <run_address>0xa10a</run_address>
         <size>0x26</size>
         <input_file_ref idref="fl-11"/>
      </object_component>
      <object_component id="oc-2cb">
         <name>.text:MRFI_Rssi</name>
         <load_address>0xa130</load_address>
         <run_address>0xa130</run_address>
         <size>0x24</size>
         <input_file_ref idref="fl-3"/>
      </object_component>
      <object_component id="oc-4c2">
         <name>.text:Mrfi_RandomBackoffDelay</name>
         <load_address>0xa154</load_address>
         <run_address>0xa154</run_address>
         <size>0x24</size>
         <input_file_ref idref="fl-3"/>
      </object_component>
      <object_component id="oc-1e7">
         <name>.text:MRFI_EnableRxAddrFilter</name>
         <load_address>0xa178</load_address>
         <run_address>0xa178</run_address>
         <size>0x22</size>
         <input_file_ref idref="fl-3"/>
      </object_component>
      <object_component id="oc-2c6">
         <name>.text:MRFI_RxOn</name>
         <load_address>0xa19a</load_address>
         <run_address>0xa19a</run_address>
         <size>0x22</size>
         <input_file_ref idref="fl-3"/>
      </object_component>
      <object_component id="oc-1d8">
         <name>.text:MRFI_WakeUp</name>
         <load_address>0xa1bc</load_address>
         <run_address>0xa1bc</run_address>
         <size>0x22</size>
         <input_file_ref idref="fl-3"/>
      </object_component>
      <object_component id="oc-3cd">
         <name>.text:memcmp</name>
         <load_address>0xa1de</load_address>
         <run_address>0xa1de</run_address>
         <size>0x22</size>
         <input_file_ref idref="fl-37"/>
      </object_component>
      <object_component id="oc-3a8">
         <name>.text:nwk_buildAckReqFrame</name>
         <load_address>0xa200</load_address>
         <run_address>0xa200</run_address>
         <size>0x22</size>
         <input_file_ref idref="fl-5"/>
      </object_component>
      <object_component id="oc-312">
         <name>.text</name>
         <load_address>0xa222</load_address>
         <run_address>0xa222</run_address>
         <size>0x22</size>
         <input_file_ref idref="fl-3c"/>
      </object_component>
      <object_component id="oc-178">
         <name>.text:uart_rx_message</name>
         <load_address>0xa244</load_address>
         <run_address>0xa244</run_address>
         <size>0x22</size>
         <input_file_ref idref="fl-11"/>
      </object_component>
      <object_component id="oc-37f">
         <name>.text:uart_tx_message_resume</name>
         <load_address>0xa266</load_address>
         <run_address>0xa266</run_address>
         <size>0x22</size>
         <input_file_ref idref="fl-11"/>
      </object_component>
      <object_component id="oc-de">
         <name>.text:BSP_Init</name>
         <load_address>0xa288</load_address>
         <run_address>0xa288</run_address>
         <size>0x20</size>
         <input_file_ref idref="fl-2"/>
      </object_component>
      <object_component id="oc-136">
         <name>.text:MRFI_RxCompleteISR</name>
         <load_address>0xa2a8</load_address>
         <run_address>0xa2a8</run_address>
         <size>0x20</size>
         <input_file_ref idref="fl-5"/>
      </object_component>
      <object_component id="oc-2c1">
         <name>.text:MRFI_RxIdle</name>
         <load_address>0xa2c8</load_address>
         <run_address>0xa2c8</run_address>
         <size>0x20</size>
         <input_file_ref idref="fl-3"/>
      </object_component>
      <object_component id="oc-4e7">
         <name>.text:handleLinkRequest</name>
         <load_address>0xa2e8</load_address>
         <run_address>0xa2e8</run_address>
         <size>0x20</size>
         <input_file_ref idref="fl-c"/>
      </object_component>
      <object_component id="oc-453">
         <name>.text:memmove</name>
         <load_address>0xa308</load_address>
         <run_address>0xa308</run_address>
         <size>0x20</size>
         <input_file_ref idref="fl-39"/>
      </object_component>
      <object_component id="oc-326">
         <name>.text:nwk_frameInit</name>
         <load_address>0xa328</load_address>
         <run_address>0xa328</run_address>
         <size>0x20</size>
         <input_file_ref idref="fl-5"/>
      </object_component>
      <object_component id="oc-492">
         <name>.text:nwk_processJoin</name>
         <load_address>0xa348</load_address>
         <run_address>0xa348</run_address>
         <size>0x20</size>
         <input_file_ref idref="fl-d"/>
      </object_component>
      <object_component id="oc-304">
         <name>.text:MRFI_SetRFPwr</name>
         <load_address>0xa368</load_address>
         <run_address>0xa368</run_address>
         <size>0x1e</size>
         <input_file_ref idref="fl-3"/>
      </object_component>
      <object_component id="oc-32b">
         <name>.text:nwk_QInit</name>
         <load_address>0xa386</load_address>
         <run_address>0xa386</run_address>
         <size>0x1e</size>
         <input_file_ref idref="fl-7"/>
      </object_component>
      <object_component id="oc-203">
         <name>.text:rf_tx_message_suspend</name>
         <load_address>0xa3a4</load_address>
         <run_address>0xa3a4</run_address>
         <size>0x1e</size>
         <input_file_ref idref="fl-12"/>
      </object_component>
      <object_component id="oc-c0">
         <name>.text:uart_rx_irq</name>
         <load_address>0xa3c2</load_address>
         <run_address>0xa3c2</run_address>
         <size>0x1e</size>
         <input_file_ref idref="fl-11"/>
      </object_component>
      <object_component id="oc-148">
         <name>.text:uart_tx_message_suspend</name>
         <load_address>0xa3e0</load_address>
         <run_address>0xa3e0</run_address>
         <size>0x1e</size>
         <input_file_ref idref="fl-11"/>
      </object_component>
      <object_component id="oc-2bb">
         <name>.text:nwk_setMyAddress</name>
         <load_address>0xa3fe</load_address>
         <run_address>0xa3fe</run_address>
         <size>0x1c</size>
         <input_file_ref idref="fl-4"/>
      </object_component>
      <object_component id="oc-18c">
         <name>.text:rf_tx_message</name>
         <load_address>0xa41a</load_address>
         <run_address>0xa41a</run_address>
         <size>0x1c</size>
         <input_file_ref idref="fl-12"/>
      </object_component>
      <object_component id="oc-63">
         <name>.text:_isr:_c_int00_noexit</name>
         <load_address>0xa436</load_address>
         <run_address>0xa436</run_address>
         <size>0x1a</size>
         <input_file_ref idref="fl-2e"/>
      </object_component>
      <object_component id="oc-109">
         <name>.text:MRFI_DelayMs</name>
         <load_address>0xa450</load_address>
         <run_address>0xa450</run_address>
         <size>0x18</size>
         <input_file_ref idref="fl-3"/>
      </object_component>
      <object_component id="oc-1f2">
         <name>.text:tx_peek</name>
         <load_address>0xa468</load_address>
         <run_address>0xa468</run_address>
         <size>0x18</size>
         <input_file_ref idref="fl-10"/>
      </object_component>
      <object_component id="oc-276">
         <name>.text:BSP_InitLeds</name>
         <load_address>0xa480</load_address>
         <run_address>0xa480</run_address>
         <size>0x16</size>
         <input_file_ref idref="fl-2"/>
      </object_component>
      <object_component id="oc-436">
         <name>.text:MRFI_RandomByte</name>
         <load_address>0xa496</load_address>
         <run_address>0xa496</run_address>
         <size>0x16</size>
         <input_file_ref idref="fl-3"/>
      </object_component>
      <object_component id="oc-40c">
         <name>.text:Mrfi_RxModeOn</name>
         <load_address>0xa4ac</load_address>
         <run_address>0xa4ac</run_address>
         <size>0x16</size>
         <input_file_ref idref="fl-3"/>
      </object_component>
      <object_component id="oc-7a">
         <name>.text:_isr:USCI_A0_ISR</name>
         <load_address>0xa4c2</load_address>
         <run_address>0xa4c2</run_address>
         <size>0x16</size>
         <input_file_ref idref="fl-11"/>
      </object_component>
      <object_component id="oc-3bc">
         <name>.text</name>
         <load_address>0xa4d8</load_address>
         <run_address>0xa4d8</run_address>
         <size>0x16</size>
         <input_file_ref idref="fl-34"/>
      </object_component>
      <object_component id="oc-31a">
         <name>.text</name>
         <load_address>0xa4ee</load_address>
         <run_address>0xa4ee</run_address>
         <size>0x16</size>
         <input_file_ref idref="fl-3b"/>
      </object_component>
      <object_component id="oc-ff">
         <name>.text:toggleLED</name>
         <load_address>0xa504</load_address>
         <run_address>0xa504</run_address>
         <size>0x16</size>
         <input_file_ref idref="fl-13"/>
      </object_component>
      <object_component id="oc-19b">
         <name>.text:ioctlPreInitAccessIsOK</name>
         <load_address>0xa51a</load_address>
         <run_address>0xa51a</run_address>
         <size>0x14</size>
         <input_file_ref idref="fl-6"/>
      </object_component>
      <object_component id="oc-128">
         <name>.text:memset</name>
         <load_address>0xa52e</load_address>
         <run_address>0xa52e</run_address>
         <size>0x14</size>
         <input_file_ref idref="fl-3a"/>
      </object_component>
      <object_component id="oc-82">
         <name>.text:_system_pre_init</name>
         <load_address>0xa542</load_address>
         <run_address>0xa542</run_address>
         <size>0x12</size>
         <input_file_ref idref="fl-2"/>
      </object_component>
      <object_component id="oc-1aa">
         <name>.text:memcpy</name>
         <load_address>0xa554</load_address>
         <run_address>0xa554</run_address>
         <size>0x12</size>
         <input_file_ref idref="fl-38"/>
      </object_component>
      <object_component id="oc-1dd">
         <name>.text:nwk_getMyAddress</name>
         <load_address>0xa566</load_address>
         <run_address>0xa566</run_address>
         <size>0x12</size>
         <input_file_ref idref="fl-4"/>
      </object_component>
      <object_component id="oc-36e">
         <name>.text:nwk_setLinkToken</name>
         <load_address>0xa578</load_address>
         <run_address>0xa578</run_address>
         <size>0x12</size>
         <input_file_ref idref="fl-c"/>
      </object_component>
      <object_component id="oc-15f">
         <name>.text:BSP_InitBoard</name>
         <load_address>0xa58a</load_address>
         <run_address>0xa58a</run_address>
         <size>0x10</size>
         <input_file_ref idref="fl-2"/>
      </object_component>
      <object_component id="oc-30e">
         <name>.text:l_asr</name>
         <load_address>0xa59a</load_address>
         <run_address>0xa59a</run_address>
         <size>0x10</size>
         <input_file_ref idref="fl-2d"/>
      </object_component>
      <object_component id="oc-250">
         <name>.text:MRFI_Receive</name>
         <load_address>0xa5aa</load_address>
         <run_address>0xa5aa</run_address>
         <size>0xe</size>
         <input_file_ref idref="fl-3"/>
      </object_component>
      <object_component id="oc-28b">
         <name>.text:buffer_free_space</name>
         <load_address>0xa5b8</load_address>
         <run_address>0xa5b8</run_address>
         <size>0xe</size>
         <input_file_ref idref="fl-10"/>
      </object_component>
      <object_component id="oc-70">
         <name>.text:decompress:rle24:__TI_decompress_rle24</name>
         <load_address>0xa5c6</load_address>
         <run_address>0xa5c6</run_address>
         <size>0xe</size>
         <input_file_ref idref="fl-30"/>
      </object_component>
      <object_component id="oc-50c">
         <name>.text:nwk_getNumObjectFromMsg</name>
         <load_address>0xa5d4</load_address>
         <run_address>0xa5d4</run_address>
         <size>0xe</size>
         <input_file_ref idref="fl-8"/>
      </object_component>
      <object_component id="oc-373">
         <name>.text:nwk_setAPAddress</name>
         <load_address>0xa5e2</load_address>
         <run_address>0xa5e2</run_address>
         <size>0xe</size>
         <input_file_ref idref="fl-4"/>
      </object_component>
      <object_component id="oc-4ad">
         <name>.text:MRFI_PostKillSem</name>
         <load_address>0xa5f0</load_address>
         <run_address>0xa5f0</run_address>
         <size>0xc</size>
         <input_file_ref idref="fl-3"/>
      </object_component>
      <object_component id="oc-3e3">
         <name>.text:buffer_used_space</name>
         <load_address>0xa5fc</load_address>
         <run_address>0xa5fc</run_address>
         <size>0xc</size>
         <input_file_ref idref="fl-10"/>
      </object_component>
      <object_component id="oc-4e1">
         <name>.text:handlePingRequest</name>
         <load_address>0xa608</load_address>
         <run_address>0xa608</run_address>
         <size>0xc</size>
         <input_file_ref idref="fl-a"/>
      </object_component>
      <object_component id="oc-27b">
         <name>.text:BSP_InitButtons</name>
         <load_address>0xa614</load_address>
         <run_address>0xa614</run_address>
         <size>0xa</size>
         <input_file_ref idref="fl-2"/>
      </object_component>
      <object_component id="oc-164">
         <name>.text:BSP_InitDrivers</name>
         <load_address>0xa61e</load_address>
         <run_address>0xa61e</run_address>
         <size>0xa</size>
         <input_file_ref idref="fl-2"/>
      </object_component>
      <object_component id="oc-cd">
         <name>.text:Bsp_SetVCore</name>
         <load_address>0xa628</load_address>
         <run_address>0xa628</run_address>
         <size>0xa</size>
         <input_file_ref idref="fl-2"/>
      </object_component>
      <object_component id="oc-33f">
         <name>.text:nwk_mgmtInit</name>
         <load_address>0xa632</load_address>
         <run_address>0xa632</run_address>
         <size>0xa</size>
         <input_file_ref idref="fl-b"/>
      </object_component>
      <object_component id="oc-335">
         <name>.text:nwk_pingInit</name>
         <load_address>0xa63c</load_address>
         <run_address>0xa63c</run_address>
         <size>0xa</size>
         <input_file_ref idref="fl-a"/>
      </object_component>
      <object_component id="oc-35d">
         <name>.text:MRFI_GetRadioState</name>
         <load_address>0xa646</load_address>
         <run_address>0xa646</run_address>
         <size>0x6</size>
         <input_file_ref idref="fl-3"/>
      </object_component>
      <object_component id="oc-2af">
         <name>.text:nwk_freeConnection</name>
         <load_address>0xa64c</load_address>
         <run_address>0xa64c</run_address>
         <size>0x6</size>
         <input_file_ref idref="fl-8"/>
      </object_component>
      <object_component id="oc-34e">
         <name>.text:nwk_getBCastAddress</name>
         <load_address>0xa652</load_address>
         <run_address>0xa652</run_address>
         <size>0x6</size>
         <input_file_ref idref="fl-4"/>
      </object_component>
      <object_component id="oc-1a5">
         <name>.text:nwk_getFWVersion</name>
         <load_address>0xa658</load_address>
         <run_address>0xa658</run_address>
         <size>0x6</size>
         <input_file_ref idref="fl-4"/>
      </object_component>
      <object_component id="oc-39c">
         <name>.text:nwk_getMyRxType</name>
         <load_address>0xa65e</load_address>
         <run_address>0xa65e</run_address>
         <size>0x6</size>
         <input_file_ref idref="fl-5"/>
      </object_component>
      <object_component id="oc-1a0">
         <name>.text:nwk_getProtocolVersion</name>
         <load_address>0xa664</load_address>
         <run_address>0xa664</run_address>
         <size>0x6</size>
         <input_file_ref idref="fl-4"/>
      </object_component>
      <object_component id="oc-90">
         <name>.text:abort</name>
         <load_address>0xa66a</load_address>
         <run_address>0xa66a</run_address>
         <size>0x4</size>
         <input_file_ref idref="fl-36"/>
      </object_component>
      <object_component id="oc-49c">
         <name>.text:nwk_processFreq</name>
         <load_address>0xa66e</load_address>
         <run_address>0xa66e</run_address>
         <size>0x4</size>
         <input_file_ref idref="fl-f"/>
      </object_component>
      <object_component id="oc-497">
         <name>.text:nwk_processSecurity</name>
         <load_address>0xa672</load_address>
         <run_address>0xa672</run_address>
         <size>0x4</size>
         <input_file_ref idref="fl-9"/>
      </object_component>
      <object_component id="oc-290">
         <name>.text:uart_rx_message_suspend</name>
         <load_address>0xa676</load_address>
         <run_address>0xa676</run_address>
         <size>0x4</size>
         <input_file_ref idref="fl-11"/>
      </object_component>
      <object_component id="oc-330">
         <name>.text:nwk_freqInit</name>
         <load_address>0xa67a</load_address>
         <run_address>0xa67a</run_address>
         <size>0x2</size>
         <input_file_ref idref="fl-f"/>
      </object_component>
      <object_component id="oc-349">
         <name>.text:nwk_securityInit</name>
         <load_address>0xa67c</load_address>
         <run_address>0xa67c</run_address>
         <size>0x2</size>
         <input_file_ref idref="fl-9"/>
      </object_component>
      <object_component id="oc-581">
         <name>.cinit..data.load</name>
         <load_address>0xa7da</load_address>
         <run_address>0xa7da</run_address>
         <size>0x2c</size>
      </object_component>
      <object_component id="oc-57e">
         <name>__TI_handler_table</name>
         <load_address>0xa806</load_address>
         <run_address>0xa806</run_address>
         <size>0xc</size>
      </object_component>
      <object_component id="oc-580">
         <name>.cinit..bss.load</name>
         <load_address>0xa812</load_address>
         <run_address>0xa812</run_address>
         <size>0x6</size>
      </object_component>
      <object_component id="oc-57f">
         <name>__TI_cinit_table</name>
         <load_address>0xa818</load_address>
         <run_address>0xa818</run_address>
         <size>0x10</size>
      </object_component>
      <object_component id="oc-f4">
         <name>.const:.string</name>
         <load_address>0xa67e</load_address>
         <run_address>0xa67e</run_address>
         <size>0xee</size>
         <input_file_ref idref="fl-13"/>
      </object_component>
      <object_component id="oc-2fd">
         <name>.const:mrfiRadioCfg</name>
         <load_address>0xa76c</load_address>
         <run_address>0xa76c</run_address>
         <size>0x40</size>
         <input_file_ref idref="fl-3"/>
      </object_component>
      <object_component id="oc-3d1">
         <name>.const:func</name>
         <load_address>0xa7ac</load_address>
         <run_address>0xa7ac</run_address>
         <size>0x18</size>
         <input_file_ref idref="fl-5"/>
      </object_component>
      <object_component id="oc-2a3">
         <name>.const</name>
         <load_address>0xa7c4</load_address>
         <run_address>0xa7c4</run_address>
         <size>0x9</size>
         <input_file_ref idref="fl-4"/>
      </object_component>
      <object_component id="oc-243">
         <name>.const:.string:mrfiBroadcastAddr</name>
         <load_address>0xa7ce</load_address>
         <run_address>0xa7ce</run_address>
         <size>0x4</size>
         <input_file_ref idref="fl-3"/>
      </object_component>
      <object_component id="oc-423">
         <name>.const:.string:mrfiLogicalChanTable</name>
         <load_address>0xa7d2</load_address>
         <run_address>0xa7d2</run_address>
         <size>0x4</size>
         <input_file_ref idref="fl-3"/>
      </object_component>
      <object_component id="oc-426">
         <name>.const:.string:mrfiRFPowerTable</name>
         <load_address>0xa7d6</load_address>
         <run_address>0xa7d6</run_address>
         <size>0x3</size>
         <input_file_ref idref="fl-3"/>
      </object_component>
      <object_component id="oc-75">
         <name>.int53</name>
         <load_address>0xffea</load_address>
         <run_address>0xffea</run_address>
         <size>0x2</size>
         <input_file_ref idref="fl-3"/>
      </object_component>
      <object_component id="oc-7b">
         <name>.int58</name>
         <load_address>0xfff4</load_address>
         <run_address>0xfff4</run_address>
         <size>0x2</size>
         <input_file_ref idref="fl-11"/>
      </object_component>
      <object_component id="oc-64">
         <name>.reset</name>
         <load_address>0xfffe</load_address>
         <run_address>0xfffe</run_address>
         <size>0x2</size>
         <input_file_ref idref="fl-2e"/>
      </object_component>
      <object_component id="oc-126">
         <name>.bss</name>
         <uninitialized>true</uninitialized>
         <run_address>0x1d66</run_address>
         <size>0x18</size>
         <input_file_ref idref="fl-3"/>
      </object_component>
      <object_component id="oc-155">
         <name>.bss</name>
         <uninitialized>true</uninitialized>
         <run_address>0x1d34</run_address>
         <size>0x32</size>
         <input_file_ref idref="fl-11"/>
      </object_component>
      <object_component id="oc-16f">
         <name>.bss</name>
         <uninitialized>true</uninitialized>
         <run_address>0x1c00</run_address>
         <size>0x96</size>
         <input_file_ref idref="fl-10"/>
      </object_component>
      <object_component id="oc-208">
         <name>.bss</name>
         <uninitialized>true</uninitialized>
         <run_address>0x1cfe</run_address>
         <size>0x36</size>
         <input_file_ref idref="fl-12"/>
      </object_component>
      <object_component id="oc-358">
         <name>.bss</name>
         <uninitialized>true</uninitialized>
         <run_address>0x1d7e</run_address>
         <size>0x8</size>
         <input_file_ref idref="fl-4"/>
      </object_component>
      <object_component id="oc-3c1">
         <name>.bss</name>
         <uninitialized>true</uninitialized>
         <run_address>0x1c96</run_address>
         <size>0x68</size>
         <input_file_ref idref="fl-7"/>
      </object_component>
      <object_component id="oc-445">
         <name>.bss</name>
         <uninitialized>true</uninitialized>
         <run_address>0x1d86</run_address>
         <size>0x2</size>
         <input_file_ref idref="fl-c"/>
      </object_component>
      <object_component id="oc-e8">
         <name>.data</name>
         <load_address>0x1e1c</load_address>
         <run_address>0x1e1c</run_address>
         <size>0x3</size>
         <input_file_ref idref="fl-13"/>
      </object_component>
      <object_component id="oc-11a">
         <name>.data</name>
         <load_address>0x1db2</load_address>
         <run_address>0x1db2</run_address>
         <size>0x17</size>
         <input_file_ref idref="fl-3"/>
      </object_component>
      <object_component id="oc-146">
         <name>.data</name>
         <load_address>0x1df0</load_address>
         <run_address>0x1df0</run_address>
         <size>0xc</size>
         <input_file_ref idref="fl-11"/>
      </object_component>
      <object_component id="oc-153">
         <name>.data</name>
         <load_address>0x1dca</load_address>
         <run_address>0x1dca</run_address>
         <size>0x14</size>
         <input_file_ref idref="fl-12"/>
      </object_component>
      <object_component id="oc-171">
         <name>.data</name>
         <load_address>0x1dde</load_address>
         <run_address>0x1dde</run_address>
         <size>0x12</size>
         <input_file_ref idref="fl-10"/>
      </object_component>
      <object_component id="oc-199">
         <name>.data</name>
         <load_address>0x1e24</load_address>
         <run_address>0x1e24</run_address>
         <size>0x1</size>
         <input_file_ref idref="fl-6"/>
      </object_component>
      <object_component id="oc-241">
         <name>.data:mrfiRxFilterAddr</name>
         <load_address>0x1e18</load_address>
         <run_address>0x1e18</run_address>
         <size>0x4</size>
         <input_file_ref idref="fl-3"/>
      </object_component>
      <object_component id="oc-31f">
         <name>.data</name>
         <load_address>0x1d88</load_address>
         <run_address>0x1d88</run_address>
         <size>0x29</size>
         <input_file_ref idref="fl-8"/>
      </object_component>
      <object_component id="oc-356">
         <name>.data</name>
         <load_address>0x1e26</load_address>
         <run_address>0x1e26</run_address>
         <size>0x1</size>
         <input_file_ref idref="fl-4"/>
      </object_component>
      <object_component id="oc-362">
         <name>.data</name>
         <load_address>0x1e06</load_address>
         <run_address>0x1e06</run_address>
         <size>0x9</size>
         <input_file_ref idref="fl-d"/>
      </object_component>
      <object_component id="oc-39a">
         <name>.data</name>
         <load_address>0x1e10</load_address>
         <run_address>0x1e10</run_address>
         <size>0x7</size>
         <input_file_ref idref="fl-c"/>
      </object_component>
      <object_component id="oc-3cb">
         <name>.data</name>
         <load_address>0x1dfc</load_address>
         <run_address>0x1dfc</run_address>
         <size>0xa</size>
         <input_file_ref idref="fl-5"/>
      </object_component>
      <object_component id="oc-43e">
         <name>.data</name>
         <load_address>0x1e28</load_address>
         <run_address>0x1e28</run_address>
         <size>0x1</size>
         <input_file_ref idref="fl-a"/>
      </object_component>
      <object_component id="oc-442">
         <name>.data</name>
         <load_address>0x1e20</load_address>
         <run_address>0x1e20</run_address>
         <size>0x3</size>
         <input_file_ref idref="fl-b"/>
      </object_component>
      <object_component id="oc-65">
         <name>.debug_info</name>
         <load_address>0x0</load_address>
         <run_address>0x0</run_address>
         <size>0x129</size>
         <input_file_ref idref="fl-2e"/>
      </object_component>
      <object_component id="oc-69">
         <name>.debug_info</name>
         <load_address>0x129</load_address>
         <run_address>0x129</run_address>
         <size>0x16e</size>
         <input_file_ref idref="fl-2f"/>
      </object_component>
      <object_component id="oc-6d">
         <name>.debug_info</name>
         <load_address>0x297</load_address>
         <run_address>0x297</run_address>
         <size>0x1a6</size>
         <input_file_ref idref="fl-31"/>
      </object_component>
      <object_component id="oc-71">
         <name>.debug_info</name>
         <load_address>0x43d</load_address>
         <run_address>0x43d</run_address>
         <size>0x179</size>
         <input_file_ref idref="fl-30"/>
      </object_component>
      <object_component id="oc-76">
         <name>.debug_info</name>
         <load_address>0x5b6</load_address>
         <run_address>0x5b6</run_address>
         <size>0x564</size>
         <input_file_ref idref="fl-3"/>
      </object_component>
      <object_component id="oc-7c">
         <name>.debug_info</name>
         <load_address>0xb1a</load_address>
         <run_address>0xb1a</run_address>
         <size>0x119</size>
         <input_file_ref idref="fl-11"/>
      </object_component>
      <object_component id="oc-81">
         <name>.debug_info</name>
         <load_address>0xc33</load_address>
         <run_address>0xc33</run_address>
         <size>0xaa</size>
         <input_file_ref idref="fl-2e"/>
      </object_component>
      <object_component id="oc-83">
         <name>.debug_info</name>
         <load_address>0xcdd</load_address>
         <run_address>0xcdd</run_address>
         <size>0x1d3</size>
         <input_file_ref idref="fl-2"/>
      </object_component>
      <object_component id="oc-88">
         <name>.debug_info</name>
         <load_address>0xeb0</load_address>
         <run_address>0xeb0</run_address>
         <size>0x1b0</size>
         <input_file_ref idref="fl-3f"/>
      </object_component>
      <object_component id="oc-8c">
         <name>.debug_info</name>
         <load_address>0x1060</load_address>
         <run_address>0x1060</run_address>
         <size>0x343</size>
         <input_file_ref idref="fl-13"/>
      </object_component>
      <object_component id="oc-91">
         <name>.debug_info</name>
         <load_address>0x13a3</load_address>
         <run_address>0x13a3</run_address>
         <size>0x121</size>
         <input_file_ref idref="fl-36"/>
      </object_component>
      <object_component id="oc-96">
         <name>.debug_info</name>
         <load_address>0x14c4</load_address>
         <run_address>0x14c4</run_address>
         <size>0xce</size>
         <input_file_ref idref="fl-32"/>
      </object_component>
      <object_component id="oc-9a">
         <name>.debug_info</name>
         <load_address>0x1592</load_address>
         <run_address>0x1592</run_address>
         <size>0x46</size>
         <input_file_ref idref="fl-2f"/>
      </object_component>
      <object_component id="oc-a0">
         <name>.debug_info</name>
         <load_address>0x15d8</load_address>
         <run_address>0x15d8</run_address>
         <size>0x46</size>
         <input_file_ref idref="fl-31"/>
      </object_component>
      <object_component id="oc-a6">
         <name>.debug_info</name>
         <load_address>0x161e</load_address>
         <run_address>0x161e</run_address>
         <size>0x372</size>
         <input_file_ref idref="fl-30"/>
      </object_component>
      <object_component id="oc-aa">
         <name>.debug_info</name>
         <load_address>0x1990</load_address>
         <run_address>0x1990</run_address>
         <size>0x184</size>
         <input_file_ref idref="fl-30"/>
      </object_component>
      <object_component id="oc-ab">
         <name>.debug_info</name>
         <load_address>0x1b14</load_address>
         <run_address>0x1b14</run_address>
         <size>0x39</size>
         <input_file_ref idref="fl-30"/>
      </object_component>
      <object_component id="oc-b1">
         <name>.debug_info</name>
         <load_address>0x1b4d</load_address>
         <run_address>0x1b4d</run_address>
         <size>0x57e</size>
         <input_file_ref idref="fl-3"/>
      </object_component>
      <object_component id="oc-b6">
         <name>.debug_info</name>
         <load_address>0x20cb</load_address>
         <run_address>0x20cb</run_address>
         <size>0x6d</size>
         <input_file_ref idref="fl-2"/>
      </object_component>
      <object_component id="oc-bc">
         <name>.debug_info</name>
         <load_address>0x2138</load_address>
         <run_address>0x2138</run_address>
         <size>0x15b</size>
         <input_file_ref idref="fl-11"/>
      </object_component>
      <object_component id="oc-c1">
         <name>.debug_info</name>
         <load_address>0x2293</load_address>
         <run_address>0x2293</run_address>
         <size>0xf3</size>
         <input_file_ref idref="fl-11"/>
      </object_component>
      <object_component id="oc-c8">
         <name>.debug_info</name>
         <load_address>0x2386</load_address>
         <run_address>0x2386</run_address>
         <size>0x89</size>
         <input_file_ref idref="fl-2e"/>
      </object_component>
      <object_component id="oc-ce">
         <name>.debug_info</name>
         <load_address>0x240f</load_address>
         <run_address>0x240f</run_address>
         <size>0x1ae</size>
         <input_file_ref idref="fl-2"/>
      </object_component>
      <object_component id="oc-d3">
         <name>.debug_info</name>
         <load_address>0x25bd</load_address>
         <run_address>0x25bd</run_address>
         <size>0x249</size>
         <input_file_ref idref="fl-2"/>
      </object_component>
      <object_component id="oc-d8">
         <name>.debug_info</name>
         <load_address>0x2806</load_address>
         <run_address>0x2806</run_address>
         <size>0x89</size>
         <input_file_ref idref="fl-2"/>
      </object_component>
      <object_component id="oc-df">
         <name>.debug_info</name>
         <load_address>0x288f</load_address>
         <run_address>0x288f</run_address>
         <size>0x227</size>
         <input_file_ref idref="fl-2"/>
      </object_component>
      <object_component id="oc-e4">
         <name>.debug_info</name>
         <load_address>0x2ab6</load_address>
         <run_address>0x2ab6</run_address>
         <size>0x173</size>
         <input_file_ref idref="fl-10"/>
      </object_component>
      <object_component id="oc-e9">
         <name>.debug_info</name>
         <load_address>0x2c29</load_address>
         <run_address>0x2c29</run_address>
         <size>0x108</size>
         <input_file_ref idref="fl-13"/>
      </object_component>
      <object_component id="oc-eb">
         <name>.debug_info</name>
         <load_address>0x2d31</load_address>
         <run_address>0x2d31</run_address>
         <size>0x2e7</size>
         <input_file_ref idref="fl-6"/>
      </object_component>
      <object_component id="oc-f0">
         <name>.debug_info</name>
         <load_address>0x3018</load_address>
         <run_address>0x3018</run_address>
         <size>0x249</size>
         <input_file_ref idref="fl-6"/>
      </object_component>
      <object_component id="oc-f6">
         <name>.debug_info</name>
         <load_address>0x3261</load_address>
         <run_address>0x3261</run_address>
         <size>0x20a</size>
         <input_file_ref idref="fl-10"/>
      </object_component>
      <object_component id="oc-fb">
         <name>.debug_info</name>
         <load_address>0x346b</load_address>
         <run_address>0x346b</run_address>
         <size>0x152</size>
         <input_file_ref idref="fl-12"/>
      </object_component>
      <object_component id="oc-100">
         <name>.debug_info</name>
         <load_address>0x35bd</load_address>
         <run_address>0x35bd</run_address>
         <size>0x14f</size>
         <input_file_ref idref="fl-13"/>
      </object_component>
      <object_component id="oc-105">
         <name>.debug_info</name>
         <load_address>0x370c</load_address>
         <run_address>0x370c</run_address>
         <size>0x54c</size>
         <input_file_ref idref="fl-13"/>
      </object_component>
      <object_component id="oc-10a">
         <name>.debug_info</name>
         <load_address>0x3c58</load_address>
         <run_address>0x3c58</run_address>
         <size>0x297</size>
         <input_file_ref idref="fl-3"/>
      </object_component>
      <object_component id="oc-10f">
         <name>.debug_info</name>
         <load_address>0x3eef</load_address>
         <run_address>0x3eef</run_address>
         <size>0x449</size>
         <input_file_ref idref="fl-13"/>
      </object_component>
      <object_component id="oc-112">
         <name>.debug_info</name>
         <load_address>0x4338</load_address>
         <run_address>0x4338</run_address>
         <size>0x84</size>
         <input_file_ref idref="fl-2f"/>
      </object_component>
      <object_component id="oc-11b">
         <name>.debug_info</name>
         <load_address>0x43bc</load_address>
         <run_address>0x43bc</run_address>
         <size>0x287</size>
         <input_file_ref idref="fl-3"/>
      </object_component>
      <object_component id="oc-11d">
         <name>.debug_info</name>
         <load_address>0x4643</load_address>
         <run_address>0x4643</run_address>
         <size>0x36c</size>
         <input_file_ref idref="fl-3"/>
      </object_component>
      <object_component id="oc-122">
         <name>.debug_info</name>
         <load_address>0x49af</load_address>
         <run_address>0x49af</run_address>
         <size>0x5a0</size>
         <input_file_ref idref="fl-3"/>
      </object_component>
      <object_component id="oc-127">
         <name>.debug_info</name>
         <load_address>0x4f4f</load_address>
         <run_address>0x4f4f</run_address>
         <size>0x100</size>
         <input_file_ref idref="fl-3"/>
      </object_component>
      <object_component id="oc-129">
         <name>.debug_info</name>
         <load_address>0x504f</load_address>
         <run_address>0x504f</run_address>
         <size>0x1b5</size>
         <input_file_ref idref="fl-3a"/>
      </object_component>
      <object_component id="oc-12d">
         <name>.debug_info</name>
         <load_address>0x5204</load_address>
         <run_address>0x5204</run_address>
         <size>0x31f</size>
         <input_file_ref idref="fl-3"/>
      </object_component>
      <object_component id="oc-132">
         <name>.debug_info</name>
         <load_address>0x5523</load_address>
         <run_address>0x5523</run_address>
         <size>0x201</size>
         <input_file_ref idref="fl-3"/>
      </object_component>
      <object_component id="oc-137">
         <name>.debug_info</name>
         <load_address>0x5724</load_address>
         <run_address>0x5724</run_address>
         <size>0x1fe</size>
         <input_file_ref idref="fl-5"/>
      </object_component>
      <object_component id="oc-13c">
         <name>.debug_info</name>
         <load_address>0x5922</load_address>
         <run_address>0x5922</run_address>
         <size>0x4b2</size>
         <input_file_ref idref="fl-3"/>
      </object_component>
      <object_component id="oc-141">
         <name>.debug_info</name>
         <load_address>0x5dd4</load_address>
         <run_address>0x5dd4</run_address>
         <size>0x2c</size>
         <input_file_ref idref="fl-3"/>
      </object_component>
      <object_component id="oc-147">
         <name>.debug_info</name>
         <load_address>0x5e00</load_address>
         <run_address>0x5e00</run_address>
         <size>0x16b</size>
         <input_file_ref idref="fl-11"/>
      </object_component>
      <object_component id="oc-149">
         <name>.debug_info</name>
         <load_address>0x5f6b</load_address>
         <run_address>0x5f6b</run_address>
         <size>0x16f</size>
         <input_file_ref idref="fl-11"/>
      </object_component>
      <object_component id="oc-14e">
         <name>.debug_info</name>
         <load_address>0x60da</load_address>
         <run_address>0x60da</run_address>
         <size>0x3b</size>
         <input_file_ref idref="fl-11"/>
      </object_component>
      <object_component id="oc-154">
         <name>.debug_info</name>
         <load_address>0x6115</load_address>
         <run_address>0x6115</run_address>
         <size>0x210</size>
         <input_file_ref idref="fl-12"/>
      </object_component>
      <object_component id="oc-156">
         <name>.debug_info</name>
         <load_address>0x6325</load_address>
         <run_address>0x6325</run_address>
         <size>0xce</size>
         <input_file_ref idref="fl-11"/>
      </object_component>
      <object_component id="oc-159">
         <name>.debug_info</name>
         <load_address>0x63f3</load_address>
         <run_address>0x63f3</run_address>
         <size>0x2c5</size>
         <input_file_ref idref="fl-2"/>
      </object_component>
      <object_component id="oc-160">
         <name>.debug_info</name>
         <load_address>0x66b8</load_address>
         <run_address>0x66b8</run_address>
         <size>0x1a2</size>
         <input_file_ref idref="fl-2"/>
      </object_component>
      <object_component id="oc-165">
         <name>.debug_info</name>
         <load_address>0x685a</load_address>
         <run_address>0x685a</run_address>
         <size>0x1d3</size>
         <input_file_ref idref="fl-2"/>
      </object_component>
      <object_component id="oc-16b">
         <name>.debug_info</name>
         <load_address>0x6a2d</load_address>
         <run_address>0x6a2d</run_address>
         <size>0x106</size>
         <input_file_ref idref="fl-11"/>
      </object_component>
      <object_component id="oc-170">
         <name>.debug_info</name>
         <load_address>0x6b33</load_address>
         <run_address>0x6b33</run_address>
         <size>0x103</size>
         <input_file_ref idref="fl-10"/>
      </object_component>
      <object_component id="oc-172">
         <name>.debug_info</name>
         <load_address>0x6c36</load_address>
         <run_address>0x6c36</run_address>
         <size>0x1ba</size>
         <input_file_ref idref="fl-10"/>
      </object_component>
      <object_component id="oc-174">
         <name>.debug_info</name>
         <load_address>0x6df0</load_address>
         <run_address>0x6df0</run_address>
         <size>0x1a2</size>
         <input_file_ref idref="fl-10"/>
      </object_component>
      <object_component id="oc-179">
         <name>.debug_info</name>
         <load_address>0x6f92</load_address>
         <run_address>0x6f92</run_address>
         <size>0x15f</size>
         <input_file_ref idref="fl-11"/>
      </object_component>
      <object_component id="oc-17e">
         <name>.debug_info</name>
         <load_address>0x70f1</load_address>
         <run_address>0x70f1</run_address>
         <size>0x15d</size>
         <input_file_ref idref="fl-10"/>
      </object_component>
      <object_component id="oc-183">
         <name>.debug_info</name>
         <load_address>0x724e</load_address>
         <run_address>0x724e</run_address>
         <size>0x15f</size>
         <input_file_ref idref="fl-11"/>
      </object_component>
      <object_component id="oc-188">
         <name>.debug_info</name>
         <load_address>0x73ad</load_address>
         <run_address>0x73ad</run_address>
         <size>0x15d</size>
         <input_file_ref idref="fl-10"/>
      </object_component>
      <object_component id="oc-18d">
         <name>.debug_info</name>
         <load_address>0x750a</load_address>
         <run_address>0x750a</run_address>
         <size>0x12d</size>
         <input_file_ref idref="fl-12"/>
      </object_component>
      <object_component id="oc-194">
         <name>.debug_info</name>
         <load_address>0x7637</load_address>
         <run_address>0x7637</run_address>
         <size>0x692</size>
         <input_file_ref idref="fl-13"/>
      </object_component>
      <object_component id="oc-19a">
         <name>.debug_info</name>
         <load_address>0x7cc9</load_address>
         <run_address>0x7cc9</run_address>
         <size>0xfc</size>
         <input_file_ref idref="fl-6"/>
      </object_component>
      <object_component id="oc-19c">
         <name>.debug_info</name>
         <load_address>0x7dc5</load_address>
         <run_address>0x7dc5</run_address>
         <size>0x1d7</size>
         <input_file_ref idref="fl-6"/>
      </object_component>
      <object_component id="oc-1a1">
         <name>.debug_info</name>
         <load_address>0x7f9c</load_address>
         <run_address>0x7f9c</run_address>
         <size>0x1b9</size>
         <input_file_ref idref="fl-4"/>
      </object_component>
      <object_component id="oc-1a6">
         <name>.debug_info</name>
         <load_address>0x8155</load_address>
         <run_address>0x8155</run_address>
         <size>0x1ad</size>
         <input_file_ref idref="fl-4"/>
      </object_component>
      <object_component id="oc-1ab">
         <name>.debug_info</name>
         <load_address>0x8302</load_address>
         <run_address>0x8302</run_address>
         <size>0x160</size>
         <input_file_ref idref="fl-38"/>
      </object_component>
      <object_component id="oc-1af">
         <name>.debug_info</name>
         <load_address>0x8462</load_address>
         <run_address>0x8462</run_address>
         <size>0x282</size>
         <input_file_ref idref="fl-e"/>
      </object_component>
      <object_component id="oc-1b4">
         <name>.debug_info</name>
         <load_address>0x86e4</load_address>
         <run_address>0x86e4</run_address>
         <size>0x267</size>
         <input_file_ref idref="fl-e"/>
      </object_component>
      <object_component id="oc-1b9">
         <name>.debug_info</name>
         <load_address>0x894b</load_address>
         <run_address>0x894b</run_address>
         <size>0x2db</size>
         <input_file_ref idref="fl-e"/>
      </object_component>
      <object_component id="oc-1be">
         <name>.debug_info</name>
         <load_address>0x8c26</load_address>
         <run_address>0x8c26</run_address>
         <size>0x248</size>
         <input_file_ref idref="fl-e"/>
      </object_component>
      <object_component id="oc-1c3">
         <name>.debug_info</name>
         <load_address>0x8e6e</load_address>
         <run_address>0x8e6e</run_address>
         <size>0x214</size>
         <input_file_ref idref="fl-e"/>
      </object_component>
      <object_component id="oc-1c8">
         <name>.debug_info</name>
         <load_address>0x9082</load_address>
         <run_address>0x9082</run_address>
         <size>0x692</size>
         <input_file_ref idref="fl-5"/>
      </object_component>
      <object_component id="oc-1cd">
         <name>.debug_info</name>
         <load_address>0x9714</load_address>
         <run_address>0x9714</run_address>
         <size>0x854</size>
         <input_file_ref idref="fl-6"/>
      </object_component>
      <object_component id="oc-1cf">
         <name>.debug_info</name>
         <load_address>0x9f68</load_address>
         <run_address>0x9f68</run_address>
         <size>0xe22</size>
         <input_file_ref idref="fl-3"/>
      </object_component>
      <object_component id="oc-1d4">
         <name>.debug_info</name>
         <load_address>0xad8a</load_address>
         <run_address>0xad8a</run_address>
         <size>0x285</size>
         <input_file_ref idref="fl-8"/>
      </object_component>
      <object_component id="oc-1d9">
         <name>.debug_info</name>
         <load_address>0xb00f</load_address>
         <run_address>0xb00f</run_address>
         <size>0x282</size>
         <input_file_ref idref="fl-3"/>
      </object_component>
      <object_component id="oc-1de">
         <name>.debug_info</name>
         <load_address>0xb291</load_address>
         <run_address>0xb291</run_address>
         <size>0x1b3</size>
         <input_file_ref idref="fl-4"/>
      </object_component>
      <object_component id="oc-1e3">
         <name>.debug_info</name>
         <load_address>0xb444</load_address>
         <run_address>0xb444</run_address>
         <size>0x2a6</size>
         <input_file_ref idref="fl-3"/>
      </object_component>
      <object_component id="oc-1e8">
         <name>.debug_info</name>
         <load_address>0xb6ea</load_address>
         <run_address>0xb6ea</run_address>
         <size>0x277</size>
         <input_file_ref idref="fl-3"/>
      </object_component>
      <object_component id="oc-1ed">
         <name>.debug_info</name>
         <load_address>0xb961</load_address>
         <run_address>0xb961</run_address>
         <size>0x389</size>
         <input_file_ref idref="fl-d"/>
      </object_component>
      <object_component id="oc-1f3">
         <name>.debug_info</name>
         <load_address>0xbcea</load_address>
         <run_address>0xbcea</run_address>
         <size>0x14a</size>
         <input_file_ref idref="fl-10"/>
      </object_component>
      <object_component id="oc-1f8">
         <name>.debug_info</name>
         <load_address>0xbe34</load_address>
         <run_address>0xbe34</run_address>
         <size>0x1a5</size>
         <input_file_ref idref="fl-10"/>
      </object_component>
      <object_component id="oc-1fd">
[...]
         <object_component_ref idref="oc-1e7"/>
      </symbol>
      <symbol id="sm-594">
         <name>mrfiRadioInterfaceWriteTxFifo</name>
         <value>0x9c3e</value>
         <object_component_ref idref="oc-4bd"/>
      </symbol>
      <symbol id="sm-595">
         <name>MRFI_SetRFPwr</name>
         <value>0xa368</value>
         <object_component_ref idref="oc-304"/>
      </symbol>
      <symbol id="sm-596">
         <name>method</name>
         <value>0x1dc8</value>
         <object_component_ref idref="oc-11a"/>
      </symbol>
      <symbol id="sm-597">
         <name>MRFI_Receive</name>
         <value>0xa5aa</value>
         <object_component_ref idref="oc-250"/>
      </symbol>
      <symbol id="sm-5df">
         <name>nwk_getProtocolVersion</name>
         <value>0xa664</value>
         <object_component_ref idref="oc-1a0"/>
      </symbol>
      <symbol id="sm-5e0">
         <name>nwk_getFWVersion</name>
         <value>0xa658</value>
         <object_component_ref idref="oc-1a5"/>
      </symbol>
      <symbol id="sm-5e1">
         <name>nwk_globalsInit</name>
         <value>0xa098</value>
         <object_component_ref idref="oc-321"/>
      </symbol>
      <symbol id="sm-5e2">
         <name>nwk_setAPAddress</name>
         <value>0xa5e2</value>
         <object_component_ref idref="oc-373"/>
      </symbol>
      <symbol id="sm-5e3">
         <name>nwk_setMyAddress</name>
         <value>0xa3fe</value>
         <object_component_ref idref="oc-2bb"/>
      </symbol>
      <symbol id="sm-5e4">
         <name>nwk_getBCastAddress</name>
         <value>0xa652</value>
         <object_component_ref idref="oc-34e"/>
      </symbol>
      <symbol id="sm-5e5">
         <name>nwk_getMyAddress</name>
         <value>0xa566</value>
         <object_component_ref idref="oc-1dd"/>
      </symbol>
      <symbol id="sm-663">
         <name>nwk_buildFrame</name>
         <value>0x8fd2</value>
         <object_component_ref idref="oc-2d6"/>
      </symbol>
      <symbol id="sm-664">
         <name>nwk_sendFrame</name>
         <value>0x9ea0</value>
         <object_component_ref idref="oc-2db"/>
      </symbol>
      <symbol id="sm-665">
         <name>nwk_getMyRxType</name>
         <value>0xa65e</value>
         <object_component_ref idref="oc-39c"/>
      </symbol>
      <symbol id="sm-666">
         <name>nwk_buildAckReqFrame</name>
         <value>0xa200</value>
         <object_component_ref idref="oc-3a8"/>
      </symbol>
      <symbol id="sm-667">
         <name>nwk_frameInit</name>
         <value>0xa328</value>
         <object_component_ref idref="oc-326"/>
      </symbol>
      <symbol id="sm-668">
         <name>nwk_retrieveFrame</name>
         <value>0x8e92</value>
         <object_component_ref idref="oc-2e1"/>
      </symbol>
      <symbol id="sm-669">
         <name>nwk_sendAckReply</name>
         <value>0x8f38</value>
         <object_component_ref idref="oc-4a8"/>
      </symbol>
      <symbol id="sm-66a">
         <name>MRFI_RxCompleteISR</name>
         <value>0xa2a8</value>
         <object_component_ref idref="oc-136"/>
      </symbol>
      <symbol id="sm-6ab">
         <name>SMPL_Init</name>
         <value>0x9ca8</value>
         <object_component_ref idref="oc-ef"/>
      </symbol>
      <symbol id="sm-6ac">
         <name>SMPL_SendOpt</name>
         <value>0x8720</value>
         <object_component_ref idref="oc-211"/>
      </symbol>
      <symbol id="sm-6ad">
         <name>SMPL_Ioctl</name>
         <value>0x8de6</value>
         <object_component_ref idref="oc-ea"/>
      </symbol>
      <symbol id="sm-743">
         <name>nwk_QadjustOrder</name>
         <value>0x9cdc</value>
         <object_component_ref idref="oc-3c3"/>
      </symbol>
      <symbol id="sm-744">
         <name>nwk_QfindSlot</name>
         <value>0x92a2</value>
         <object_component_ref idref="oc-24b"/>
      </symbol>
      <symbol id="sm-745">
         <name>nwk_QInit</name>
         <value>0xa386</value>
         <object_component_ref idref="oc-32b"/>
      </symbol>
      <symbol id="sm-746">
         <name>nwk_QfindOldest</name>
         <value>0x85fa</value>
         <object_component_ref idref="oc-41b"/>
      </symbol>
      <symbol id="sm-80c">
         <name>nwk_getNextConnection</name>
         <value>0x9778</value>
         <object_component_ref idref="oc-390"/>
      </symbol>
      <symbol id="sm-80d">
         <name>nwk_freeConnection</name>
         <value>0xa64c</value>
         <object_component_ref idref="oc-2af"/>
      </symbol>
      <symbol id="sm-80e">
         <name>nwk_checkConnInfo</name>
         <value>0x9fae</value>
         <object_component_ref idref="oc-3a3"/>
      </symbol>
      <symbol id="sm-80f">
         <name>nwk_isLinkDuplicate</name>
         <value>0x9936</value>
         <object_component_ref idref="oc-511"/>
      </symbol>
      <symbol id="sm-810">
         <name>nwk_isConnectionValid</name>
         <value>0x90fa</value>
         <object_component_ref idref="oc-3d3"/>
      </symbol>
      <symbol id="sm-811">
         <name>nwk_isValidReply</name>
         <value>0x9b26</value>
         <object_component_ref idref="oc-4dc"/>
      </symbol>
      <symbol id="sm-812">
         <name>nwk_putNumObjectIntoMsg</name>
         <value>0x9a72</value>
         <object_component_ref idref="oc-364"/>
      </symbol>
      <symbol id="sm-813">
         <name>nwk_allocateLocalRxPort</name>
         <value>0x8a0e</value>
         <object_component_ref idref="oc-395"/>
      </symbol>
      <symbol id="sm-814">
         <name>nwk_nwkInit</name>
         <value>0x921c</value>
         <object_component_ref idref="oc-1d3"/>
      </symbol>
      <symbol id="sm-815">
         <name>nwk_getConnInfo</name>
         <value>0x9ddc</value>
         <object_component_ref idref="oc-2aa"/>
      </symbol>
      <symbol id="sm-816">
         <name>nwk_getNumObjectFromMsg</name>
         <value>0xa5d4</value>
         <object_component_ref idref="oc-50c"/>
      </symbol>
      <symbol id="sm-836">
         <name>nwk_securityInit</name>
         <value>0xa67c</value>
         <object_component_ref idref="oc-349"/>
      </symbol>
      <symbol id="sm-837">
         <name>nwk_processSecurity</name>
         <value>0xa672</value>
         <object_component_ref idref="oc-497"/>
      </symbol>
      <symbol id="sm-85f">
         <name>nwk_processPing</name>
         <value>0x9fd8</value>
         <object_component_ref idref="oc-488"/>
      </symbol>
      <symbol id="sm-860">
         <name>nwk_pingInit</name>
         <value>0xa63c</value>
         <object_component_ref idref="oc-335"/>
      </symbol>
      <symbol id="sm-87a">
         <name>nwk_mgmtInit</name>
         <value>0xa632</value>
         <object_component_ref idref="oc-33f"/>
      </symbol>
      <symbol id="sm-87b">
         <name>nwk_processMgmt</name>
         <value>0x9b60</value>
         <object_component_ref idref="oc-4a1"/>
      </symbol>
      <symbol id="sm-8d5">
         <name>nwk_linkInit</name>
         <value>0x9e0e</value>
         <object_component_ref idref="oc-344"/>
      </symbol>
      <symbol id="sm-8d6">
         <name>nwk_setLinkToken</name>
         <value>0xa578</value>
         <object_component_ref idref="oc-36e"/>
      </symbol>
      <symbol id="sm-8d7">
         <name>nwk_link</name>
         <value>0x8378</value>
         <object_component_ref idref="oc-20c"/>
      </symbol>
      <symbol id="sm-8d8">
         <name>nwk_processLink</name>
         <value>0xa0e4</value>
         <object_component_ref idref="oc-48d"/>
      </symbol>
      <symbol id="sm-902">
         <name>nwk_processJoin</name>
         <value>0xa348</value>
         <object_component_ref idref="oc-492"/>
      </symbol>
      <symbol id="sm-903">
         <name>nwk_joinInit</name>
         <value>0xa0be</value>
         <object_component_ref idref="oc-33a"/>
      </symbol>
      <symbol id="sm-904">
         <name>nwk_join</name>
         <value>0x8916</value>
         <object_component_ref idref="oc-1ec"/>
      </symbol>
      <symbol id="sm-938">
         <name>nwk_radioControl</name>
         <value>0x931e</value>
         <object_component_ref idref="oc-1b8"/>
      </symbol>
      <symbol id="sm-939">
         <name>nwk_rawSend</name>
         <value>0x96d4</value>
         <object_component_ref idref="oc-1bd"/>
      </symbol>
      <symbol id="sm-93a">
         <name>nwk_rawReceive</name>
         <value>0x9e70</value>
         <object_component_ref idref="oc-1c2"/>
      </symbol>
      <symbol id="sm-93b">
         <name>nwk_connectionControl</name>
         <value>0xa072</value>
         <object_component_ref idref="oc-1ae"/>
      </symbol>
      <symbol id="sm-93c">
         <name>nwk_deviceAddress</name>
         <value>0x9daa</value>
         <object_component_ref idref="oc-1b3"/>
      </symbol>
      <symbol id="sm-94d">
         <name>nwk_freqInit</name>
         <value>0xa67a</value>
         <object_component_ref idref="oc-330"/>
      </symbol>
      <symbol id="sm-94e">
         <name>nwk_processFreq</name>
         <value>0xa66e</value>
         <object_component_ref idref="oc-49c"/>
      </symbol>
      <symbol id="sm-9e8">
         <name>tx_peek</name>
         <value>0xa468</value>
         <object_component_ref idref="oc-1f2"/>
      </symbol>
      <symbol id="sm-9e9">
         <name>tx_send_wait</name>
         <value>0x9aea</value>
         <object_component_ref idref="oc-f5"/>
      </symbol>
      <symbol id="sm-9ea">
         <name>tx_send</name>
         <value>0x9aae</value>
         <object_component_ref idref="oc-1f7"/>
      </symbol>
      <symbol id="sm-9eb">
         <name>tx_handler</name>
         <value>0x9d44</value>
         <object_component_ref idref="oc-17d"/>
      </symbol>
      <symbol id="sm-9ec">
         <name>rx_handler</name>
         <value>0x9584</value>
         <object_component_ref idref="oc-173"/>
      </symbol>
      <symbol id="sm-9ed">
         <name>uart_intfc_init</name>
         <value>0x9818</value>
         <object_component_ref idref="oc-e3"/>
      </symbol>
      <symbol id="sm-9ee">
         <name>rf_handler</name>
         <value>0x9d10</value>
         <object_component_ref idref="oc-187"/>
      </symbol>
      <symbol id="sm-a49">
         <name>uart_rx_handler</name>
         <value>0x1df4</value>
         <object_component_ref idref="oc-146"/>
      </symbol>
      <symbol id="sm-a4a">
         <name>uart_tx_handler</name>
         <value>0x1df0</value>
         <object_component_ref idref="oc-146"/>
      </symbol>
      <symbol id="sm-a4b">
         <name>USCI_A0_ISR</name>
         <value>0xa4c2</value>
         <object_component_ref idref="oc-7a"/>
      </symbol>
      <symbol id="sm-a4c">
         <name>uart_rx_message_suspend</name>
         <value>0xa676</value>
         <object_component_ref idref="oc-290"/>
      </symbol>
      <symbol id="sm-a4d">
         <name>uart_rx_bufer_pointer</name>
         <value>0x1dfa</value>
         <object_component_ref idref="oc-146"/>
      </symbol>
      <symbol id="sm-a4e">
         <name>uart_tx_message</name>
         <value>0xa10a</value>
         <object_component_ref idref="oc-182"/>
      </symbol>
      <symbol id="sm-a4f">
         <name>uart_rx_message</name>
         <value>0xa244</value>
         <object_component_ref idref="oc-178"/>
      </symbol>
      <symbol id="sm-a50">
         <name>uart_tx_message_resume</name>
         <value>0xa266</value>
         <object_component_ref idref="oc-37f"/>
      </symbol>
      <symbol id="sm-a51">
         <name>uart_init</name>
         <value>0x918c</value>
         <object_component_ref idref="oc-16a"/>
      </symbol>
      <symbol id="sm-a52">
         <name>uart_tx_message_suspend</name>
         <value>0xa3e0</value>
         <object_component_ref idref="oc-148"/>
      </symbol>
      <symbol id="sm-a53">
         <name>uart_rx_bufer</name>
         <value>0x1d34</value>
         <object_component_ref idref="oc-155"/>
      </symbol>
      <symbol id="sm-a54">
         <name>uart_tx_suspend</name>
         <value>0x1df8</value>
         <object_component_ref idref="oc-146"/>
      </symbol>
      <symbol id="sm-a78">
         <name>rf_tx_message</name>
         <value>0xa41a</value>
         <object_component_ref idref="oc-18c"/>
      </symbol>
      <symbol id="sm-a79">
         <name>rf_tx_message_suspend</name>
         <value>0xa3a4</value>
         <object_component_ref idref="oc-203"/>
      </symbol>
      <symbol id="sm-a7a">
         <name>radio_processing</name>
         <value>0x95dc</value>
         <object_component_ref idref="oc-fa"/>
      </symbol>
      <symbol id="sm-a7b">
         <name>sLinkID1</name>
         <value>0x1d00</value>
         <object_component_ref idref="oc-208"/>
      </symbol>
      <symbol id="sm-a7c">
         <name>sLinkID2</name>
         <value>0x1d01</value>
         <object_component_ref idref="oc-208"/>
      </symbol>
      <symbol id="sm-a7d">
         <name>PAUSE_COUNTER</name>
         <value>0x1dd8</value>
         <object_component_ref idref="oc-153"/>
      </symbol>
      <symbol id="sm-a7e">
         <name>RADIO_INT_ENABLE</name>
         <value>0x1dce</value>
         <object_component_ref idref="oc-153"/>
      </symbol>
      <symbol id="sm-a7f">
         <name>RF_ACK_FLAG</name>
         <value>0x1dd0</value>
         <object_component_ref idref="oc-153"/>
      </symbol>
      <symbol id="sm-a80">
         <name>msg</name>
         <value>0x1cfe</value>
         <object_component_ref idref="oc-208"/>
      </symbol>
      <symbol id="sm-a81">
         <name>RF_IRQ_ENABLED</name>
         <value>0x1dca</value>
         <object_component_ref idref="oc-153"/>
      </symbol>
      <symbol id="sm-a82">
         <name>rf_rx_bufer</name>
         <value>0x1d02</value>
         <object_component_ref idref="oc-208"/>
      </symbol>
      <symbol id="sm-a83">
         <name>rf_tx_handler</name>
         <value>0x1dd2</value>
         <object_component_ref idref="oc-153"/>
      </symbol>
      <symbol id="sm-a84">
         <name>RF_MESSAGE_SENT</name>
         <value>0x1dcc</value>
         <object_component_ref idref="oc-153"/>
      </symbol>
      <symbol id="sm-a85">
         <name>rf_rx_bufer_pointer</name>
         <value>0x1ddc</value>
         <object_component_ref idref="oc-153"/>
      </symbol>
      <symbol id="sm-a86">
         <name>rf_tx_suspend</name>
         <value>0x1dd6</value>
         <object_component_ref idref="oc-153"/>
      </symbol>
      <symbol id="sm-af8">
         <name>main</name>
         <value>0x8c86</value>
         <object_component_ref idref="oc-8b"/>
      </symbol>
      <symbol id="sm-af9">
         <name>toggleLED</name>
         <value>0xa504</value>
         <object_component_ref idref="oc-ff"/>
      </symbol>
      <symbol id="sm-afa">
         <name>MSG_ID</name>
         <value>0x1e1e</value>
         <object_component_ref idref="oc-e8"/>
      </symbol>
      <symbol id="sm-b03">
         <name>__mspabi_sral</name>
         <value>0xa59a</value>
         <object_component_ref idref="oc-30e"/>
      </symbol>
      <symbol id="sm-b15">
         <name>_c_int00_noexit</name>
         <value>0xa436</value>
         <object_component_ref idref="oc-63"/>
      </symbol>
      <symbol id="sm-b16">
         <name>_c_int00</name>
         <value>0xa436</value>
         <object_component_ref idref="oc-63"/>
      </symbol>
      <symbol id="sm-b17">
         <name>_stack</name>
         <value>0x2bac</value>
         <object_component_ref idref="oc-80"/>
      </symbol>
      <symbol id="sm-b18">
         <name>_reset_vector</name>
         <value>0xfffe</value>
         <object_component_ref idref="oc-64"/>
      </symbol>
      <symbol id="sm-b29">
         <name>__TI_decompress_none</name>
         <value>0x9a36</value>
         <object_component_ref idref="oc-68"/>
      </symbol>
      <symbol id="sm-b4d">
         <name>__TI_decompress_rle24</name>
         <value>0xa5c6</value>
         <object_component_ref idref="oc-70"/>
      </symbol>
      <symbol id="sm-b5b">
         <name>__TI_zero_init</name>
         <value>0x9b9a</value>
         <object_component_ref idref="oc-6c"/>
      </symbol>
      <symbol id="sm-b65">
         <name>__memcpy_far</name>
         <value>0x99b8</value>
         <object_component_ref idref="oc-95"/>
      </symbol>
      <symbol id="sm-b70">
         <name>__mspabi_remi</name>
         <value>0x9f82</value>
         <object_component_ref idref="oc-246"/>
      </symbol>
      <symbol id="sm-b71">
         <name>__mspabi_divi</name>
         <value>0x9f82</value>
         <object_component_ref idref="oc-246"/>
      </symbol>
      <symbol id="sm-b7a">
         <name>__mspabi_remu</name>
         <value>0xa4d8</value>
         <object_component_ref idref="oc-3bc"/>
      </symbol>
      <symbol id="sm-b7b">
         <name>__mspabi_divu</name>
         <value>0xa4d8</value>
         <object_component_ref idref="oc-3bc"/>
      </symbol>
      <symbol id="sm-b88">
         <name>__mspabi_remul</name>
         <value>0x952c</value>
         <object_component_ref idref="oc-316"/>
      </symbol>
      <symbol id="sm-b89">
         <name>__mspabi_divul</name>
         <value>0x952c</value>
         <object_component_ref idref="oc-316"/>
      </symbol>
      <symbol id="sm-b91">
         <name>C$$EXIT</name>
         <value>0xa66a</value>
         <object_component_ref idref="oc-90"/>
      </symbol>
      <symbol id="sm-b92">
         <name>abort</name>
         <value>0xa66a</value>
         <object_component_ref idref="oc-90"/>
      </symbol>
      <symbol id="sm-b9f">
         <name>memcmp</name>
         <value>0xa1de</value>
         <object_component_ref idref="oc-3cd"/>
      </symbol>
      <symbol id="sm-bb0">
         <name>memcpy</name>
         <value>0xa554</value>
         <object_component_ref idref="oc-1aa"/>
      </symbol>
      <symbol id="sm-bbd">
         <name>memmove</name>
         <value>0xa308</value>
         <object_component_ref idref="oc-453"/>
      </symbol>
      <symbol id="sm-bc9">
         <name>memset</name>
         <value>0xa52e</value>
         <object_component_ref idref="oc-128"/>
      </symbol>
      <symbol id="sm-bd0">
         <name>__mspabi_mpyi_f5hw</name>
         <value>0xa4ee</value>
         <object_component_ref idref="oc-31a"/>
      </symbol>
      <symbol id="sm-bd7">
         <name>__mspabi_mpyl_f5hw</name>
         <value>0xa222</value>
         <object_component_ref idref="oc-312"/>
      </symbol>
      <symbol id="sm-be5">
         <name>_auto_init</name>
         <value>0x9394</value>
         <object_component_ref idref="oc-87"/>
      </symbol>
      <symbol id="sm-be6">
         <name>__TI_exit</name>
         <value>0x1</value>
      </symbol>
      <symbol id="sm-be7">
         <name>__TI_args_main</name>
         <value>0x1</value>
      </symbol>
      <symbol id="sm-be8">
         <name>__TI_INITARRAY_Base</name>
         <value>0x0</value>
      </symbol>
      <symbol id="sm-be9">
         <name>__TI_INITARRAY_Limit</name>
         <value>0x0</value>
      </symbol>
      <symbol id="sm-bec">
         <name>SMPL_Link</name>
         <value>0x8378</value>
      </symbol>
   </symbol_table>
</link_info>
